Archive member included to satisfy reference by file (symbol)

/usr/lib/gcc/avr/7.3.0/avr6/libgcc.a(_udivmodhi4.o)
                              /home/yang0902/RIOT/examples/Task_1/bin/avr-rss2/shell/shell.o (__udivmodhi4)
/usr/lib/gcc/avr/7.3.0/avr6/libgcc.a(_udivmodsi4.o)
                              /home/yang0902/RIOT/examples/Task_1/bin/avr-rss2/atmega_common_periph/uart.o (__udivmodsi4)
/usr/lib/gcc/avr/7.3.0/avr6/libgcc.a(_exit.o)
                              /usr/lib/gcc/avr/7.3.0/../../../avr/lib/avr6/crtatmega256rfr2.o (exit)
/usr/lib/gcc/avr/7.3.0/avr6/libgcc.a(_copy_data.o)
                              /home/yang0902/RIOT/examples/Task_1/bin/avr-rss2/application_hello-world/main.o (__do_copy_data)
/usr/lib/gcc/avr/7.3.0/avr6/libgcc.a(_clear_bss.o)
                              /home/yang0902/RIOT/examples/Task_1/bin/avr-rss2/atmega_common_periph/timer.o (__do_clear_bss)
/usr/lib/gcc/avr/7.3.0/avr6/libgcc.a(_umulhisi3.o)
                              /home/yang0902/RIOT/examples/Task_1/bin/avr-rss2/malloc_thread_safe/malloc_wrappers.o (__umulhisi3)
/usr/lib/gcc/avr/7.3.0/avr6/libgcc.a(_muldi3.o)
                              /home/yang0902/RIOT/examples/Task_1/bin/avr-rss2/div/div.o (__muldi3)
/usr/lib/gcc/avr/7.3.0/avr6/libgcc.a(_muldi3_6.o)
                              /usr/lib/gcc/avr/7.3.0/avr6/libgcc.a(_muldi3.o) (__muldi3_6)
/usr/lib/gcc/avr/7.3.0/avr6/libgcc.a(_umulsidi3.o)
                              /home/yang0902/RIOT/examples/Task_1/bin/avr-rss2/ztimer_core/convert_frac.o (__umulsidi3)
/usr/lib/gcc/avr/7.3.0/avr6/libgcc.a(_ashldi3.o)
                              /home/yang0902/RIOT/examples/Task_1/bin/avr-rss2/frac/frac.o (__ashldi3)
/usr/lib/gcc/avr/7.3.0/avr6/libgcc.a(_ashrdi3.o)
                              /home/yang0902/RIOT/examples/Task_1/bin/avr-rss2/div/div.o (__lshrdi3)
/usr/lib/gcc/avr/7.3.0/avr6/libgcc.a(_adddi3.o)
                              /home/yang0902/RIOT/examples/Task_1/bin/avr-rss2/core_lib/atomic_c11.o (__adddi3)
/usr/lib/gcc/avr/7.3.0/avr6/libgcc.a(_subdi3.o)
                              /home/yang0902/RIOT/examples/Task_1/bin/avr-rss2/core_lib/atomic_c11.o (__subdi3)
/usr/lib/gcc/avr/7.3.0/avr6/libgcc.a(_cmpdi2.o)
                              /home/yang0902/RIOT/examples/Task_1/bin/avr-rss2/core_lib/atomic_c11.o (__cmpdi2)
/usr/lib/gcc/avr/7.3.0/avr6/libgcc.a(_cmpdi2_s8.o)
                              /home/yang0902/RIOT/examples/Task_1/bin/avr-rss2/frac/frac.o (__cmpdi2_s8)
/usr/lib/gcc/avr/7.3.0/../../../avr/lib/avr6/libc.a(errno.o)
                              /home/yang0902/RIOT/examples/Task_1/bin/avr-rss2/avr_libc_extra/posix_unistd.o (errno)
/usr/lib/gcc/avr/7.3.0/../../../avr/lib/avr6/libc.a(malloc.o)
                              /home/yang0902/RIOT/examples/Task_1/bin/avr-rss2/malloc_thread_safe/malloc_wrappers.o (malloc)
/usr/lib/gcc/avr/7.3.0/../../../avr/lib/avr6/libc.a(realloc.o)
                              /home/yang0902/RIOT/examples/Task_1/bin/avr-rss2/malloc_thread_safe/malloc_wrappers.o (realloc)
/usr/lib/gcc/avr/7.3.0/../../../avr/lib/avr6/libc.a(strcmp_P.o)
                              /home/yang0902/RIOT/examples/Task_1/bin/avr-rss2/shell/shell.o (strcmp_P)
/usr/lib/gcc/avr/7.3.0/../../../avr/lib/avr6/libc.a(strncpy_P.o)
                              /home/yang0902/RIOT/examples/Task_1/bin/avr-rss2/tiny_strerror/tiny_strerror.o (strncpy_P)
/usr/lib/gcc/avr/7.3.0/../../../avr/lib/avr6/libc.a(memcmp.o)
                              /home/yang0902/RIOT/examples/Task_1/bin/avr-rss2/core_lib/atomic_c11.o (memcmp)
/usr/lib/gcc/avr/7.3.0/../../../avr/lib/avr6/libc.a(memcpy.o)
                              /home/yang0902/RIOT/examples/Task_1/bin/avr-rss2/core/msg.o (memcpy)
/usr/lib/gcc/avr/7.3.0/../../../avr/lib/avr6/libc.a(memset.o)
                              /home/yang0902/RIOT/examples/Task_1/bin/avr-rss2/malloc_thread_safe/malloc_wrappers.o (memset)
/usr/lib/gcc/avr/7.3.0/../../../avr/lib/avr6/libc.a(strcmp.o)
                              /home/yang0902/RIOT/examples/Task_1/bin/avr-rss2/shell/shell.o (strcmp)
/usr/lib/gcc/avr/7.3.0/../../../avr/lib/avr6/libc.a(strlen.o)
                              /home/yang0902/RIOT/examples/Task_1/bin/avr-rss2/shell/shell.o (strlen)
/usr/lib/gcc/avr/7.3.0/../../../avr/lib/avr6/libc.a(fgetc.o)
                              /home/yang0902/RIOT/examples/Task_1/bin/avr-rss2/shell/shell.o (fgetc)
/usr/lib/gcc/avr/7.3.0/../../../avr/lib/avr6/libc.a(fprintf_p.o)
                              /home/yang0902/RIOT/examples/Task_1/bin/avr-rss2/avr8_common/work_around_for_shitty_ubuntu_toolchain.o (fprintf_P)
/usr/lib/gcc/avr/7.3.0/../../../avr/lib/avr6/libc.a(fputc.o)
                              /home/yang0902/RIOT/examples/Task_1/bin/avr-rss2/shell/shell.o (fputc)
/usr/lib/gcc/avr/7.3.0/../../../avr/lib/avr6/libc.a(iob.o)
                              /home/yang0902/RIOT/examples/Task_1/bin/avr-rss2/avr8_common/work_around_for_shitty_ubuntu_toolchain.o (__iob)
[...]
Memory Configuration

Name             Origin             Length             Attributes
text             0x0000000000000000 0x000000000003f000 xr
data             0x0000000000800200 0x0000000000008000 rw !x
eeprom           0x0000000000810000 0x0000000000002000 rw !x
fuse             0x0000000000820000 0x0000000000000003 rw !x
lock             0x0000000000830000 0x0000000000000400 rw !x
signature        0x0000000000840000 0x0000000000000400 rw !x
user_signatures  0x0000000000850000 0x0000000000000400 rw !x
*default*        0x0000000000000000 0xffffffffffffffff

Linker script and memory map

Address of section .data set to 0x800200
LOAD /usr/lib/gcc/avr/7.3.0/../../../avr/lib/avr6/crtatmega256rfr2.o
LOAD /home/yang0902/RIOT/examples/Task_1/bin/avr-rss2/application_hello-world/main.o
LOAD /home/yang0902/RIOT/examples/Task_1/bin/avr-rss2/atmega_common/atmega_cpu.o
LOAD /home/yang0902/RIOT/examples/Task_1/bin/avr-rss2/atmega_common_periph/gpio.o
LOAD /home/yang0902/RIOT/examples/Task_1/bin/avr-rss2/atmega_common_periph/pm.o
LOAD /home/yang0902/RIOT/examples/Task_1/bin/avr-rss2/atmega_common_periph/timer.o
LOAD /home/yang0902/RIOT/examples/Task_1/bin/avr-rss2/atmega_common_periph/uart.o
LOAD /home/yang0902/RIOT/examples/Task_1/bin/avr-rss2/auto_init/auto_init.o
LOAD /home/yang0902/RIOT/examples/Task_1/bin/avr-rss2/avr8_common/avr8_cpu.o
LOAD /home/yang0902/RIOT/examples/Task_1/bin/avr-rss2/avr8_common/startup.o
LOAD /home/yang0902/RIOT/examples/Task_1/bin/avr-rss2/avr8_common/thread_arch.o
LOAD /home/yang0902/RIOT/examples/Task_1/bin/avr-rss2/avr8_common/work_around_for_shitty_ubuntu_toolchain.o
LOAD /home/yang0902/RIOT/examples/Task_1/bin/avr-rss2/avr8_common_periph/pm.o
LOAD /home/yang0902/RIOT/examples/Task_1/bin/avr-rss2/avr_libc_extra/avr8_stdio.o
LOAD /home/yang0902/RIOT/examples/Task_1/bin/avr-rss2/avr_libc_extra/posix_unistd.o
LOAD /home/yang0902/RIOT/examples/Task_1/bin/avr-rss2/board/led_init.o
LOAD /home/yang0902/RIOT/examples/Task_1/bin/avr-rss2/board_common_init/board_common.o
LOAD /home/yang0902/RIOT/examples/Task_1/bin/avr-rss2/core/cond.o
LOAD /home/yang0902/RIOT/examples/Task_1/bin/avr-rss2/core/msg.o
LOAD /home/yang0902/RIOT/examples/Task_1/bin/avr-rss2/core/mutex.o
LOAD /home/yang0902/RIOT/examples/Task_1/bin/avr-rss2/core/sched.o
LOAD /home/yang0902/RIOT/examples/Task_1/bin/avr-rss2/core/thread.o
LOAD /home/yang0902/RIOT/examples/Task_1/bin/avr-rss2/core_lib/assert.o
LOAD /home/yang0902/RIOT/examples/Task_1/bin/avr-rss2/core_lib/atomic_c11.o
LOAD /home/yang0902/RIOT/examples/Task_1/bin/avr-rss2/core_lib/atomic_sync.o
LOAD /home/yang0902/RIOT/examples/Task_1/bin/avr-rss2/core_lib/bitarithm.o
LOAD /home/yang0902/RIOT/examples/Task_1/bin/avr-rss2/core_lib/clist.o
LOAD /home/yang0902/RIOT/examples/Task_1/bin/avr-rss2/core_lib/init.o
LOAD /home/yang0902/RIOT/examples/Task_1/bin/avr-rss2/core_lib/panic.o
LOAD /home/yang0902/RIOT/examples/Task_1/bin/avr-rss2/core_lib/priority_queue.o
LOAD /home/yang0902/RIOT/examples/Task_1/bin/avr-rss2/core_lib/ringbuffer.o
LOAD /home/yang0902/RIOT/examples/Task_1/bin/avr-rss2/core_lib/rmutex.o
LOAD /home/yang0902/RIOT/examples/Task_1/bin/avr-rss2/div/div.o
LOAD /home/yang0902/RIOT/examples/Task_1/bin/avr-rss2/frac/frac.o
LOAD /home/yang0902/RIOT/examples/Task_1/bin/avr-rss2/isrpipe/isrpipe.o
LOAD /home/yang0902/RIOT/examples/Task_1/bin/avr-rss2/libc/string.o
LOAD /home/yang0902/RIOT/examples/Task_1/bin/avr-rss2/malloc_thread_safe/malloc_wrappers.o
LOAD /home/yang0902/RIOT/examples/Task_1/bin/avr-rss2/periph_common/gpio.o
LOAD /home/yang0902/RIOT/examples/Task_1/bin/avr-rss2/periph_common/init.o
LOAD /home/yang0902/RIOT/examples/Task_1/bin/avr-rss2/periph_common/init_leds.o
LOAD /home/yang0902/RIOT/examples/Task_1/bin/avr-rss2/periph_common/pm.o
LOAD /home/yang0902/RIOT/examples/Task_1/bin/avr-rss2/periph_common/timer.o
LOAD /home/yang0902/RIOT/examples/Task_1/bin/avr-rss2/pm_layered/pm.o
LOAD /home/yang0902/RIOT/examples/Task_1/bin/avr-rss2/shell/shell.o
LOAD /home/yang0902/RIOT/examples/Task_1/bin/avr-rss2/stdio/stdio.o
LOAD /home/yang0902/RIOT/examples/Task_1/bin/avr-rss2/stdio_uart/stdio_uart.o
LOAD /home/yang0902/RIOT/examples/Task_1/bin/avr-rss2/tiny_strerror/tiny_strerror.o
LOAD /home/yang0902/RIOT/examples/Task_1/bin/avr-rss2/tsrb/tsrb.o
LOAD /home/yang0902/RIOT/examples/Task_1/bin/avr-rss2/ztimer_core/convert.o
LOAD /home/yang0902/RIOT/examples/Task_1/bin/avr-rss2/ztimer_core/convert_frac.o
LOAD /home/yang0902/RIOT/examples/Task_1/bin/avr-rss2/ztimer_core/convert_shift.o
LOAD /home/yang0902/RIOT/examples/Task_1/bin/avr-rss2/ztimer_core/core.o
LOAD /home/yang0902/RIOT/examples/Task_1/bin/avr-rss2/ztimer_core/init.o
LOAD /home/yang0902/RIOT/examples/Task_1/bin/avr-rss2/ztimer_core/periodic.o
LOAD /home/yang0902/RIOT/examples/Task_1/bin/avr-rss2/ztimer_core/periph_timer.o
LOAD /home/yang0902/RIOT/examples/Task_1/bin/avr-rss2/ztimer_core/util.o
LOAD /usr/lib/gcc/avr/7.3.0/../../../avr/lib/avr6/libm.a
                0x0000000000002740                flash_printf = printf_P
                0x0000000000000000                flash_fprintf = fprintf_P
                0x0000000000000000                flash_snprintf = snprintf_P
LOAD /usr/lib/gcc/avr/7.3.0/avr6/libgcc.a
                0x000000000003f000                __TEXT_REGION_LENGTH__ = 0x3f000
                0x0000000000008000                __DATA_REGION_LENGTH__ = 0x8000
                0x0000000000040000                _slot_aux_offset = 0x40000
                0x0000000000000000                _slot_aux_len = 0x0
START GROUP
LOAD /usr/lib/gcc/avr/7.3.0/avr6/libgcc.a
LOAD /usr/lib/gcc/avr/7.3.0/../../../avr/lib/avr6/libm.a
LOAD /usr/lib/gcc/avr/7.3.0/../../../avr/lib/avr6/libc.a
LOAD /usr/lib/gcc/avr/7.3.0/../../../avr/lib/avr6/libatmega256rfr2.a
END GROUP
                [0x000000000003f000]                __TEXT_REGION_LENGTH__ = DEFINED (__TEXT_REGION_LENGTH__)?__TEXT_REGION_LENGTH__:0x100000
                [0x0000000000008000]                __DATA_REGION_LENGTH__ = DEFINED (__DATA_REGION_LENGTH__)?__DATA_REGION_LENGTH__:0xfe00
                [0x0000000000002000]                __EEPROM_REGION_LENGTH__ = DEFINED (__EEPROM_REGION_LENGTH__)?__EEPROM_REGION_LENGTH__:0x10000
                [0x0000000000000003]                __FUSE_REGION_LENGTH__ = DEFINED (__FUSE_REGION_LENGTH__)?__FUSE_REGION_LENGTH__:0x400
                0x0000000000000400                __LOCK_REGION_LENGTH__ = DEFINED (__LOCK_REGION_LENGTH__)?__LOCK_REGION_LENGTH__:0x400
                0x0000000000000400                __SIGNATURE_REGION_LENGTH__ = DEFINED (__SIGNATURE_REGION_LENGTH__)?__SIGNATURE_REGION_LENGTH__:0x400
                0x0000000000000400                __USER_SIGNATURE_REGION_LENGTH__ = DEFINED (__USER_SIGNATURE_REGION_LENGTH__)?__USER_SIGNATURE_REGION_LENGTH__:0x400

.hash
 *(.hash)

.dynsym
 *(.dynsym)

.dynstr
 *(.dynstr)

.gnu.version
 *(.gnu.version)

.gnu.version_d
 *(.gnu.version_d)

.gnu.version_r
 *(.gnu.version_r)

.rel.init
 *(.rel.init)

.rela.init
 *(.rela.init)

.rel.text
 *(.rel.text)
 *(.rel.text.*)
 *(.rel.gnu.linkonce.t*)

.rela.text
 *(.rela.text)
 *(.rela.text.*)
 *(.rela.gnu.linkonce.t*)

.rel.fini
 *(.rel.fini)

.rela.fini
 *(.rela.fini)

.rel.rodata
 *(.rel.rodata)
 *(.rel.rodata.*)
 *(.rel.gnu.linkonce.r*)

.rela.rodata
 *(.rela.rodata)
 *(.rela.rodata.*)
 *(.rela.gnu.linkonce.r*)

.rel.data
 *(.rel.data)
 *(.rel.data.*)
 *(.rel.gnu.linkonce.d*)

.rela.data
 *(.rela.data)
 *(.rela.data.*)
 *(.rela.gnu.linkonce.d*)

.rel.ctors
 *(.rel.ctors)

.rela.ctors
 *(.rela.ctors)

.rel.dtors
 *(.rel.dtors)

.rela.dtors
 *(.rela.dtors)

.rel.got
 *(.rel.got)

.rela.got
 *(.rela.got)

.rel.bss
 *(.rel.bss)

.rela.bss
 *(.rela.bss)

.rel.plt
 *(.rel.plt)

.rela.plt
 *(.rela.plt)

.text           0x0000000000000000     0x2cd4
 *(.vectors)
 .vectors       0x0000000000000000      0x134 /usr/lib/gcc/avr/7.3.0/../../../avr/lib/avr6/crtatmega256rfr2.o
                0x0000000000000000                __vectors
 *(.vectors)
 *(.progmem.gcc*)
                0x0000000000000134                . = ALIGN (0x2)
                0x0000000000000134                __trampolines_start = .
 *(.trampolines)
 .trampolines   0x0000000000000134       0x3c linker stubs
 *(.trampolines*)
                0x0000000000000170                __trampolines_end = .
 *libprintf_flt.a:*(.progmem.data)
 *libc.a:*(.progmem.data)
 *(.progmem.*)
 .progmem.data.__c.2263
                0x0000000000000170       0x18 /home/yang0902/RIOT/examples/Task_1/bin/avr-rss2/atmega_common/atmega_cpu.o
 .progmem.data.__c.2261
                0x0000000000000188       0x1b /home/yang0902/RIOT/examples/Task_1/bin/avr-rss2/atmega_common/atmega_cpu.o
 .progmem.data.__c.2259
                0x00000000000001a3       0x13 /home/yang0902/RIOT/examples/Task_1/bin/avr-rss2/atmega_common/atmega_cpu.o
 .progmem.data.__c.2257
                0x00000000000001b6       0x12 /home/yang0902/RIOT/examples/Task_1/bin/avr-rss2/atmega_common/atmega_cpu.o
 .progmem.data.prescalers
                0x00000000000001c8        0x5 /home/yang0902/RIOT/examples/Task_1/bin/avr-rss2/atmega_common_periph/timer.o
 .progmem.data.__c.2122
                0x00000000000001cd       0x2e /home/yang0902/RIOT/examples/Task_1/bin/avr-rss2/core/sched.o
 .progmem.data.__c.2068
                0x00000000000001fb        0xa /home/yang0902/RIOT/examples/Task_1/bin/avr-rss2/core_lib/assert.o
 .progmem.data.__c.2545
                0x0000000000000205       0x3b /home/yang0902/RIOT/examples/Task_1/bin/avr-rss2/core_lib/init.o
 .progmem.data.__c.2172
                0x0000000000000240        0xe /home/yang0902/RIOT/examples/Task_1/bin/avr-rss2/core_lib/panic.o
 .progmem.data.__c.2170
                0x000000000000024e       0x1c /home/yang0902/RIOT/examples/Task_1/bin/avr-rss2/core_lib/panic.o
                0x000000000000026a                . = ALIGN (0x2)
 *(.lowtext)
 *(.lowtext*)
                0x000000000000026a                __ctors_start = .
 *(.ctors)
                0x000000000000026a                __ctors_end = .
                0x000000000000026a                __dtors_start = .
 *(.dtors)
                0x000000000000026a                __dtors_end = .
 SORT(*)(.ctors)
 SORT(*)(.dtors)
 *(.init0)
 .init0         0x000000000000026a        0x0 /usr/lib/gcc/avr/7.3.0/../../../avr/lib/avr6/crtatmega256rfr2.o
                0x000000000000026a                __init
 .init0         0x000000000000026a        0xc /home/yang0902/RIOT/examples/Task_1/bin/avr-rss2/avr8_common/avr8_cpu.o
                0x000000000000026a                get_mcusr
 *(.init0)
 *(.init1)
 *(.init1)
 *(.init2)
 .init2         0x0000000000000276       0x10 /usr/lib/gcc/avr/7.3.0/../../../avr/lib/avr6/crtatmega256rfr2.o
 *(.init2)
 *(.init3)
 *(.init3)
 *(.init4)
 .init4         0x0000000000000286       0x1a /usr/lib/gcc/avr/7.3.0/avr6/libgcc.a(_copy_data.o)
                0x0000000000000286                __do_copy_data
 .init4         0x00000000000002a0       0x10 /usr/lib/gcc/avr/7.3.0/avr6/libgcc.a(_clear_bss.o)
                0x00000000000002a0                __do_clear_bss
 *(.init4)
 *(.init5)
 *(.init5)
 *(.init6)
 *(.init6)
 *(.init7)
 .init7         0x00000000000002b0        0x4 /home/yang0902/RIOT/examples/Task_1/bin/avr-rss2/avr8_common/startup.o
                0x00000000000002b0                init7_ovr
 *(.init7)
 *(.init8)
 .init8         0x00000000000002b4        0x4 /home/yang0902/RIOT/examples/Task_1/bin/avr-rss2/avr8_common/startup.o
                0x00000000000002b4                init8_ovr
 *(.init8)
 *(.init9)
 .init9         0x00000000000002b8        0x8 /usr/lib/gcc/avr/7.3.0/../../../avr/lib/avr6/crtatmega256rfr2.o
 *(.init9)
 *(.text)
 .text          0x00000000000002c0        0x4 /usr/lib/gcc/avr/7.3.0/../../../avr/lib/avr6/crtatmega256rfr2.o
                0x00000000000002c0                __vector_22
                0x00000000000002c0                __vector_63
                0x00000000000002c0                __vector_28
                0x00000000000002c0                __vector_67
                0x00000000000002c0                __vector_1
                0x00000000000002c0                __vector_32
                0x00000000000002c0                __vector_75
                0x00000000000002c0                __vector_34
                0x00000000000002c0                __vector_62
                0x00000000000002c0                __vector_24
                0x00000000000002c0                __vector_12
                0x00000000000002c0                __vector_55
                0x00000000000002c0                __vector_69
                0x00000000000002c0                __vector_46
                0x00000000000002c0                __bad_interrupt
                0x00000000000002c0                __vector_72
                0x00000000000002c0                __vector_6
                0x00000000000002c0                __vector_31
                0x00000000000002c0                __vector_35
                0x00000000000002c0                __vector_74
                0x00000000000002c0                __vector_39
                0x00000000000002c0                __vector_3
                0x00000000000002c0                __vector_23
                0x00000000000002c0                __vector_68
                0x00000000000002c0                __vector_30
                0x00000000000002c0                __vector_73
                0x00000000000002c0                __vector_45
                0x00000000000002c0                __vector_61
                0x00000000000002c0                __vector_11
                0x00000000000002c0                __vector_54
                0x00000000000002c0                __vector_13
                0x00000000000002c0                __vector_56
                0x00000000000002c0                __vector_7
                0x00000000000002c0                __vector_41
                0x00000000000002c0                __vector_64
                0x00000000000002c0                __vector_5
                0x00000000000002c0                __vector_33
                0x00000000000002c0                __vector_76
                0x00000000000002c0                __vector_52
                0x00000000000002c0                __vector_37
                0x00000000000002c0                __vector_4
                0x00000000000002c0                __vector_51
                0x00000000000002c0                __vector_9
                0x00000000000002c0                __vector_2
                0x00000000000002c0                __vector_21
                0x00000000000002c0                __vector_15
                0x00000000000002c0                __vector_66
                0x00000000000002c0                __vector_58
                0x00000000000002c0                __vector_70
                0x00000000000002c0                __vector_29
                0x00000000000002c0                __vector_60
                0x00000000000002c0                __vector_40
                0x00000000000002c0                __vector_8
                0x00000000000002c0                __vector_26
                0x00000000000002c0                __vector_14
                0x00000000000002c0                __vector_57
                0x00000000000002c0                __vector_53
                0x00000000000002c0                __vector_10
                0x00000000000002c0                __vector_50
                0x00000000000002c0                __vector_16
                0x00000000000002c0                __vector_59
                0x00000000000002c0                __vector_20
                0x00000000000002c0                __vector_65
                0x00000000000002c4                . = ALIGN (0x2)
 *(.text.*)
 .text.startup.main
                0x00000000000002c4        0xe /home/yang0902/RIOT/examples/Task_1/bin/avr-rss2/application_hello-world/main.o
                0x00000000000002c4                main
 .text.avr8_reset_cause
                0x00000000000002d2        0x2 /home/yang0902/RIOT/examples/Task_1/bin/avr-rss2/atmega_common/atmega_cpu.o
                0x00000000000002d2                avr8_reset_cause
 .text.avr8_clk_init
                0x00000000000002d4        0xc /home/yang0902/RIOT/examples/Task_1/bin/avr-rss2/atmega_common/atmega_cpu.o
                0x00000000000002d4                avr8_clk_init
 .text.__vector_default
                0x00000000000002e0       0x68 /home/yang0902/RIOT/examples/Task_1/bin/avr-rss2/atmega_common/atmega_cpu.o
                0x00000000000002e0                __vector_default
 .text.__vector_71
                0x0000000000000348       0x56 /home/yang0902/RIOT/examples/Task_1/bin/avr-rss2/atmega_common/atmega_cpu.o
                0x0000000000000348                __vector_71
 .text.avr8_enter_isr
                0x000000000000039e        0x8 /home/yang0902/RIOT/examples/Task_1/bin/avr-rss2/atmega_common_periph/timer.o
 .text.timer_init
                0x00000000000003a6       0xb4 /home/yang0902/RIOT/examples/Task_1/bin/avr-rss2/atmega_common_periph/timer.o
                0x00000000000003a6                timer_init
 .text.timer_set
                0x000000000000045a      0x110 /home/yang0902/RIOT/examples/Task_1/bin/avr-rss2/atmega_common_periph/timer.o
                0x000000000000045a                timer_set
 .text.timer_clear
                0x000000000000056a       0x3c /home/yang0902/RIOT/examples/Task_1/bin/avr-rss2/atmega_common_periph/timer.o
                0x000000000000056a                timer_clear
 .text._isr     0x00000000000005a6       0x72 /home/yang0902/RIOT/examples/Task_1/bin/avr-rss2/atmega_common_periph/timer.o
 .text.timer_read
                0x0000000000000618       0x22 /home/yang0902/RIOT/examples/Task_1/bin/avr-rss2/atmega_common_periph/timer.o
                0x0000000000000618                timer_read
 .text.__vector_42
                0x000000000000063a       0x5e /home/yang0902/RIOT/examples/Task_1/bin/avr-rss2/atmega_common_periph/timer.o
                0x000000000000063a                __vector_42
 .text.__vector_43
                0x0000000000000698       0x5e /home/yang0902/RIOT/examples/Task_1/bin/avr-rss2/atmega_common_periph/timer.o
                0x0000000000000698                __vector_43
 .text.__vector_44
                0x00000000000006f6       0x5e /home/yang0902/RIOT/examples/Task_1/bin/avr-rss2/atmega_common_periph/timer.o
                0x00000000000006f6                __vector_44
 .text.__vector_47
                0x0000000000000754       0x5e /home/yang0902/RIOT/examples/Task_1/bin/avr-rss2/atmega_common_periph/timer.o
                0x0000000000000754                __vector_47
 .text.__vector_48
                0x00000000000007b2       0x5e /home/yang0902/RIOT/examples/Task_1/bin/avr-rss2/atmega_common_periph/timer.o
                0x00000000000007b2                __vector_48
 .text.__vector_49
                0x0000000000000810       0x5e /home/yang0902/RIOT/examples/Task_1/bin/avr-rss2/atmega_common_periph/timer.o
                0x0000000000000810                __vector_49
 .text.__vector_17
                0x000000000000086e       0x5e /home/yang0902/RIOT/examples/Task_1/bin/avr-rss2/atmega_common_periph/timer.o
                0x000000000000086e                __vector_17
 .text.__vector_18
                0x00000000000008cc       0x5e /home/yang0902/RIOT/examples/Task_1/bin/avr-rss2/atmega_common_periph/timer.o
                0x00000000000008cc                __vector_18
 .text.__vector_19
                0x000000000000092a       0x5e /home/yang0902/RIOT/examples/Task_1/bin/avr-rss2/atmega_common_periph/timer.o
                0x000000000000092a                __vector_19
 .text.avr8_enter_isr
                0x0000000000000988        0x8 /home/yang0902/RIOT/examples/Task_1/bin/avr-rss2/atmega_common_periph/uart.o
 .text._rx_isr_handler
                0x0000000000000990       0x2e /home/yang0902/RIOT/examples/Task_1/bin/avr-rss2/atmega_common_periph/uart.o
 .text.uart_init
                0x00000000000009be       0xb0 /home/yang0902/RIOT/examples/Task_1/bin/avr-rss2/atmega_common_periph/uart.o
                0x00000000000009be                uart_init
 .text.uart_write
                0x0000000000000a6e       0x58 /home/yang0902/RIOT/examples/Task_1/bin/avr-rss2/atmega_common_periph/uart.o
                0x0000000000000a6e                uart_write
 .text.__vector_25
                0x0000000000000ac6       0x5c /home/yang0902/RIOT/examples/Task_1/bin/avr-rss2/atmega_common_periph/uart.o
                0x0000000000000ac6                __vector_25
 .text.__vector_36
                0x0000000000000b22       0x5c /home/yang0902/RIOT/examples/Task_1/bin/avr-rss2/atmega_common_periph/uart.o
                0x0000000000000b22                __vector_36
 .text.__vector_27
                0x0000000000000b7e       0x56 /home/yang0902/RIOT/examples/Task_1/bin/avr-rss2/atmega_common_periph/uart.o
                0x0000000000000b7e                __vector_27
 .text.__vector_38
                0x0000000000000bd4       0x56 /home/yang0902/RIOT/examples/Task_1/bin/avr-rss2/atmega_common_periph/uart.o
                0x0000000000000bd4                __vector_38
 .text.auto_init
                0x0000000000000c2a       0x40 /home/yang0902/RIOT/examples/Task_1/bin/avr-rss2/auto_init/auto_init.o
                0x0000000000000c2a                auto_init
 .text.cpu_init
                0x0000000000000c6a       0x32 /home/yang0902/RIOT/examples/Task_1/bin/avr-rss2/avr8_common/avr8_cpu.o
                0x0000000000000c6a                cpu_init
 .text.reset_handler
                0x0000000000000c9c        0xc /home/yang0902/RIOT/examples/Task_1/bin/avr-rss2/avr8_common/startup.o
                0x0000000000000c9c                reset_handler
 .text.thread_stack_init
                0x0000000000000ca8       0x6a /home/yang0902/RIOT/examples/Task_1/bin/avr-rss2/avr8_common/thread_arch.o
                0x0000000000000ca8                thread_stack_init
 .text.cpu_switch_context_exit
                0x0000000000000d12       0x9a /home/yang0902/RIOT/examples/Task_1/bin/avr-rss2/avr8_common/thread_arch.o
                0x0000000000000d12                cpu_switch_context_exit
 .text.thread_yield_higher
                0x0000000000000dac       0xd6 /home/yang0902/RIOT/examples/Task_1/bin/avr-rss2/avr8_common/thread_arch.o
                0x0000000000000dac                thread_yield_higher
 .text.avr8_exit_isr
                0x0000000000000e82       0xde /home/yang0902/RIOT/examples/Task_1/bin/avr-rss2/avr8_common/thread_arch.o
                0x0000000000000e82                avr8_exit_isr
 .text.pm_set   0x0000000000000f60       0x52 /home/yang0902/RIOT/examples/Task_1/bin/avr-rss2/avr8_common_periph/pm.o
                0x0000000000000f60                pm_set
 .text._uart_getchar
                0x0000000000000fb2       0x26 /home/yang0902/RIOT/examples/Task_1/bin/avr-rss2/avr_libc_extra/avr8_stdio.o
 .text._uart_putchar
                0x0000000000000fd8       0x24 /home/yang0902/RIOT/examples/Task_1/bin/avr-rss2/avr_libc_extra/avr8_stdio.o
 .text.avr8_stdio_init
                0x0000000000000ffc       0x20 /home/yang0902/RIOT/examples/Task_1/bin/avr-rss2/avr_libc_extra/avr8_stdio.o
                0x0000000000000ffc                avr8_stdio_init
 .text.led_init
                0x000000000000101c        0xe /home/yang0902/RIOT/examples/Task_1/bin/avr-rss2/board/led_init.o
                0x000000000000101c                led_init
 .text.board_init
                0x000000000000102a        0x2 /home/yang0902/RIOT/examples/Task_1/bin/avr-rss2/board_common_init/board_common.o
                0x000000000000102a                board_init
 .text.mutex_lock_internal
                0x000000000000102c       0x90 /home/yang0902/RIOT/examples/Task_1/bin/avr-rss2/core/mutex.o
                0x000000000000102c                mutex_lock_internal
 .text.mutex_unlock
                0x00000000000010bc       0x60 /home/yang0902/RIOT/examples/Task_1/bin/avr-rss2/core/mutex.o
                0x00000000000010bc                mutex_unlock
 .text.clist_remove
                0x000000000000111c       0x74 /home/yang0902/RIOT/examples/Task_1/bin/avr-rss2/core/sched.o
 .text.sched_run
                0x0000000000001190       0xa0 /home/yang0902/RIOT/examples/Task_1/bin/avr-rss2/core/sched.o
                0x0000000000001190                sched_run
 .text.sched_set_status
                0x0000000000001230      0x106 /home/yang0902/RIOT/examples/Task_1/bin/avr-rss2/core/sched.o
                0x0000000000001230                sched_set_status
 .text.sched_switch
                0x0000000000001336       0x32 /home/yang0902/RIOT/examples/Task_1/bin/avr-rss2/core/sched.o
                0x0000000000001336                sched_switch
 .text.sched_task_exit
                0x0000000000001368       0x44 /home/yang0902/RIOT/examples/Task_1/bin/avr-rss2/core/sched.o
                0x0000000000001368                sched_task_exit
 .text.thread_sleep
                0x00000000000013ac       0x2a /home/yang0902/RIOT/examples/Task_1/bin/avr-rss2/core/thread.o
                0x00000000000013ac                thread_sleep
 .text.thread_add_to_list
                0x00000000000013d6       0x3c /home/yang0902/RIOT/examples/Task_1/bin/avr-rss2/core/thread.o
                0x00000000000013d6                thread_add_to_list
 .text.thread_create
                0x0000000000001412      0x13e /home/yang0902/RIOT/examples/Task_1/bin/avr-rss2/core/thread.o
                0x0000000000001412                thread_create
 .text._assert_common
                0x0000000000001550       0x24 /home/yang0902/RIOT/examples/Task_1/bin/avr-rss2/core_lib/assert.o
 .text._assert_panic
                0x0000000000001574       0x34 /home/yang0902/RIOT/examples/Task_1/bin/avr-rss2/core_lib/assert.o
                0x0000000000001574                _assert_panic
 .text.main_trampoline
                0x00000000000015a8       0x1e /home/yang0902/RIOT/examples/Task_1/bin/avr-rss2/core_lib/init.o
 .text.idle_thread
                0x00000000000015c6        0x6 /home/yang0902/RIOT/examples/Task_1/bin/avr-rss2/core_lib/init.o
 .text.kernel_init
                0x00000000000015cc       0x48 /home/yang0902/RIOT/examples/Task_1/bin/avr-rss2/core_lib/init.o
                0x00000000000015cc                kernel_init
 .text.early_init
                0x0000000000001614        0x8 /home/yang0902/RIOT/examples/Task_1/bin/avr-rss2/core_lib/init.o
                0x0000000000001614                early_init
 .text.panic_arch
                0x000000000000161c        0x2 /home/yang0902/RIOT/examples/Task_1/bin/avr-rss2/core_lib/panic.o
                0x000000000000161c                panic_arch
 .text.panic_app
                0x000000000000161e        0x2 /home/yang0902/RIOT/examples/Task_1/bin/avr-rss2/core_lib/panic.o
                0x000000000000161e                panic_app
 .text.core_panic
                0x0000000000001620       0x52 /home/yang0902/RIOT/examples/Task_1/bin/avr-rss2/core_lib/panic.o
                0x0000000000001620                core_panic
 .text.gcd32    0x0000000000001672       0xac /home/yang0902/RIOT/examples/Task_1/bin/avr-rss2/frac/frac.o
                0x0000000000001672                gcd32
 .text.frac_init
                0x000000000000171e      0x29a /home/yang0902/RIOT/examples/Task_1/bin/avr-rss2/frac/frac.o
                0x000000000000171e                frac_init
 .text.isrpipe_write_one
                0x00000000000019b8       0x24 /home/yang0902/RIOT/examples/Task_1/bin/avr-rss2/isrpipe/isrpipe.o
                0x00000000000019b8                isrpipe_write_one
 .text.isrpipe_read
                0x00000000000019dc       0x48 /home/yang0902/RIOT/examples/Task_1/bin/avr-rss2/isrpipe/isrpipe.o
                0x00000000000019dc                isrpipe_read
 .text.periph_init
                0x0000000000001a24        0x2 /home/yang0902/RIOT/examples/Task_1/bin/avr-rss2/periph_common/init.o
                0x0000000000001a24                periph_init
 .text.pm_set_lowest
                0x0000000000001a26       0x38 /home/yang0902/RIOT/examples/Task_1/bin/avr-rss2/pm_layered/pm.o
                0x0000000000001a26                pm_set_lowest
 .text.pm_block
                0x0000000000001a5e       0x20 /home/yang0902/RIOT/examples/Task_1/bin/avr-rss2/pm_layered/pm.o
                0x0000000000001a5e                pm_block
 .text.pm_unblock
                0x0000000000001a7e       0x20 /home/yang0902/RIOT/examples/Task_1/bin/avr-rss2/pm_layered/pm.o
                0x0000000000001a7e                pm_unblock
 .text.pm_off   0x0000000000001a9e        0xe /home/yang0902/RIOT/examples/Task_1/bin/avr-rss2/pm_layered/pm.o
                0x0000000000001a9e                pm_off
 .text.stdio_read
                0x0000000000001aac        0xc /home/yang0902/RIOT/examples/Task_1/bin/avr-rss2/stdio/stdio.o
                0x0000000000001aac                stdio_read
 .text._isrpipe_write_one_wrapper
                0x0000000000001ab8        0x4 /home/yang0902/RIOT/examples/Task_1/bin/avr-rss2/stdio_uart/stdio_uart.o
 .text.stdio_init
                0x0000000000001abc       0x20 /home/yang0902/RIOT/examples/Task_1/bin/avr-rss2/stdio_uart/stdio_uart.o
                0x0000000000001abc                stdio_init
 .text.stdio_write
                0x0000000000001adc       0x18 /home/yang0902/RIOT/examples/Task_1/bin/avr-rss2/stdio_uart/stdio_uart.o
                0x0000000000001adc                stdio_write
 .text.tsrb_empty
                0x0000000000001af4       0x24 /home/yang0902/RIOT/examples/Task_1/bin/avr-rss2/tsrb/tsrb.o
 .text.tsrb_full
                0x0000000000001b18       0x2c /home/yang0902/RIOT/examples/Task_1/bin/avr-rss2/tsrb/tsrb.o
 .text._pop     0x0000000000001b44       0x26 /home/yang0902/RIOT/examples/Task_1/bin/avr-rss2/tsrb/tsrb.o
 .text.tsrb_get
                0x0000000000001b6a       0x5c /home/yang0902/RIOT/examples/Task_1/bin/avr-rss2/tsrb/tsrb.o
                0x0000000000001b6a                tsrb_get
 .text.tsrb_add_one
                0x0000000000001bc6       0x54 /home/yang0902/RIOT/examples/Task_1/bin/avr-rss2/tsrb/tsrb.o
                0x0000000000001bc6                tsrb_add_one
 .text.ztimer_convert_cancel
                0x0000000000001c1a       0x10 /home/yang0902/RIOT/examples/Task_1/bin/avr-rss2/ztimer_core/convert.o
                0x0000000000001c1a                ztimer_convert_cancel
 .text.ztimer_convert_frac_op_now
                0x0000000000001c2a       0x6c /home/yang0902/RIOT/examples/Task_1/bin/avr-rss2/ztimer_core/convert_frac.o
 .text.ztimer_convert_frac_op_set
                0x0000000000001c96       0x52 /home/yang0902/RIOT/examples/Task_1/bin/avr-rss2/ztimer_core/convert_frac.o
 .text.ztimer_convert_frac_init
                0x0000000000001ce8      0x120 /home/yang0902/RIOT/examples/Task_1/bin/avr-rss2/ztimer_core/convert_frac.o
                0x0000000000001ce8                ztimer_convert_frac_init
 .text._is_set  0x0000000000001e08       0x30 /home/yang0902/RIOT/examples/Task_1/bin/avr-rss2/ztimer_core/core.o
 .text._now_next
                0x0000000000001e38       0x52 /home/yang0902/RIOT/examples/Task_1/bin/avr-rss2/ztimer_core/core.o
 .text._ztimer_update
                0x0000000000001e8a       0x88 /home/yang0902/RIOT/examples/Task_1/bin/avr-rss2/ztimer_core/core.o
 .text._del_entry_from_list
                0x0000000000001f12       0xac /home/yang0902/RIOT/examples/Task_1/bin/avr-rss2/ztimer_core/core.o
 .text._ztimer_now_extend
                0x0000000000001fbe       0xc4 /home/yang0902/RIOT/examples/Task_1/bin/avr-rss2/ztimer_core/core.o
                0x0000000000001fbe                _ztimer_now_extend
 .text.ztimer_now
                0x0000000000002082       0x2c /home/yang0902/RIOT/examples/Task_1/bin/avr-rss2/ztimer_core/core.o
 .text._ztimer_update_head_offset
                0x00000000000020ae       0xa2 /home/yang0902/RIOT/examples/Task_1/bin/avr-rss2/ztimer_core/core.o
 .text.ztimer_remove
                0x0000000000002150       0x48 /home/yang0902/RIOT/examples/Task_1/bin/avr-rss2/ztimer_core/core.o
                0x0000000000002150                ztimer_remove
 .text.ztimer_set
                0x0000000000002198      0x18a /home/yang0902/RIOT/examples/Task_1/bin/avr-rss2/ztimer_core/core.o
                0x0000000000002198                ztimer_set
 .text.ztimer_handler
                0x0000000000002322      0x120 /home/yang0902/RIOT/examples/Task_1/bin/avr-rss2/ztimer_core/core.o
                0x0000000000002322                ztimer_handler
 .text.ztimer_init
                0x0000000000002442       0x54 /home/yang0902/RIOT/examples/Task_1/bin/avr-rss2/ztimer_core/init.o
                0x0000000000002442                ztimer_init
 .text._ztimer_periph_timer_callback
                0x0000000000002496        0x4 /home/yang0902/RIOT/examples/Task_1/bin/avr-rss2/ztimer_core/periph_timer.o
 .text._ztimer_periph_timer_cancel
                0x000000000000249a        0xc /home/yang0902/RIOT/examples/Task_1/bin/avr-rss2/ztimer_core/periph_timer.o
 .text._ztimer_periph_timer_now
                0x00000000000024a6       0x10 /home/yang0902/RIOT/examples/Task_1/bin/avr-rss2/ztimer_core/periph_timer.o
 .text._ztimer_periph_timer_set
                0x00000000000024b6       0x3c /home/yang0902/RIOT/examples/Task_1/bin/avr-rss2/ztimer_core/periph_timer.o
 .text.ztimer_periph_timer_init
                0x00000000000024f2       0x7c /home/yang0902/RIOT/examples/Task_1/bin/avr-rss2/ztimer_core/periph_timer.o
                0x00000000000024f2                ztimer_periph_timer_init
 .text.libgcc.div
                0x000000000000256e       0x44 /usr/lib/gcc/avr/7.3.0/avr6/libgcc.a(_udivmodsi4.o)
                0x000000000000256e                __udivmodsi4
 .text.libgcc.mul
                0x00000000000025b2       0x1e /usr/lib/gcc/avr/7.3.0/avr6/libgcc.a(_umulhisi3.o)
                0x00000000000025b2                __umulhisi3
 .text.libgcc.mul
                0x00000000000025d0       0x12 /usr/lib/gcc/avr/7.3.0/avr6/libgcc.a(_muldi3_6.o)
                0x00000000000025d0                __muldi3_6
 .text.libgcc.mul
                0x00000000000025e2       0x56 /usr/lib/gcc/avr/7.3.0/avr6/libgcc.a(_umulsidi3.o)
                0x00000000000025e2                __umulsidi3
                0x00000000000025e4                __umulsidi3_helper
 .text.libgcc.builtins
                0x0000000000002638       0x32 /usr/lib/gcc/avr/7.3.0/avr6/libgcc.a(_ashldi3.o)
                0x0000000000002638                __ashldi3
 .text.libgcc.builtins
                0x000000000000266a       0x3a /usr/lib/gcc/avr/7.3.0/avr6/libgcc.a(_ashrdi3.o)
                0x000000000000266a                __ashrdi3
                0x000000000000266e                __lshrdi3
 .text.libgcc   0x00000000000026a4       0x12 /usr/lib/gcc/avr/7.3.0/avr6/libgcc.a(_subdi3.o)
                0x00000000000026a4                __subdi3
 .text.libgcc   0x00000000000026b6       0x12 /usr/lib/gcc/avr/7.3.0/avr6/libgcc.a(_cmpdi2.o)
                0x00000000000026b6                __cmpdi2
 .text.libgcc   0x00000000000026c8       0x18 /usr/lib/gcc/avr/7.3.0/avr6/libgcc.a(_cmpdi2_s8.o)
                0x00000000000026c8                __cmpdi2_s8
 .text.avr-libc
                0x00000000000026e0       0x60 /usr/lib/gcc/avr/7.3.0/../../../avr/lib/avr6/libc.a(fputc.o)
                0x00000000000026e0                fputc
 .text.avr-libc
                0x0000000000002740       0x4e /usr/lib/gcc/avr/7.3.0/../../../avr/lib/avr6/libc.a(printf_p.o)
                0x0000000000002740                printf_P
 .text.avr-libc
                0x000000000000278e       0x56 /usr/lib/gcc/avr/7.3.0/../../../avr/lib/avr6/libc.a(puts.o)
                0x000000000000278e                puts
 .text.avr-libc
                0x00000000000027e4      0x404 /usr/lib/gcc/avr/7.3.0/../../../avr/lib/avr6/libc.a(vfprintf_std.o)
                0x00000000000027e4                vfprintf
 .text.avr-libc
                0x0000000000002be8       0x16 /usr/lib/gcc/avr/7.3.0/../../../avr/lib/avr6/libc.a(strnlen_P.o)
                0x0000000000002be8                strnlen_P
 .text.avr-libc
                0x0000000000002bfe       0x16 /usr/lib/gcc/avr/7.3.0/../../../avr/lib/avr6/libc.a(strnlen.o)
                0x0000000000002bfe                strnlen
 .text.avr-libc
                0x0000000000002c14       0xbc /usr/lib/gcc/avr/7.3.0/../../../avr/lib/avr6/libc.a(ultoa_invert.o)
                0x0000000000002c14                __ultoa_invert
                0x0000000000002cd0                . = ALIGN (0x2)
 *(.fini9)
 .fini9         0x0000000000002cd0        0x0 /usr/lib/gcc/avr/7.3.0/avr6/libgcc.a(_exit.o)
                0x0000000000002cd0                exit
                0x0000000000002cd0                _exit
 *(.fini9)
 *(.fini8)
 *(.fini8)
 *(.fini7)
 *(.fini7)
 *(.fini6)
 *(.fini6)
 *(.fini5)
 *(.fini5)
 *(.fini4)
 *(.fini4)
 *(.fini3)
 *(.fini3)
 *(.fini2)
 *(.fini2)
 *(.fini1)
 *(.fini1)
 *(.fini0)
 .fini0         0x0000000000002cd0        0x4 /usr/lib/gcc/avr/7.3.0/avr6/libgcc.a(_exit.o)
 *(.fini0)
 *(.hightext)
 *(.hightext*)
 *(.progmemx.*)
                0x0000000000002cd4                . = ALIGN (0x2)
 *(.jumptables)
 *(.jumptables*)
                0x0000000000002cd4                _etext = .

.data           0x0000000000800200       0xc6 load address 0x0000000000002cd4
                0x0000000000800200                PROVIDE (__data_start, .)
 *(.data)
 .data          0x0000000000800200        0x6 /usr/lib/gcc/avr/7.3.0/../../../avr/lib/avr6/libc.a(malloc.o)
                0x0000000000800200                __malloc_heap_end
                0x0000000000800202                __malloc_heap_start
                0x0000000000800204                __malloc_margin
 *(.data*)
 .data.ctx      0x0000000000800206       0x24 /home/yang0902/RIOT/examples/Task_1/bin/avr-rss2/atmega_common_periph/timer.o
 .data._uart_stdin
                0x000000000080022a        0xe /home/yang0902/RIOT/examples/Task_1/bin/avr-rss2/avr_libc_extra/avr8_stdio.o
 .data._uart_stdout
                0x0000000000800238        0xe /home/yang0902/RIOT/examples/Task_1/bin/avr-rss2/avr_libc_extra/avr8_stdio.o
 .data.pm_blocker
                0x0000000000800246        0x5 /home/yang0902/RIOT/examples/Task_1/bin/avr-rss2/pm_layered/pm.o
 .data.stdin_isrpipe
                0x000000000080024b        0xa /home/yang0902/RIOT/examples/Task_1/bin/avr-rss2/stdio/stdio.o
                0x000000000080024b                stdin_isrpipe
 .data._ztimer_periph_timer
                0x0000000000800255       0x1e /home/yang0902/RIOT/examples/Task_1/bin/avr-rss2/ztimer_core/init.o
 *(SORT(.roxfa.*))
 .roxfa.auto_init_xfa.0_
                0x0000000000800273        0x0 /home/yang0902/RIOT/examples/Task_1/bin/avr-rss2/auto_init/auto_init.o
                0x0000000000800273                auto_init_xfa
 .roxfa.auto_init_xfa.5_1010
                0x0000000000800273        0x2 /home/yang0902/RIOT/examples/Task_1/bin/avr-rss2/auto_init/auto_init.o
                0x0000000000800273                auto_init_xfa_ztimer_init
 .roxfa.auto_init_xfa.9_
                0x0000000000800275        0x0 /home/yang0902/RIOT/examples/Task_1/bin/avr-rss2/auto_init/auto_init.o
                0x0000000000800275                auto_init_xfa_end
 .roxfa.shell_commands_xfa_v2.0_
                0x0000000000800275        0x0 /home/yang0902/RIOT/examples/Task_1/bin/avr-rss2/shell/shell.o
                0x0000000000800275                shell_commands_xfa_v2
 .roxfa.shell_commands_xfa_v2.9_
                0x0000000000800275        0x0 /home/yang0902/RIOT/examples/Task_1/bin/avr-rss2/shell/shell.o
                0x0000000000800275                shell_commands_xfa_v2_end
 *(SORT(.xfa.*))
 *(.gnu.linkonce.d*)
 *(.rodata)
 *(.rodata*)
 .rodata.main.str1.1
                0x0000000000800275        0xc /home/yang0902/RIOT/examples/Task_1/bin/avr-rss2/application_hello-world/main.o
 .rodata.__vector_default.str1.1
                0x0000000000800281        0x7 /home/yang0902/RIOT/examples/Task_1/bin/avr-rss2/atmega_common/atmega_cpu.o
 .rodata.dev    0x0000000000800288        0x4 /home/yang0902/RIOT/examples/Task_1/bin/avr-rss2/atmega_common_periph/uart.o
 .rodata.avr8_stdio_init.str1.1
                0x000000000080028c        0x2 /home/yang0902/RIOT/examples/Task_1/bin/avr-rss2/avr_libc_extra/avr8_stdio.o
 .rodata.sched_run.str1.1
                0x000000000080028e        0xf /home/yang0902/RIOT/examples/Task_1/bin/avr-rss2/core/sched.o
 .rodata._assert_common.str1.1
                0x000000000080029d       0x12 /home/yang0902/RIOT/examples/Task_1/bin/avr-rss2/core_lib/assert.o
 .rodata.kernel_init.str1.1
                0x00000000008002af        0xa /home/yang0902/RIOT/examples/Task_1/bin/avr-rss2/core_lib/init.o
 .rodata.ztimer_convert_frac_ops
                0x00000000008002b9        0x6 /home/yang0902/RIOT/examples/Task_1/bin/avr-rss2/ztimer_core/convert_frac.o
 .rodata._ztimer_periph_timer_ops
                0x00000000008002bf        0x6 /home/yang0902/RIOT/examples/Task_1/bin/avr-rss2/ztimer_core/periph_timer.o
 *(.gnu.linkonce.r*)
                0x00000000008002c6                . = ALIGN (0x2)
 *fill*         0x00000000008002c5        0x1 
                0x00000000008002c6                _edata = .
                0x00000000008002c6                PROVIDE (__data_end, .)

.bss            0x00000000008002c6      0x43d
                0x00000000008002c6                PROVIDE (__bss_start, .)
 *(.bss)
 *(.bss*)
 .bss._oneshot  0x00000000008002c6        0x2 /home/yang0902/RIOT/examples/Task_1/bin/avr-rss2/atmega_common_periph/timer.o
 .bss.isr_ctx   0x00000000008002c8        0x8 /home/yang0902/RIOT/examples/Task_1/bin/avr-rss2/atmega_common_periph/uart.o
 .bss.runqueue_bitcache
                0x00000000008002d0        0x4 /home/yang0902/RIOT/examples/Task_1/bin/avr-rss2/core/sched.o
 .bss.sched_runqueues
                0x00000000008002d4       0x20 /home/yang0902/RIOT/examples/Task_1/bin/avr-rss2/core/sched.o
                0x00000000008002d4                sched_runqueues
 .bss.sched_context_switch_request
                0x00000000008002f4        0x2 /home/yang0902/RIOT/examples/Task_1/bin/avr-rss2/core/sched.o
                0x00000000008002f4                sched_context_switch_request
 .bss.sched_active_thread
                0x00000000008002f6        0x2 /home/yang0902/RIOT/examples/Task_1/bin/avr-rss2/core/sched.o
                0x00000000008002f6                sched_active_thread
 .bss.sched_num_threads
                0x00000000008002f8        0x2 /home/yang0902/RIOT/examples/Task_1/bin/avr-rss2/core/sched.o
                0x00000000008002f8                sched_num_threads
 .bss.sched_threads
                0x00000000008002fa       0x42 /home/yang0902/RIOT/examples/Task_1/bin/avr-rss2/core/sched.o
                0x00000000008002fa                sched_threads
 .bss.sched_active_pid
                0x000000000080033c        0x2 /home/yang0902/RIOT/examples/Task_1/bin/avr-rss2/core/sched.o
                0x000000000080033c                sched_active_pid
 .bss.idle_stack
                0x000000000080033e       0xc0 /home/yang0902/RIOT/examples/Task_1/bin/avr-rss2/core_lib/init.o
 .bss.main_stack
                0x00000000008003fe      0x284 /home/yang0902/RIOT/examples/Task_1/bin/avr-rss2/core_lib/init.o
 .bss.crashed   0x0000000000800682        0x2 /home/yang0902/RIOT/examples/Task_1/bin/avr-rss2/core_lib/panic.o
 .bss._rx_buf_mem
                0x0000000000800684       0x40 /home/yang0902/RIOT/examples/Task_1/bin/avr-rss2/stdio/stdio.o
 .bss._ztimer_convert_frac_usec
                0x00000000008006c4       0x35 /home/yang0902/RIOT/examples/Task_1/bin/avr-rss2/ztimer_core/init.o
 *(COMMON)
 COMMON         0x00000000008006f9        0x4 /usr/lib/gcc/avr/7.3.0/../../../avr/lib/avr6/libc.a(malloc.o)
                0x00000000008006f9                __brkval
                0x00000000008006fb                __flp
 COMMON         0x00000000008006fd        0x6 /usr/lib/gcc/avr/7.3.0/../../../avr/lib/avr6/libc.a(iob.o)
                0x00000000008006fd                __iob
                0x0000000000800703                PROVIDE (__bss_end, .)
                0x0000000000002cd4                __data_load_start = LOADADDR (.data)
                0x0000000000002d9a                __data_load_end = (__data_load_start + SIZEOF (.data))

.noinit         0x0000000000800703        0x2
                [!provide]                        PROVIDE (__noinit_start, .)
 *(.noinit .noinit.* .gnu.linkonce.n.*)
 .noinit        0x0000000000800703        0x2 /home/yang0902/RIOT/examples/Task_1/bin/avr-rss2/avr8_common/avr8_cpu.o
                0x0000000000800703                soft_rst
                0x0000000000800704                mcusr_mirror
                [!provide]                        PROVIDE (__noinit_end, .)
                0x0000000000800705                _end = .
                0x0000000000800705                PROVIDE (__heap_start, .)

.eeprom         0x0000000000810000        0x0
 *(.eeprom*)
                0x0000000000810000                __eeprom_end = .

.fuse
 *(.fuse)
 *(.lfuse)
 *(.hfuse)
 *(.efuse)

.lock
 *(.lock*)

.signature
 *(.signature*)

.stab
 *(.stab)

.stabstr
 *(.stabstr)

.stab.excl
 *(.stab.excl)

.stab.exclstr
 *(.stab.exclstr)

.stab.index
 *(.stab.index)

.stab.indexstr
 *(.stab.indexstr)

.comment        0x0000000000000000       0x11
 *(.comment)
 .comment       0x0000000000000000       0x11 /home/yang0902/RIOT/examples/Task_1/bin/avr-rss2/application_hello-world/main.o
                                         0x12 (size before relaxing)
 .comment       0x0000000000000011       0x12 /home/yang0902/RIOT/examples/Task_1/bin/avr-rss2/atmega_common/atmega_cpu.o
 .comment       0x0000000000000011       0x12 /home/yang0902/RIOT/examples/Task_1/bin/avr-rss2/atmega_common_periph/timer.o
 .comment       0x0000000000000011       0x12 /home/yang0902/RIOT/examples/Task_1/bin/avr-rss2/atmega_common_periph/uart.o
 .comment       0x0000000000000011       0x12 /home/yang0902/RIOT/examples/Task_1/bin/avr-rss2/auto_init/auto_init.o
 .comment       0x0000000000000011       0x12 /home/yang0902/RIOT/examples/Task_1/bin/avr-rss2/avr8_common/avr8_cpu.o
 .comment       0x0000000000000011       0x12 /home/yang0902/RIOT/examples/Task_1/bin/avr-rss2/avr8_common/startup.o
 .comment       0x0000000000000011       0x12 /home/yang0902/RIOT/examples/Task_1/bin/avr-rss2/avr8_common/thread_arch.o
 .comment       0x0000000000000011       0x12 /home/yang0902/RIOT/examples/Task_1/bin/avr-rss2/avr8_common_periph/pm.o
 .comment       0x0000000000000011       0x12 /home/yang0902/RIOT/examples/Task_1/bin/avr-rss2/avr_libc_extra/avr8_stdio.o
 .comment       0x0000000000000011       0x12 /home/yang0902/RIOT/examples/Task_1/bin/avr-rss2/board/led_init.o
 .comment       0x0000000000000011       0x12 /home/yang0902/RIOT/examples/Task_1/bin/avr-rss2/board_common_init/board_common.o
 .comment       0x0000000000000011       0x12 /home/yang0902/RIOT/examples/Task_1/bin/avr-rss2/core/mutex.o
 .comment       0x0000000000000011       0x12 /home/yang0902/RIOT/examples/Task_1/bin/avr-rss2/core/sched.o
 .comment       0x0000000000000011       0x12 /home/yang0902/RIOT/examples/Task_1/bin/avr-rss2/core/thread.o
 .comment       0x0000000000000011       0x12 /home/yang0902/RIOT/examples/Task_1/bin/avr-rss2/core_lib/assert.o
 .comment       0x0000000000000011       0x12 /home/yang0902/RIOT/examples/Task_1/bin/avr-rss2/core_lib/init.o
 .comment       0x0000000000000011       0x12 /home/yang0902/RIOT/examples/Task_1/bin/avr-rss2/core_lib/panic.o
 .comment       0x0000000000000011       0x12 /home/yang0902/RIOT/examples/Task_1/bin/avr-rss2/frac/frac.o
 .comment       0x0000000000000011       0x12 /home/yang0902/RIOT/examples/Task_1/bin/avr-rss2/isrpipe/isrpipe.o
 .comment       0x0000000000000011       0x12 /home/yang0902/RIOT/examples/Task_1/bin/avr-rss2/periph_common/init.o
 .comment       0x0000000000000011       0x12 /home/yang0902/RIOT/examples/Task_1/bin/avr-rss2/pm_layered/pm.o
 .comment       0x0000000000000011       0x12 /home/yang0902/RIOT/examples/Task_1/bin/avr-rss2/shell/shell.o
 .comment       0x0000000000000011       0x12 /home/yang0902/RIOT/examples/Task_1/bin/avr-rss2/stdio/stdio.o
 .comment       0x0000000000000011       0x12 /home/yang0902/RIOT/examples/Task_1/bin/avr-rss2/stdio_uart/stdio_uart.o
 .comment       0x0000000000000011       0x12 /home/yang0902/RIOT/examples/Task_1/bin/avr-rss2/tsrb/tsrb.o
 .comment       0x0000000000000011       0x12 /home/yang0902/RIOT/examples/Task_1/bin/avr-rss2/ztimer_core/convert.o
 .comment       0x0000000000000011       0x12 /home/yang0902/RIOT/examples/Task_1/bin/avr-rss2/ztimer_core/convert_frac.o
 .comment       0x0000000000000011       0x12 /home/yang0902/RIOT/examples/Task_1/bin/avr-rss2/ztimer_core/core.o
 .comment       0x0000000000000011       0x12 /home/yang0902/RIOT/examples/Task_1/bin/avr-rss2/ztimer_core/init.o
 .comment       0x0000000000000011       0x12 /home/yang0902/RIOT/examples/Task_1/bin/avr-rss2/ztimer_core/periph_timer.o
 .comment       0x0000000000000011       0x12 /usr/lib/gcc/avr/7.3.0/../../../avr/lib/avr6/libc.a(malloc.o)
 .comment       0x0000000000000011       0x12 /usr/lib/gcc/avr/7.3.0/../../../avr/lib/avr6/libc.a(fputc.o)
 .comment       0x0000000000000011       0x12 /usr/lib/gcc/avr/7.3.0/../../../avr/lib/avr6/libc.a(iob.o)
 .comment       0x0000000000000011       0x12 /usr/lib/gcc/avr/7.3.0/../../../avr/lib/avr6/libc.a(printf_p.o)
 .comment       0x0000000000000011       0x12 /usr/lib/gcc/avr/7.3.0/../../../avr/lib/avr6/libc.a(puts.o)
 .comment       0x0000000000000011       0x12 /usr/lib/gcc/avr/7.3.0/../../../avr/lib/avr6/libc.a(vfprintf_std.o)

.note.gnu.avr.deviceinfo
                0x0000000000000000       0x40
 .note.gnu.avr.deviceinfo
                0x0000000000000000       0x40 /usr/lib/gcc/avr/7.3.0/../../../avr/lib/avr6/crtatmega256rfr2.o

.note.gnu.build-id
 *(.note.gnu.build-id)

.debug
 *(.debug)

.line
 *(.line)

.debug_srcinfo
 *(.debug_srcinfo)

.debug_sfnames
 *(.debug_sfnames)

.debug_aranges  0x0000000000000000      0x768
 *(.debug_aranges)
 .debug_aranges
                0x0000000000000000       0x20 /home/yang0902/RIOT/examples/Task_1/bin/avr-rss2/application_hello-world/main.o
 .debug_aranges
                0x0000000000000020       0x38 /home/yang0902/RIOT/examples/Task_1/bin/avr-rss2/atmega_common/atmega_cpu.o
 .debug_aranges
                0x0000000000000058       0xc0 /home/yang0902/RIOT/examples/Task_1/bin/avr-rss2/atmega_common_periph/timer.o
 .debug_aranges
                0x0000000000000118       0x60 /home/yang0902/RIOT/examples/Task_1/bin/avr-rss2/atmega_common_periph/uart.o
 .debug_aranges
                0x0000000000000178       0x20 /home/yang0902/RIOT/examples/Task_1/bin/avr-rss2/auto_init/auto_init.o
 .debug_aranges
                0x0000000000000198       0x30 /home/yang0902/RIOT/examples/Task_1/bin/avr-rss2/avr8_common/avr8_cpu.o
 .debug_aranges
                0x00000000000001c8       0x30 /home/yang0902/RIOT/examples/Task_1/bin/avr-rss2/avr8_common/startup.o
 .debug_aranges
                0x00000000000001f8       0x40 /home/yang0902/RIOT/examples/Task_1/bin/avr-rss2/avr8_common/thread_arch.o
 .debug_aranges
                0x0000000000000238       0x20 /home/yang0902/RIOT/examples/Task_1/bin/avr-rss2/avr8_common_periph/pm.o
 .debug_aranges
                0x0000000000000258       0x30 /home/yang0902/RIOT/examples/Task_1/bin/avr-rss2/avr_libc_extra/avr8_stdio.o
 .debug_aranges
                0x0000000000000288       0x20 /home/yang0902/RIOT/examples/Task_1/bin/avr-rss2/board/led_init.o
 .debug_aranges
                0x00000000000002a8       0x20 /home/yang0902/RIOT/examples/Task_1/bin/avr-rss2/board_common_init/board_common.o
 .debug_aranges
                0x00000000000002c8       0x40 /home/yang0902/RIOT/examples/Task_1/bin/avr-rss2/core/mutex.o
 .debug_aranges
                0x0000000000000308       0x48 /home/yang0902/RIOT/examples/Task_1/bin/avr-rss2/core/sched.o
 .debug_aranges
                0x0000000000000350       0x70 /home/yang0902/RIOT/examples/Task_1/bin/avr-rss2/core/thread.o
 .debug_aranges
                0x00000000000003c0       0x30 /home/yang0902/RIOT/examples/Task_1/bin/avr-rss2/core_lib/assert.o
 .debug_aranges
                0x00000000000003f0       0x38 /home/yang0902/RIOT/examples/Task_1/bin/avr-rss2/core_lib/init.o
 .debug_aranges
                0x0000000000000428       0x30 /home/yang0902/RIOT/examples/Task_1/bin/avr-rss2/core_lib/panic.o
 .debug_aranges
                0x0000000000000458       0x28 /home/yang0902/RIOT/examples/Task_1/bin/avr-rss2/frac/frac.o
 .debug_aranges
                0x0000000000000480       0x38 /home/yang0902/RIOT/examples/Task_1/bin/avr-rss2/isrpipe/isrpipe.o
 .debug_aranges
                0x00000000000004b8       0x20 /home/yang0902/RIOT/examples/Task_1/bin/avr-rss2/periph_common/init.o
 .debug_aranges
                0x00000000000004d8       0x40 /home/yang0902/RIOT/examples/Task_1/bin/avr-rss2/pm_layered/pm.o
 .debug_aranges
                0x0000000000000518       0x50 /home/yang0902/RIOT/examples/Task_1/bin/avr-rss2/shell/shell.o
 .debug_aranges
                0x0000000000000568       0x30 /home/yang0902/RIOT/examples/Task_1/bin/avr-rss2/stdio/stdio.o
 .debug_aranges
                0x0000000000000598       0x38 /home/yang0902/RIOT/examples/Task_1/bin/avr-rss2/stdio_uart/stdio_uart.o
 .debug_aranges
                0x00000000000005d0       0x68 /home/yang0902/RIOT/examples/Task_1/bin/avr-rss2/tsrb/tsrb.o
 .debug_aranges
                0x0000000000000638       0x30 /home/yang0902/RIOT/examples/Task_1/bin/avr-rss2/ztimer_core/convert.o
 .debug_aranges
                0x0000000000000668       0x30 /home/yang0902/RIOT/examples/Task_1/bin/avr-rss2/ztimer_core/convert_frac.o
 .debug_aranges
                0x0000000000000698       0x70 /home/yang0902/RIOT/examples/Task_1/bin/avr-rss2/ztimer_core/core.o
 .debug_aranges
                0x0000000000000708       0x20 /home/yang0902/RIOT/examples/Task_1/bin/avr-rss2/ztimer_core/init.o
 .debug_aranges
                0x0000000000000728       0x40 /home/yang0902/RIOT/examples/Task_1/bin/avr-rss2/ztimer_core/periph_timer.o

.debug_pubnames
 *(.debug_pubnames)

.debug_info     0x0000000000000000    0x1248f
 *(.debug_info .gnu.linkonce.wi.*)
 .debug_info    0x0000000000000000     0x13e6 /usr/lib/gcc/avr/7.3.0/../../../avr/lib/avr6/crtatmega256rfr2.o
 .debug_info    0x00000000000013e6      0x640 /home/yang0902/RIOT/examples/Task_1/bin/avr-rss2/application_hello-world/main.o
 .debug_info    0x0000000000001a26      0x789 /home/yang0902/RIOT/examples/Task_1/bin/avr-rss2/atmega_common/atmega_cpu.o
 .debug_info    0x00000000000021af      0xec3 /home/yang0902/RIOT/examples/Task_1/bin/avr-rss2/atmega_common_periph/timer.o
 .debug_info    0x0000000000003072      0x9fc /home/yang0902/RIOT/examples/Task_1/bin/avr-rss2/atmega_common_periph/uart.o
 .debug_info    0x0000000000003a6e      0x519 /home/yang0902/RIOT/examples/Task_1/bin/avr-rss2/auto_init/auto_init.o
 .debug_info    0x0000000000003f87      0x637 /home/yang0902/RIOT/examples/Task_1/bin/avr-rss2/avr8_common/avr8_cpu.o
 .debug_info    0x00000000000045be      0x487 /home/yang0902/RIOT/examples/Task_1/bin/avr-rss2/avr8_common/startup.o
 .debug_info    0x0000000000004a45      0x819 /home/yang0902/RIOT/examples/Task_1/bin/avr-rss2/avr8_common/thread_arch.o
 .debug_info    0x000000000000525e      0x48f /home/yang0902/RIOT/examples/Task_1/bin/avr-rss2/avr8_common_periph/pm.o
 .debug_info    0x00000000000056ed      0x609 /home/yang0902/RIOT/examples/Task_1/bin/avr-rss2/avr_libc_extra/avr8_stdio.o
 .debug_info    0x0000000000005cf6      0x413 /home/yang0902/RIOT/examples/Task_1/bin/avr-rss2/board/led_init.o
 .debug_info    0x0000000000006109      0x413 /home/yang0902/RIOT/examples/Task_1/bin/avr-rss2/board_common_init/board_common.o
 .debug_info    0x000000000000651c      0xe3a /home/yang0902/RIOT/examples/Task_1/bin/avr-rss2/core/mutex.o
 .debug_info    0x0000000000007356      0xe86 /home/yang0902/RIOT/examples/Task_1/bin/avr-rss2/core/sched.o
 .debug_info    0x00000000000081dc     0x10d7 /home/yang0902/RIOT/examples/Task_1/bin/avr-rss2/core/thread.o
 .debug_info    0x00000000000092b3      0x66b /home/yang0902/RIOT/examples/Task_1/bin/avr-rss2/core_lib/assert.o
 .debug_info    0x000000000000991e      0x7ac /home/yang0902/RIOT/examples/Task_1/bin/avr-rss2/core_lib/init.o
 .debug_info    0x000000000000a0ca      0x5dd /home/yang0902/RIOT/examples/Task_1/bin/avr-rss2/core_lib/panic.o
 .debug_info    0x000000000000a6a7      0x734 /home/yang0902/RIOT/examples/Task_1/bin/avr-rss2/frac/frac.o
 .debug_info    0x000000000000addb      0x7fd /home/yang0902/RIOT/examples/Task_1/bin/avr-rss2/isrpipe/isrpipe.o
 .debug_info    0x000000000000b5d8      0x420 /home/yang0902/RIOT/examples/Task_1/bin/avr-rss2/periph_common/init.o
 .debug_info    0x000000000000b9f8      0x771 /home/yang0902/RIOT/examples/Task_1/bin/avr-rss2/pm_layered/pm.o
 .debug_info    0x000000000000c169      0xec8 /home/yang0902/RIOT/examples/Task_1/bin/avr-rss2/shell/shell.o
 .debug_info    0x000000000000d031      0x749 /home/yang0902/RIOT/examples/Task_1/bin/avr-rss2/stdio/stdio.o
 .debug_info    0x000000000000d77a      0x7b2 /home/yang0902/RIOT/examples/Task_1/bin/avr-rss2/stdio_uart/stdio_uart.o
 .debug_info    0x000000000000df2c      0xd0c /home/yang0902/RIOT/examples/Task_1/bin/avr-rss2/tsrb/tsrb.o
 .debug_info    0x000000000000ec38      0x80d /home/yang0902/RIOT/examples/Task_1/bin/avr-rss2/ztimer_core/convert.o
 .debug_info    0x000000000000f445      0xae3 /home/yang0902/RIOT/examples/Task_1/bin/avr-rss2/ztimer_core/convert_frac.o
 .debug_info    0x000000000000ff28     0x12ed /home/yang0902/RIOT/examples/Task_1/bin/avr-rss2/ztimer_core/core.o
 .debug_info    0x0000000000011215      0x92b /home/yang0902/RIOT/examples/Task_1/bin/avr-rss2/ztimer_core/init.o
 .debug_info    0x0000000000011b40      0x94f /home/yang0902/RIOT/examples/Task_1/bin/avr-rss2/ztimer_core/periph_timer.o

.debug_abbrev   0x0000000000000000     0x6489
 *(.debug_abbrev)
 .debug_abbrev  0x0000000000000000     0x12d6 /usr/lib/gcc/avr/7.3.0/../../../avr/lib/avr6/crtatmega256rfr2.o
 .debug_abbrev  0x00000000000012d6      0x1b5 /home/yang0902/RIOT/examples/Task_1/bin/avr-rss2/application_hello-world/main.o
 .debug_abbrev  0x000000000000148b      0x24c /home/yang0902/RIOT/examples/Task_1/bin/avr-rss2/atmega_common/atmega_cpu.o
 .debug_abbrev  0x00000000000016d7      0x3ad /home/yang0902/RIOT/examples/Task_1/bin/avr-rss2/atmega_common_periph/timer.o
 .debug_abbrev  0x0000000000001a84      0x352 /home/yang0902/RIOT/examples/Task_1/bin/avr-rss2/atmega_common_periph/uart.o
 .debug_abbrev  0x0000000000001dd6      0x1c6 /home/yang0902/RIOT/examples/Task_1/bin/avr-rss2/auto_init/auto_init.o
 .debug_abbrev  0x0000000000001f9c      0x25b /home/yang0902/RIOT/examples/Task_1/bin/avr-rss2/avr8_common/avr8_cpu.o
 .debug_abbrev  0x00000000000021f7      0x19b /home/yang0902/RIOT/examples/Task_1/bin/avr-rss2/avr8_common/startup.o
 .debug_abbrev  0x0000000000002392      0x2d0 /home/yang0902/RIOT/examples/Task_1/bin/avr-rss2/avr8_common/thread_arch.o
 .debug_abbrev  0x0000000000002662      0x19b /home/yang0902/RIOT/examples/Task_1/bin/avr-rss2/avr8_common_periph/pm.o
 .debug_abbrev  0x00000000000027fd      0x20f /home/yang0902/RIOT/examples/Task_1/bin/avr-rss2/avr_libc_extra/avr8_stdio.o
 .debug_abbrev  0x0000000000002a0c      0x156 /home/yang0902/RIOT/examples/Task_1/bin/avr-rss2/board/led_init.o
 .debug_abbrev  0x0000000000002b62      0x156 /home/yang0902/RIOT/examples/Task_1/bin/avr-rss2/board_common_init/board_common.o
 .debug_abbrev  0x0000000000002cb8      0x387 /home/yang0902/RIOT/examples/Task_1/bin/avr-rss2/core/mutex.o
 .debug_abbrev  0x000000000000303f      0x412 /home/yang0902/RIOT/examples/Task_1/bin/avr-rss2/core/sched.o
 .debug_abbrev  0x0000000000003451      0x3e2 /home/yang0902/RIOT/examples/Task_1/bin/avr-rss2/core/thread.o
 .debug_abbrev  0x0000000000003833      0x238 /home/yang0902/RIOT/examples/Task_1/bin/avr-rss2/core_lib/assert.o
 .debug_abbrev  0x0000000000003a6b      0x2a9 /home/yang0902/RIOT/examples/Task_1/bin/avr-rss2/core_lib/init.o
 .debug_abbrev  0x0000000000003d14      0x247 /home/yang0902/RIOT/examples/Task_1/bin/avr-rss2/core_lib/panic.o
 .debug_abbrev  0x0000000000003f5b      0x265 /home/yang0902/RIOT/examples/Task_1/bin/avr-rss2/frac/frac.o
 .debug_abbrev  0x00000000000041c0      0x26f /home/yang0902/RIOT/examples/Task_1/bin/avr-rss2/isrpipe/isrpipe.o
 .debug_abbrev  0x000000000000442f      0x16c /home/yang0902/RIOT/examples/Task_1/bin/avr-rss2/periph_common/init.o
 .debug_abbrev  0x000000000000459b      0x293 /home/yang0902/RIOT/examples/Task_1/bin/avr-rss2/pm_layered/pm.o
 .debug_abbrev  0x000000000000482e      0x4ba /home/yang0902/RIOT/examples/Task_1/bin/avr-rss2/shell/shell.o
 .debug_abbrev  0x0000000000004ce8      0x26e /home/yang0902/RIOT/examples/Task_1/bin/avr-rss2/stdio/stdio.o
 .debug_abbrev  0x0000000000004f56      0x2c8 /home/yang0902/RIOT/examples/Task_1/bin/avr-rss2/stdio_uart/stdio_uart.o
 .debug_abbrev  0x000000000000521e      0x288 /home/yang0902/RIOT/examples/Task_1/bin/avr-rss2/tsrb/tsrb.o
 .debug_abbrev  0x00000000000054a6      0x2a0 /home/yang0902/RIOT/examples/Task_1/bin/avr-rss2/ztimer_core/convert.o
 .debug_abbrev  0x0000000000005746      0x34c /home/yang0902/RIOT/examples/Task_1/bin/avr-rss2/ztimer_core/convert_frac.o
 .debug_abbrev  0x0000000000005a92      0x4c6 /home/yang0902/RIOT/examples/Task_1/bin/avr-rss2/ztimer_core/core.o
 .debug_abbrev  0x0000000000005f58      0x1f0 /home/yang0902/RIOT/examples/Task_1/bin/avr-rss2/ztimer_core/init.o
 .debug_abbrev  0x0000000000006148      0x341 /home/yang0902/RIOT/examples/Task_1/bin/avr-rss2/ztimer_core/periph_timer.o

.debug_line     0x0000000000000000     0xd732
 *(.debug_line .debug_line.* .debug_line_end)
 .debug_line    0x0000000000000000       0x1a /usr/lib/gcc/avr/7.3.0/../../../avr/lib/avr6/crtatmega256rfr2.o
 .debug_line    0x000000000000001a      0x6a6 /home/yang0902/RIOT/examples/Task_1/bin/avr-rss2/application_hello-world/main.o
 .debug_line    0x00000000000006c0      0x6bd /home/yang0902/RIOT/examples/Task_1/bin/avr-rss2/atmega_common/atmega_cpu.o
 .debug_line    0x0000000000000d7d      0xa04 /home/yang0902/RIOT/examples/Task_1/bin/avr-rss2/atmega_common_periph/timer.o
 .debug_line    0x0000000000001781      0x7bc /home/yang0902/RIOT/examples/Task_1/bin/avr-rss2/atmega_common_periph/uart.o
 .debug_line    0x0000000000001f3d      0x59b /home/yang0902/RIOT/examples/Task_1/bin/avr-rss2/auto_init/auto_init.o
 .debug_line    0x00000000000024d8      0x6d3 /home/yang0902/RIOT/examples/Task_1/bin/avr-rss2/avr8_common/avr8_cpu.o
 .debug_line    0x0000000000002bab      0x623 /home/yang0902/RIOT/examples/Task_1/bin/avr-rss2/avr8_common/startup.o
 .debug_line    0x00000000000031ce      0x7fe /home/yang0902/RIOT/examples/Task_1/bin/avr-rss2/avr8_common/thread_arch.o
 .debug_line    0x00000000000039cc      0x626 /home/yang0902/RIOT/examples/Task_1/bin/avr-rss2/avr8_common_periph/pm.o
 .debug_line    0x0000000000003ff2      0x708 /home/yang0902/RIOT/examples/Task_1/bin/avr-rss2/avr_libc_extra/avr8_stdio.o
 .debug_line    0x00000000000046fa      0x5ea /home/yang0902/RIOT/examples/Task_1/bin/avr-rss2/board/led_init.o
 .debug_line    0x0000000000004ce4      0x5e5 /home/yang0902/RIOT/examples/Task_1/bin/avr-rss2/board_common_init/board_common.o
 .debug_line    0x00000000000052c9      0x77b /home/yang0902/RIOT/examples/Task_1/bin/avr-rss2/core/mutex.o
 .debug_line    0x0000000000005a44      0x7cb /home/yang0902/RIOT/examples/Task_1/bin/avr-rss2/core/sched.o
 .debug_line    0x000000000000620f      0x8ff /home/yang0902/RIOT/examples/Task_1/bin/avr-rss2/core/thread.o
 .debug_line    0x0000000000006b0e      0x54a /home/yang0902/RIOT/examples/Task_1/bin/avr-rss2/core_lib/assert.o
 .debug_line    0x0000000000007058      0x737 /home/yang0902/RIOT/examples/Task_1/bin/avr-rss2/core_lib/init.o
 .debug_line    0x000000000000778f      0x653 /home/yang0902/RIOT/examples/Task_1/bin/avr-rss2/core_lib/panic.o
 .debug_line    0x0000000000007de2      0x5d0 /home/yang0902/RIOT/examples/Task_1/bin/avr-rss2/frac/frac.o
 .debug_line    0x00000000000083b2      0x571 /home/yang0902/RIOT/examples/Task_1/bin/avr-rss2/isrpipe/isrpipe.o
 .debug_line    0x0000000000008923      0x5a2 /home/yang0902/RIOT/examples/Task_1/bin/avr-rss2/periph_common/init.o
 .debug_line    0x0000000000008ec5      0x726 /home/yang0902/RIOT/examples/Task_1/bin/avr-rss2/pm_layered/pm.o
 .debug_line    0x00000000000095eb      0x99b /home/yang0902/RIOT/examples/Task_1/bin/avr-rss2/shell/shell.o
 .debug_line    0x0000000000009f86      0x5e6 /home/yang0902/RIOT/examples/Task_1/bin/avr-rss2/stdio/stdio.o
 .debug_line    0x000000000000a56c      0x708 /home/yang0902/RIOT/examples/Task_1/bin/avr-rss2/stdio_uart/stdio_uart.o
 .debug_line    0x000000000000ac74      0x740 /home/yang0902/RIOT/examples/Task_1/bin/avr-rss2/tsrb/tsrb.o
 .debug_line    0x000000000000b3b4      0x50a /home/yang0902/RIOT/examples/Task_1/bin/avr-rss2/ztimer_core/convert.o
 .debug_line    0x000000000000b8be      0x612 /home/yang0902/RIOT/examples/Task_1/bin/avr-rss2/ztimer_core/convert_frac.o
 .debug_line    0x000000000000bed0      0xa54 /home/yang0902/RIOT/examples/Task_1/bin/avr-rss2/ztimer_core/core.o
 .debug_line    0x000000000000c924      0x6ef /home/yang0902/RIOT/examples/Task_1/bin/avr-rss2/ztimer_core/init.o
 .debug_line    0x000000000000d013      0x71f /home/yang0902/RIOT/examples/Task_1/bin/avr-rss2/ztimer_core/periph_timer.o

.debug_frame    0x0000000000000000     0x1750
 *(.debug_frame)
 .debug_frame   0x0000000000000000       0x24 /home/yang0902/RIOT/examples/Task_1/bin/avr-rss2/application_hello-world/main.o
 .debug_frame   0x0000000000000024       0xd8 /home/yang0902/RIOT/examples/Task_1/bin/avr-rss2/atmega_common/atmega_cpu.o
 .debug_frame   0x00000000000000fc      0x4ac /home/yang0902/RIOT/examples/Task_1/bin/avr-rss2/atmega_common_periph/timer.o
 .debug_frame   0x00000000000005a8      0x200 /home/yang0902/RIOT/examples/Task_1/bin/avr-rss2/atmega_common_periph/uart.o
 .debug_frame   0x00000000000007a8       0x38 /home/yang0902/RIOT/examples/Task_1/bin/avr-rss2/auto_init/auto_init.o
 .debug_frame   0x00000000000007e0       0x60 /home/yang0902/RIOT/examples/Task_1/bin/avr-rss2/avr8_common/avr8_cpu.o
 .debug_frame   0x0000000000000840       0x44 /home/yang0902/RIOT/examples/Task_1/bin/avr-rss2/avr8_common/startup.o
 .debug_frame   0x0000000000000884       0xbc /home/yang0902/RIOT/examples/Task_1/bin/avr-rss2/avr8_common/thread_arch.o
 .debug_frame   0x0000000000000940       0x24 /home/yang0902/RIOT/examples/Task_1/bin/avr-rss2/avr8_common_periph/pm.o
 .debug_frame   0x0000000000000964       0x64 /home/yang0902/RIOT/examples/Task_1/bin/avr-rss2/avr_libc_extra/avr8_stdio.o
 .debug_frame   0x00000000000009c8       0x24 /home/yang0902/RIOT/examples/Task_1/bin/avr-rss2/board/led_init.o
 .debug_frame   0x00000000000009ec       0x24 /home/yang0902/RIOT/examples/Task_1/bin/avr-rss2/board_common_init/board_common.o
 .debug_frame   0x0000000000000a10       0xd8 /home/yang0902/RIOT/examples/Task_1/bin/avr-rss2/core/mutex.o
 .debug_frame   0x0000000000000ae8       0xc0 /home/yang0902/RIOT/examples/Task_1/bin/avr-rss2/core/sched.o
 .debug_frame   0x0000000000000ba8      0x130 /home/yang0902/RIOT/examples/Task_1/bin/avr-rss2/core/thread.o
 .debug_frame   0x0000000000000cd8       0x6c /home/yang0902/RIOT/examples/Task_1/bin/avr-rss2/core_lib/assert.o
 .debug_frame   0x0000000000000d44       0x60 /home/yang0902/RIOT/examples/Task_1/bin/avr-rss2/core_lib/init.o
 .debug_frame   0x0000000000000da4       0x5c /home/yang0902/RIOT/examples/Task_1/bin/avr-rss2/core_lib/panic.o
 .debug_frame   0x0000000000000e00       0xb4 /home/yang0902/RIOT/examples/Task_1/bin/avr-rss2/frac/frac.o
 .debug_frame   0x0000000000000eb4       0xa4 /home/yang0902/RIOT/examples/Task_1/bin/avr-rss2/isrpipe/isrpipe.o
 .debug_frame   0x0000000000000f58       0x24 /home/yang0902/RIOT/examples/Task_1/bin/avr-rss2/periph_common/init.o
 .debug_frame   0x0000000000000f7c       0x7c /home/yang0902/RIOT/examples/Task_1/bin/avr-rss2/pm_layered/pm.o
 .debug_frame   0x0000000000000ff8      0x15c /home/yang0902/RIOT/examples/Task_1/bin/avr-rss2/shell/shell.o
 .debug_frame   0x0000000000001154       0x44 /home/yang0902/RIOT/examples/Task_1/bin/avr-rss2/stdio/stdio.o
 .debug_frame   0x0000000000001198       0x6c /home/yang0902/RIOT/examples/Task_1/bin/avr-rss2/stdio_uart/stdio_uart.o
 .debug_frame   0x0000000000001204      0x188 /home/yang0902/RIOT/examples/Task_1/bin/avr-rss2/tsrb/tsrb.o
 .debug_frame   0x000000000000138c       0x70 /home/yang0902/RIOT/examples/Task_1/bin/avr-rss2/ztimer_core/convert.o
 .debug_frame   0x00000000000013fc       0xa4 /home/yang0902/RIOT/examples/Task_1/bin/avr-rss2/ztimer_core/convert_frac.o
 .debug_frame   0x00000000000014a0      0x1e4 /home/yang0902/RIOT/examples/Task_1/bin/avr-rss2/ztimer_core/core.o
 .debug_frame   0x0000000000001684       0x38 /home/yang0902/RIOT/examples/Task_1/bin/avr-rss2/ztimer_core/init.o
 .debug_frame   0x00000000000016bc       0x94 /home/yang0902/RIOT/examples/Task_1/bin/avr-rss2/ztimer_core/periph_timer.o

.debug_str      0x0000000000000000    0x5c4dc
 *(.debug_str)
 .debug_str     0x0000000000000000      0x7f7 /usr/lib/gcc/avr/7.3.0/../../../avr/lib/avr6/crtatmega256rfr2.o
 .debug_str     0x00000000000007f7    0x13507 /home/yang0902/RIOT/examples/Task_1/bin/avr-rss2/application_hello-world/main.o
                                      0x1382e (size before relaxing)
 .debug_str     0x0000000000013cfe      0x5db /home/yang0902/RIOT/examples/Task_1/bin/avr-rss2/atmega_common/atmega_cpu.o
                                      0x130ac (size before relaxing)
 .debug_str     0x00000000000142d9      0x345 /home/yang0902/RIOT/examples/Task_1/bin/avr-rss2/atmega_common_periph/timer.o
                                      0x130cb (size before relaxing)
 .debug_str     0x000000000001461e      0x6da /home/yang0902/RIOT/examples/Task_1/bin/avr-rss2/atmega_common_periph/uart.o
                                      0x12fdf (size before relaxing)
 .debug_str     0x0000000000014cf8    0x4485e /home/yang0902/RIOT/examples/Task_1/bin/avr-rss2/auto_init/auto_init.o
                                      0x5693f (size before relaxing)
 .debug_str     0x0000000000059556      0x219 /home/yang0902/RIOT/examples/Task_1/bin/avr-rss2/avr8_common/avr8_cpu.o
                                      0x13006 (size before relaxing)
 .debug_str     0x000000000005976f       0xb3 /home/yang0902/RIOT/examples/Task_1/bin/avr-rss2/avr8_common/startup.o
                                      0x12b77 (size before relaxing)
 .debug_str     0x0000000000059822      0x1df /home/yang0902/RIOT/examples/Task_1/bin/avr-rss2/avr8_common/thread_arch.o
                                      0x12e0c (size before relaxing)
 .debug_str     0x0000000000059a01      0x2a9 /home/yang0902/RIOT/examples/Task_1/bin/avr-rss2/avr8_common_periph/pm.o
                                      0x12d1b (size before relaxing)
 .debug_str     0x0000000000059caa      0x3e8 /home/yang0902/RIOT/examples/Task_1/bin/avr-rss2/avr_libc_extra/avr8_stdio.o
                                      0x134a3 (size before relaxing)
 .debug_str     0x000000000005a092       0xaa /home/yang0902/RIOT/examples/Task_1/bin/avr-rss2/board/led_init.o
                                      0x12b41 (size before relaxing)
 .debug_str     0x000000000005a13c       0xb6 /home/yang0902/RIOT/examples/Task_1/bin/avr-rss2/board_common_init/board_common.o
                                      0x12b58 (size before relaxing)
 .debug_str     0x000000000005a1f2      0x166 /home/yang0902/RIOT/examples/Task_1/bin/avr-rss2/core/mutex.o
                                      0x128c7 (size before relaxing)
 .debug_str     0x000000000005a358      0x635 /home/yang0902/RIOT/examples/Task_1/bin/avr-rss2/core/sched.o
                                      0x12a03 (size before relaxing)
 .debug_str     0x000000000005a98d      0x29a /home/yang0902/RIOT/examples/Task_1/bin/avr-rss2/core/thread.o
                                      0x12c9d (size before relaxing)
 .debug_str     0x000000000005ac27       0xcb /home/yang0902/RIOT/examples/Task_1/bin/avr-rss2/core_lib/assert.o
                                      0x1238f (size before relaxing)
 .debug_str     0x000000000005acf2      0x106 /home/yang0902/RIOT/examples/Task_1/bin/avr-rss2/core_lib/init.o
                                      0x139ff (size before relaxing)
 .debug_str     0x000000000005adf8       0xaa /home/yang0902/RIOT/examples/Task_1/bin/avr-rss2/core_lib/panic.o
                                      0x12a50 (size before relaxing)
 .debug_str     0x000000000005aea2       0xc9 /home/yang0902/RIOT/examples/Task_1/bin/avr-rss2/frac/frac.o
                                      0x11fbe (size before relaxing)
 .debug_str     0x000000000005af6b      0x11a /home/yang0902/RIOT/examples/Task_1/bin/avr-rss2/isrpipe/isrpipe.o
                                      0x12257 (size before relaxing)
 .debug_str     0x000000000005b085       0xb6 /home/yang0902/RIOT/examples/Task_1/bin/avr-rss2/periph_common/init.o
                                      0x12878 (size before relaxing)
 .debug_str     0x000000000005b13b       0xdd /home/yang0902/RIOT/examples/Task_1/bin/avr-rss2/pm_layered/pm.o
                                      0x12eee (size before relaxing)
 .debug_str     0x000000000005b218      0x43a /home/yang0902/RIOT/examples/Task_1/bin/avr-rss2/shell/shell.o
                                      0x13960 (size before relaxing)
 .debug_str     0x000000000005b652      0x1fe /home/yang0902/RIOT/examples/Task_1/bin/avr-rss2/stdio/stdio.o
                                      0x12e1b (size before relaxing)
 .debug_str     0x000000000005b850       0xe2 /home/yang0902/RIOT/examples/Task_1/bin/avr-rss2/stdio_uart/stdio_uart.o
                                      0x13b89 (size before relaxing)
 .debug_str     0x000000000005b932       0xc4 /home/yang0902/RIOT/examples/Task_1/bin/avr-rss2/tsrb/tsrb.o
                                      0x12131 (size before relaxing)
 .debug_str     0x000000000005b9f6      0x167 /home/yang0902/RIOT/examples/Task_1/bin/avr-rss2/ztimer_core/convert.o
                                      0x11ff1 (size before relaxing)
 .debug_str     0x000000000005bb5d      0x1c9 /home/yang0902/RIOT/examples/Task_1/bin/avr-rss2/ztimer_core/convert_frac.o
                                      0x12689 (size before relaxing)
 .debug_str     0x000000000005bd26      0x13b /home/yang0902/RIOT/examples/Task_1/bin/avr-rss2/ztimer_core/core.o
                                      0x13098 (size before relaxing)
 .debug_str     0x000000000005be61      0x542 /home/yang0902/RIOT/examples/Task_1/bin/avr-rss2/ztimer_core/init.o
                                      0x13594 (size before relaxing)
 .debug_str     0x000000000005c3a3      0x139 /home/yang0902/RIOT/examples/Task_1/bin/avr-rss2/ztimer_core/periph_timer.o
                                      0x12d9a (size before relaxing)

.debug_loc      0x0000000000000000     0x77f9
 *(.debug_loc)
 .debug_loc     0x0000000000000000      0x1f8 /home/yang0902/RIOT/examples/Task_1/bin/avr-rss2/atmega_common/atmega_cpu.o
 .debug_loc     0x00000000000001f8      0xf27 /home/yang0902/RIOT/examples/Task_1/bin/avr-rss2/atmega_common_periph/timer.o
 .debug_loc     0x000000000000111f      0x6c8 /home/yang0902/RIOT/examples/Task_1/bin/avr-rss2/atmega_common_periph/uart.o
 .debug_loc     0x00000000000017e7       0xbf /home/yang0902/RIOT/examples/Task_1/bin/avr-rss2/auto_init/auto_init.o
 .debug_loc     0x00000000000018a6      0x102 /home/yang0902/RIOT/examples/Task_1/bin/avr-rss2/avr8_common/avr8_cpu.o
 .debug_loc     0x00000000000019a8      0x3f2 /home/yang0902/RIOT/examples/Task_1/bin/avr-rss2/avr8_common/thread_arch.o
 .debug_loc     0x0000000000001d9a       0x9e /home/yang0902/RIOT/examples/Task_1/bin/avr-rss2/avr8_common_periph/pm.o
 .debug_loc     0x0000000000001e38       0xfb /home/yang0902/RIOT/examples/Task_1/bin/avr-rss2/avr_libc_extra/avr8_stdio.o
 .debug_loc     0x0000000000001f33      0x776 /home/yang0902/RIOT/examples/Task_1/bin/avr-rss2/core/mutex.o
 .debug_loc     0x00000000000026a9      0x6ba /home/yang0902/RIOT/examples/Task_1/bin/avr-rss2/core/sched.o
 .debug_loc     0x0000000000002d63      0x9fe /home/yang0902/RIOT/examples/Task_1/bin/avr-rss2/core/thread.o
 .debug_loc     0x0000000000003761      0x149 /home/yang0902/RIOT/examples/Task_1/bin/avr-rss2/core_lib/assert.o
 .debug_loc     0x00000000000038aa       0x62 /home/yang0902/RIOT/examples/Task_1/bin/avr-rss2/core_lib/init.o
 .debug_loc     0x000000000000390c       0xb9 /home/yang0902/RIOT/examples/Task_1/bin/avr-rss2/core_lib/panic.o
 .debug_loc     0x00000000000039c5      0x82a /home/yang0902/RIOT/examples/Task_1/bin/avr-rss2/frac/frac.o
 .debug_loc     0x00000000000041ef      0x4a8 /home/yang0902/RIOT/examples/Task_1/bin/avr-rss2/isrpipe/isrpipe.o
 .debug_loc     0x0000000000004697      0x1c4 /home/yang0902/RIOT/examples/Task_1/bin/avr-rss2/pm_layered/pm.o
 .debug_loc     0x000000000000485b      0xb5d /home/yang0902/RIOT/examples/Task_1/bin/avr-rss2/shell/shell.o
 .debug_loc     0x00000000000053b8       0x92 /home/yang0902/RIOT/examples/Task_1/bin/avr-rss2/stdio/stdio.o
 .debug_loc     0x000000000000544a      0x191 /home/yang0902/RIOT/examples/Task_1/bin/avr-rss2/stdio_uart/stdio_uart.o
 .debug_loc     0x00000000000055db      0xa98 /home/yang0902/RIOT/examples/Task_1/bin/avr-rss2/tsrb/tsrb.o
 .debug_loc     0x0000000000006073      0x130 /home/yang0902/RIOT/examples/Task_1/bin/avr-rss2/ztimer_core/convert.o
 .debug_loc     0x00000000000061a3      0x459 /home/yang0902/RIOT/examples/Task_1/bin/avr-rss2/ztimer_core/convert_frac.o
 .debug_loc     0x00000000000065fc      0xd9c /home/yang0902/RIOT/examples/Task_1/bin/avr-rss2/ztimer_core/core.o
 .debug_loc     0x0000000000007398       0x49 /home/yang0902/RIOT/examples/Task_1/bin/avr-rss2/ztimer_core/init.o
 .debug_loc     0x00000000000073e1      0x418 /home/yang0902/RIOT/examples/Task_1/bin/avr-rss2/ztimer_core/periph_timer.o

.debug_macinfo
 *(.debug_macinfo)

.debug_weaknames
 *(.debug_weaknames)

.debug_funcnames
 *(.debug_funcnames)

.debug_typenames
 *(.debug_typenames)

.debug_varnames
 *(.debug_varnames)

.debug_pubtypes
 *(.debug_pubtypes)

.debug_ranges   0x0000000000000000      0x928
 *(.debug_ranges)
 .debug_ranges  0x0000000000000000       0x10 /home/yang0902/RIOT/examples/Task_1/bin/avr-rss2/application_hello-world/main.o
 .debug_ranges  0x0000000000000010       0x28 /home/yang0902/RIOT/examples/Task_1/bin/avr-rss2/atmega_common/atmega_cpu.o
 .debug_ranges  0x0000000000000038       0xb0 /home/yang0902/RIOT/examples/Task_1/bin/avr-rss2/atmega_common_periph/timer.o
 .debug_ranges  0x00000000000000e8       0x98 /home/yang0902/RIOT/examples/Task_1/bin/avr-rss2/atmega_common_periph/uart.o
 .debug_ranges  0x0000000000000180       0x28 /home/yang0902/RIOT/examples/Task_1/bin/avr-rss2/auto_init/auto_init.o
 .debug_ranges  0x00000000000001a8       0x20 /home/yang0902/RIOT/examples/Task_1/bin/avr-rss2/avr8_common/avr8_cpu.o
 .debug_ranges  0x00000000000001c8       0x20 /home/yang0902/RIOT/examples/Task_1/bin/avr-rss2/avr8_common/startup.o
 .debug_ranges  0x00000000000001e8       0x30 /home/yang0902/RIOT/examples/Task_1/bin/avr-rss2/avr8_common/thread_arch.o
 .debug_ranges  0x0000000000000218       0x10 /home/yang0902/RIOT/examples/Task_1/bin/avr-rss2/avr8_common_periph/pm.o
 .debug_ranges  0x0000000000000228       0x20 /home/yang0902/RIOT/examples/Task_1/bin/avr-rss2/avr_libc_extra/avr8_stdio.o
 .debug_ranges  0x0000000000000248       0x10 /home/yang0902/RIOT/examples/Task_1/bin/avr-rss2/board/led_init.o
 .debug_ranges  0x0000000000000258       0x10 /home/yang0902/RIOT/examples/Task_1/bin/avr-rss2/board_common_init/board_common.o
 .debug_ranges  0x0000000000000268       0x60 /home/yang0902/RIOT/examples/Task_1/bin/avr-rss2/core/mutex.o
 .debug_ranges  0x00000000000002c8      0x128 /home/yang0902/RIOT/examples/Task_1/bin/avr-rss2/core/sched.o
 .debug_ranges  0x00000000000003f0       0x60 /home/yang0902/RIOT/examples/Task_1/bin/avr-rss2/core/thread.o
 .debug_ranges  0x0000000000000450       0x20 /home/yang0902/RIOT/examples/Task_1/bin/avr-rss2/core_lib/assert.o
 .debug_ranges  0x0000000000000470       0x28 /home/yang0902/RIOT/examples/Task_1/bin/avr-rss2/core_lib/init.o
 .debug_ranges  0x0000000000000498       0x20 /home/yang0902/RIOT/examples/Task_1/bin/avr-rss2/core_lib/panic.o
 .debug_ranges  0x00000000000004b8       0x80 /home/yang0902/RIOT/examples/Task_1/bin/avr-rss2/frac/frac.o
 .debug_ranges  0x0000000000000538       0x28 /home/yang0902/RIOT/examples/Task_1/bin/avr-rss2/isrpipe/isrpipe.o
 .debug_ranges  0x0000000000000560       0x10 /home/yang0902/RIOT/examples/Task_1/bin/avr-rss2/periph_common/init.o
 .debug_ranges  0x0000000000000570       0x30 /home/yang0902/RIOT/examples/Task_1/bin/avr-rss2/pm_layered/pm.o
 .debug_ranges  0x00000000000005a0      0x158 /home/yang0902/RIOT/examples/Task_1/bin/avr-rss2/shell/shell.o
 .debug_ranges  0x00000000000006f8       0x20 /home/yang0902/RIOT/examples/Task_1/bin/avr-rss2/stdio/stdio.o
 .debug_ranges  0x0000000000000718       0x28 /home/yang0902/RIOT/examples/Task_1/bin/avr-rss2/stdio_uart/stdio_uart.o
 .debug_ranges  0x0000000000000740       0x58 /home/yang0902/RIOT/examples/Task_1/bin/avr-rss2/tsrb/tsrb.o
 .debug_ranges  0x0000000000000798       0x20 /home/yang0902/RIOT/examples/Task_1/bin/avr-rss2/ztimer_core/convert.o
 .debug_ranges  0x00000000000007b8       0x38 /home/yang0902/RIOT/examples/Task_1/bin/avr-rss2/ztimer_core/convert_frac.o
 .debug_ranges  0x00000000000007f0       0xe0 /home/yang0902/RIOT/examples/Task_1/bin/avr-rss2/ztimer_core/core.o
 .debug_ranges  0x00000000000008d0       0x10 /home/yang0902/RIOT/examples/Task_1/bin/avr-rss2/ztimer_core/init.o
 .debug_ranges  0x00000000000008e0       0x48 /home/yang0902/RIOT/examples/Task_1/bin/avr-rss2/ztimer_core/periph_timer.o

.debug_addr
 *(.debug_addr)

.debug_line_str
 *(.debug_line_str)

.debug_loclists
 *(.debug_loclists)

.debug_macro    0x0000000000000000    0x33469
 *(.debug_macro)
 .debug_macro   0x0000000000000000      0x39b /home/yang0902/RIOT/examples/Task_1/bin/avr-rss2/application_hello-world/main.o
 .debug_macro   0x000000000000039b      0xb80 /home/yang0902/RIOT/examples/Task_1/bin/avr-rss2/application_hello-world/main.o
 .debug_macro   0x0000000000000f1b      0x1f6 /home/yang0902/RIOT/examples/Task_1/bin/avr-rss2/application_hello-world/main.o
 .debug_macro   0x0000000000001111      0x1c9 /home/yang0902/RIOT/examples/Task_1/bin/avr-rss2/application_hello-world/main.o
 .debug_macro   0x00000000000012da      0x2fc /home/yang0902/RIOT/examples/Task_1/bin/avr-rss2/application_hello-world/main.o
 .debug_macro   0x00000000000015d6       0x1c /home/yang0902/RIOT/examples/Task_1/bin/avr-rss2/application_hello-world/main.o
 .debug_macro   0x00000000000015f2       0x58 /home/yang0902/RIOT/examples/Task_1/bin/avr-rss2/application_hello-world/main.o
 .debug_macro   0x000000000000164a       0x10 /home/yang0902/RIOT/examples/Task_1/bin/avr-rss2/application_hello-world/main.o
 .debug_macro   0x000000000000165a       0x97 /home/yang0902/RIOT/examples/Task_1/bin/avr-rss2/application_hello-world/main.o
 .debug_macro   0x00000000000016f1       0xf2 /home/yang0902/RIOT/examples/Task_1/bin/avr-rss2/application_hello-world/main.o
 .debug_macro   0x00000000000017e3       0x16 /home/yang0902/RIOT/examples/Task_1/bin/avr-rss2/application_hello-world/main.o
 .debug_macro   0x00000000000017f9       0x20 /home/yang0902/RIOT/examples/Task_1/bin/avr-rss2/application_hello-world/main.o
 .debug_macro   0x0000000000001819       0x16 /home/yang0902/RIOT/examples/Task_1/bin/avr-rss2/application_hello-world/main.o
 .debug_macro   0x000000000000182f       0xaa /home/yang0902/RIOT/examples/Task_1/bin/avr-rss2/application_hello-world/main.o
 .debug_macro   0x00000000000018d9     0x37da /home/yang0902/RIOT/examples/Task_1/bin/avr-rss2/application_hello-world/main.o
 .debug_macro   0x00000000000050b3      0x219 /home/yang0902/RIOT/examples/Task_1/bin/avr-rss2/application_hello-world/main.o
 .debug_macro   0x00000000000052cc       0xd9 /home/yang0902/RIOT/examples/Task_1/bin/avr-rss2/application_hello-world/main.o
 .debug_macro   0x00000000000053a5       0x34 /home/yang0902/RIOT/examples/Task_1/bin/avr-rss2/application_hello-world/main.o
 .debug_macro   0x00000000000053d9       0x18 /home/yang0902/RIOT/examples/Task_1/bin/avr-rss2/application_hello-world/main.o
 .debug_macro   0x00000000000053f1       0x6c /home/yang0902/RIOT/examples/Task_1/bin/avr-rss2/application_hello-world/main.o
 .debug_macro   0x000000000000545d      0x10d /home/yang0902/RIOT/examples/Task_1/bin/avr-rss2/application_hello-world/main.o
 .debug_macro   0x000000000000556a       0x7c /home/yang0902/RIOT/examples/Task_1/bin/avr-rss2/application_hello-world/main.o
 .debug_macro   0x00000000000055e6       0x2e /home/yang0902/RIOT/examples/Task_1/bin/avr-rss2/application_hello-world/main.o
 .debug_macro   0x0000000000005614       0x2e /home/yang0902/RIOT/examples/Task_1/bin/avr-rss2/application_hello-world/main.o
 .debug_macro   0x0000000000005642       0x10 /home/yang0902/RIOT/examples/Task_1/bin/avr-rss2/application_hello-world/main.o
 .debug_macro   0x0000000000005652       0x2b /home/yang0902/RIOT/examples/Task_1/bin/avr-rss2/application_hello-world/main.o
 .debug_macro   0x000000000000567d       0x4a /home/yang0902/RIOT/examples/Task_1/bin/avr-rss2/application_hello-world/main.o
 .debug_macro   0x00000000000056c7       0xfd /home/yang0902/RIOT/examples/Task_1/bin/avr-rss2/application_hello-world/main.o
 .debug_macro   0x00000000000057c4       0x16 /home/yang0902/RIOT/examples/Task_1/bin/avr-rss2/application_hello-world/main.o
 .debug_macro   0x00000000000057da       0x10 /home/yang0902/RIOT/examples/Task_1/bin/avr-rss2/application_hello-world/main.o
 .debug_macro   0x00000000000057ea       0x35 /home/yang0902/RIOT/examples/Task_1/bin/avr-rss2/application_hello-world/main.o
 .debug_macro   0x000000000000581f      0x175 /home/yang0902/RIOT/examples/Task_1/bin/avr-rss2/application_hello-world/main.o
 .debug_macro   0x0000000000005994       0x16 /home/yang0902/RIOT/examples/Task_1/bin/avr-rss2/application_hello-world/main.o
 .debug_macro   0x00000000000059aa       0x75 /home/yang0902/RIOT/examples/Task_1/bin/avr-rss2/application_hello-world/main.o
 .debug_macro   0x0000000000005a1f       0x22 /home/yang0902/RIOT/examples/Task_1/bin/avr-rss2/application_hello-world/main.o
 .debug_macro   0x0000000000005a41       0x3e /home/yang0902/RIOT/examples/Task_1/bin/avr-rss2/application_hello-world/main.o
 .debug_macro   0x0000000000005a7f       0x12 /home/yang0902/RIOT/examples/Task_1/bin/avr-rss2/application_hello-world/main.o
 .debug_macro   0x0000000000005a91       0x3c /home/yang0902/RIOT/examples/Task_1/bin/avr-rss2/application_hello-world/main.o
 .debug_macro   0x0000000000005acd       0x35 /home/yang0902/RIOT/examples/Task_1/bin/avr-rss2/application_hello-world/main.o
 .debug_macro   0x0000000000005b02       0x70 /home/yang0902/RIOT/examples/Task_1/bin/avr-rss2/application_hello-world/main.o
 .debug_macro   0x0000000000005b72      0x10c /home/yang0902/RIOT/examples/Task_1/bin/avr-rss2/application_hello-world/main.o
 .debug_macro   0x0000000000005c7e       0x1c /home/yang0902/RIOT/examples/Task_1/bin/avr-rss2/application_hello-world/main.o
 .debug_macro   0x0000000000005c9a       0x6f /home/yang0902/RIOT/examples/Task_1/bin/avr-rss2/application_hello-world/main.o
 .debug_macro   0x0000000000005d09       0x19 /home/yang0902/RIOT/examples/Task_1/bin/avr-rss2/application_hello-world/main.o
 .debug_macro   0x0000000000005d22       0x10 /home/yang0902/RIOT/examples/Task_1/bin/avr-rss2/application_hello-world/main.o
 .debug_macro   0x0000000000005d32       0x69 /home/yang0902/RIOT/examples/Task_1/bin/avr-rss2/application_hello-world/main.o
 .debug_macro   0x0000000000005d9b       0x22 /home/yang0902/RIOT/examples/Task_1/bin/avr-rss2/application_hello-world/main.o
 .debug_macro   0x0000000000005dbd       0x2e /home/yang0902/RIOT/examples/Task_1/bin/avr-rss2/application_hello-world/main.o
 .debug_macro   0x0000000000005deb       0xe8 /home/yang0902/RIOT/examples/Task_1/bin/avr-rss2/application_hello-world/main.o
 .debug_macro   0x0000000000005ed3       0x3a /home/yang0902/RIOT/examples/Task_1/bin/avr-rss2/application_hello-world/main.o
 .debug_macro   0x0000000000005f0d       0x10 /home/yang0902/RIOT/examples/Task_1/bin/avr-rss2/application_hello-world/main.o
 .debug_macro   0x0000000000005f1d       0x51 /home/yang0902/RIOT/examples/Task_1/bin/avr-rss2/application_hello-world/main.o
 .debug_macro   0x0000000000005f6e       0x82 /home/yang0902/RIOT/examples/Task_1/bin/avr-rss2/application_hello-world/main.o
 .debug_macro   0x0000000000005ff0       0xa6 /home/yang0902/RIOT/examples/Task_1/bin/avr-rss2/application_hello-world/main.o
 .debug_macro   0x0000000000006096       0x10 /home/yang0902/RIOT/examples/Task_1/bin/avr-rss2/application_hello-world/main.o
 .debug_macro   0x00000000000060a6       0x12 /home/yang0902/RIOT/examples/Task_1/bin/avr-rss2/application_hello-world/main.o
 .debug_macro   0x00000000000060b8       0x1c /home/yang0902/RIOT/examples/Task_1/bin/avr-rss2/application_hello-world/main.o
 .debug_macro   0x00000000000060d4       0x10 /home/yang0902/RIOT/examples/Task_1/bin/avr-rss2/application_hello-world/main.o
 .debug_macro   0x00000000000060e4       0x4b /home/yang0902/RIOT/examples/Task_1/bin/avr-rss2/application_hello-world/main.o
 .debug_macro   0x000000000000612f       0x23 /home/yang0902/RIOT/examples/Task_1/bin/avr-rss2/application_hello-world/main.o
 .debug_macro   0x0000000000006152       0x1c /home/yang0902/RIOT/examples/Task_1/bin/avr-rss2/application_hello-world/main.o
 .debug_macro   0x000000000000616e       0x5a /home/yang0902/RIOT/examples/Task_1/bin/avr-rss2/application_hello-world/main.o
 .debug_macro   0x00000000000061c8      0x31a /home/yang0902/RIOT/examples/Task_1/bin/avr-rss2/atmega_common/atmega_cpu.o
 .debug_macro   0x00000000000064e2      0xb80 /home/yang0902/RIOT/examples/Task_1/bin/avr-rss2/atmega_common/atmega_cpu.o
 .debug_macro   0x0000000000007062       0x42 /home/yang0902/RIOT/examples/Task_1/bin/avr-rss2/atmega_common/atmega_cpu.o
 .debug_macro   0x00000000000070a4       0x2f /home/yang0902/RIOT/examples/Task_1/bin/avr-rss2/atmega_common/atmega_cpu.o
 .debug_macro   0x00000000000070d3      0x305 /home/yang0902/RIOT/examples/Task_1/bin/avr-rss2/atmega_common_periph/timer.o
 .debug_macro   0x00000000000073d8      0xb80 /home/yang0902/RIOT/examples/Task_1/bin/avr-rss2/atmega_common_periph/timer.o
 .debug_macro   0x0000000000007f58       0x25 /home/yang0902/RIOT/examples/Task_1/bin/avr-rss2/atmega_common_periph/timer.o
 .debug_macro   0x0000000000007f7d      0x302 /home/yang0902/RIOT/examples/Task_1/bin/avr-rss2/atmega_common_periph/timer.o
 .debug_macro   0x000000000000827f       0x63 /home/yang0902/RIOT/examples/Task_1/bin/avr-rss2/atmega_common_periph/timer.o
 .debug_macro   0x00000000000082e2       0x50 /home/yang0902/RIOT/examples/Task_1/bin/avr-rss2/atmega_common_periph/timer.o
 .debug_macro   0x0000000000008332       0x28 /home/yang0902/RIOT/examples/Task_1/bin/avr-rss2/atmega_common_periph/timer.o
 .debug_macro   0x000000000000835a      0x2eb /home/yang0902/RIOT/examples/Task_1/bin/avr-rss2/atmega_common_periph/uart.o
 .debug_macro   0x0000000000008645      0xb80 /home/yang0902/RIOT/examples/Task_1/bin/avr-rss2/atmega_common_periph/uart.o
 .debug_macro   0x00000000000091c5      0x21c /home/yang0902/RIOT/examples/Task_1/bin/avr-rss2/atmega_common_periph/uart.o
 .debug_macro   0x00000000000093e1       0x16 /home/yang0902/RIOT/examples/Task_1/bin/avr-rss2/atmega_common_periph/uart.o
 .debug_macro   0x00000000000093f7      0x29f /home/yang0902/RIOT/examples/Task_1/bin/avr-rss2/auto_init/auto_init.o
 .debug_macro   0x0000000000009696      0xb80 /home/yang0902/RIOT/examples/Task_1/bin/avr-rss2/auto_init/auto_init.o
 .debug_macro   0x000000000000a216       0x10 /home/yang0902/RIOT/examples/Task_1/bin/avr-rss2/auto_init/auto_init.o
 .debug_macro   0x000000000000a226    0x11111 /home/yang0902/RIOT/examples/Task_1/bin/avr-rss2/auto_init/auto_init.o
 .debug_macro   0x000000000001b337       0x16 /home/yang0902/RIOT/examples/Task_1/bin/avr-rss2/auto_init/auto_init.o
 .debug_macro   0x000000000001b34d      0x1ab /home/yang0902/RIOT/examples/Task_1/bin/avr-rss2/auto_init/auto_init.o
 .debug_macro   0x000000000001b4f8       0x23 /home/yang0902/RIOT/examples/Task_1/bin/avr-rss2/auto_init/auto_init.o
 .debug_macro   0x000000000001b51b      0x318 /home/yang0902/RIOT/examples/Task_1/bin/avr-rss2/avr8_common/avr8_cpu.o
 .debug_macro   0x000000000001b833      0xb80 /home/yang0902/RIOT/examples/Task_1/bin/avr-rss2/avr8_common/avr8_cpu.o
 .debug_macro   0x000000000001c3b3       0x68 /home/yang0902/RIOT/examples/Task_1/bin/avr-rss2/avr8_common/avr8_cpu.o
 .debug_macro   0x000000000001c41b       0x89 /home/yang0902/RIOT/examples/Task_1/bin/avr-rss2/avr8_common/avr8_cpu.o
 .debug_macro   0x000000000001c4a4      0x181 /home/yang0902/RIOT/examples/Task_1/bin/avr-rss2/avr8_common/avr8_cpu.o
 .debug_macro   0x000000000001c625       0x1c /home/yang0902/RIOT/examples/Task_1/bin/avr-rss2/avr8_common/avr8_cpu.o
 .debug_macro   0x000000000001c641      0x2c9 /home/yang0902/RIOT/examples/Task_1/bin/avr-rss2/avr8_common/startup.o
 .debug_macro   0x000000000001c90a      0xb80 /home/yang0902/RIOT/examples/Task_1/bin/avr-rss2/avr8_common/startup.o
 .debug_macro   0x000000000001d48a      0x308 /home/yang0902/RIOT/examples/Task_1/bin/avr-rss2/avr8_common/thread_arch.o
 .debug_macro   0x000000000001d792      0xb80 /home/yang0902/RIOT/examples/Task_1/bin/avr-rss2/avr8_common/thread_arch.o
 .debug_macro   0x000000000001e312      0x2f9 /home/yang0902/RIOT/examples/Task_1/bin/avr-rss2/avr8_common_periph/pm.o
 .debug_macro   0x000000000001e60b      0xb80 /home/yang0902/RIOT/examples/Task_1/bin/avr-rss2/avr8_common_periph/pm.o
 .debug_macro   0x000000000001f18b       0x35 /home/yang0902/RIOT/examples/Task_1/bin/avr-rss2/avr8_common_periph/pm.o
 .debug_macro   0x000000000001f1c0      0x37b /home/yang0902/RIOT/examples/Task_1/bin/avr-rss2/avr_libc_extra/avr8_stdio.o
 .debug_macro   0x000000000001f53b      0xb80 /home/yang0902/RIOT/examples/Task_1/bin/avr-rss2/avr_libc_extra/avr8_stdio.o
 .debug_macro   0x00000000000200bb       0x40 /home/yang0902/RIOT/examples/Task_1/bin/avr-rss2/avr_libc_extra/avr8_stdio.o