Archive member included to satisfy reference by file (symbol)

/usr/lib/gcc/avr/7.3.0/avr6/libgcc.a(_mulsi3.o)
                              /home/yang0902/RIOT/examples/Task_2/bin/avr-rss2/application_hello-world/main.o (__mulsi3)
/usr/lib/gcc/avr/7.3.0/avr6/libgcc.a(_udivmodhi4.o)
                              /home/yang0902/RIOT/examples/Task_2/bin/avr-rss2/shell/shell.o (__udivmodhi4)
/usr/lib/gcc/avr/7.3.0/avr6/libgcc.a(_udivmodsi4.o)
                              /home/yang0902/RIOT/examples/Task_2/bin/avr-rss2/atmega_common_periph/uart.o (__udivmodsi4)
/usr/lib/gcc/avr/7.3.0/avr6/libgcc.a(_exit.o)
                              /usr/lib/gcc/avr/7.3.0/../../../avr/lib/avr6/crtatmega256rfr2.o (exit)
/usr/lib/gcc/avr/7.3.0/avr6/libgcc.a(_copy_data.o)
                              /home/yang0902/RIOT/examples/Task_2/bin/avr-rss2/application_hello-world/main.o (__do_copy_data)
/usr/lib/gcc/avr/7.3.0/avr6/libgcc.a(_clear_bss.o)
                              /home/yang0902/RIOT/examples/Task_2/bin/avr-rss2/application_hello-world/main.o (__do_clear_bss)
/usr/lib/gcc/avr/7.3.0/avr6/libgcc.a(_umulhisi3.o)
                              /home/yang0902/RIOT/examples/Task_2/bin/avr-rss2/malloc_thread_safe/malloc_wrappers.o (__umulhisi3)
/usr/lib/gcc/avr/7.3.0/avr6/libgcc.a(_muluhisi3.o)
                              /usr/lib/gcc/avr/7.3.0/avr6/libgcc.a(_mulsi3.o) (__muluhisi3)
/usr/lib/gcc/avr/7.3.0/avr6/libgcc.a(_muldi3.o)
                              /home/yang0902/RIOT/examples/Task_2/bin/avr-rss2/div/div.o (__muldi3)
/usr/lib/gcc/avr/7.3.0/avr6/libgcc.a(_muldi3_6.o)
                              /usr/lib/gcc/avr/7.3.0/avr6/libgcc.a(_muldi3.o) (__muldi3_6)
/usr/lib/gcc/avr/7.3.0/avr6/libgcc.a(_umulsidi3.o)
                              /home/yang0902/RIOT/examples/Task_2/bin/avr-rss2/ztimer_core/convert_frac.o (__umulsidi3)
/usr/lib/gcc/avr/7.3.0/avr6/libgcc.a(_ashldi3.o)
                              /home/yang0902/RIOT/examples/Task_2/bin/avr-rss2/frac/frac.o (__ashldi3)
/usr/lib/gcc/avr/7.3.0/avr6/libgcc.a(_ashrdi3.o)
                              /home/yang0902/RIOT/examples/Task_2/bin/avr-rss2/div/div.o (__lshrdi3)
/usr/lib/gcc/avr/7.3.0/avr6/libgcc.a(_adddi3.o)
                              /home/yang0902/RIOT/examples/Task_2/bin/avr-rss2/core_lib/atomic_c11.o (__adddi3)
/usr/lib/gcc/avr/7.3.0/avr6/libgcc.a(_subdi3.o)
                              /home/yang0902/RIOT/examples/Task_2/bin/avr-rss2/core_lib/atomic_c11.o (__subdi3)
/usr/lib/gcc/avr/7.3.0/avr6/libgcc.a(_cmpdi2.o)
                              /home/yang0902/RIOT/examples/Task_2/bin/avr-rss2/core_lib/atomic_c11.o (__cmpdi2)
/usr/lib/gcc/avr/7.3.0/avr6/libgcc.a(_cmpdi2_s8.o)
                              /home/yang0902/RIOT/examples/Task_2/bin/avr-rss2/frac/frac.o (__cmpdi2_s8)
/usr/lib/gcc/avr/7.3.0/../../../avr/lib/avr6/libc.a(errno.o)
                              /home/yang0902/RIOT/examples/Task_2/bin/avr-rss2/avr_libc_extra/posix_unistd.o (errno)
/usr/lib/gcc/avr/7.3.0/../../../avr/lib/avr6/libc.a(malloc.o)
                              /home/yang0902/RIOT/examples/Task_2/bin/avr-rss2/malloc_thread_safe/malloc_wrappers.o (malloc)
/usr/lib/gcc/avr/7.3.0/../../../avr/lib/avr6/libc.a(realloc.o)
                              /home/yang0902/RIOT/examples/Task_2/bin/avr-rss2/malloc_thread_safe/malloc_wrappers.o (realloc)
/usr/lib/gcc/avr/7.3.0/../../../avr/lib/avr6/libc.a(atoi.o)
                              /home/yang0902/RIOT/examples/Task_2/bin/avr-rss2/application_hello-world/main.o (atoi)
/usr/lib/gcc/avr/7.3.0/../../../avr/lib/avr6/libc.a(strcmp_P.o)
                              /home/yang0902/RIOT/examples/Task_2/bin/avr-rss2/shell/shell.o (strcmp_P)
/usr/lib/gcc/avr/7.3.0/../../../avr/lib/avr6/libc.a(strncpy_P.o)
                              /home/yang0902/RIOT/examples/Task_2/bin/avr-rss2/tiny_strerror/tiny_strerror.o (strncpy_P)
/usr/lib/gcc/avr/7.3.0/../../../avr/lib/avr6/libc.a(memcmp.o)
                              /home/yang0902/RIOT/examples/Task_2/bin/avr-rss2/core_lib/atomic_c11.o (memcmp)
/usr/lib/gcc/avr/7.3.0/../../../avr/lib/avr6/libc.a(memcpy.o)
                              /home/yang0902/RIOT/examples/Task_2/bin/avr-rss2/core/msg.o (memcpy)
/usr/lib/gcc/avr/7.3.0/../../../avr/lib/avr6/libc.a(memset.o)
                              /home/yang0902/RIOT/examples/Task_2/bin/avr-rss2/malloc_thread_safe/malloc_wrappers.o (memset)
/usr/lib/gcc/avr/7.3.0/../../../avr/lib/avr6/libc.a(strcmp.o)
                              /home/yang0902/RIOT/examples/Task_2/bin/avr-rss2/shell/shell.o (strcmp)
/usr/lib/gcc/avr/7.3.0/../../../avr/lib/avr6/libc.a(strlen.o)
                              /home/yang0902/RIOT/examples/Task_2/bin/avr-rss2/shell/shell.o (strlen)
/usr/lib/gcc/avr/7.3.0/../../../avr/lib/avr6/libc.a(mul10.o)
                              /usr/lib/gcc/avr/7.3.0/../../../avr/lib/avr6/libc.a(atoi.o) (__mulhi_const_10)
/usr/lib/gcc/avr/7.3.0/../../../avr/lib/avr6/libc.a(fgetc.o)
[...]
Memory Configuration

Name             Origin             Length             Attributes
text             0x0000000000000000 0x000000000003f000 xr
data             0x0000000000800200 0x0000000000008000 rw !x
eeprom           0x0000000000810000 0x0000000000002000 rw !x
fuse             0x0000000000820000 0x0000000000000003 rw !x
lock             0x0000000000830000 0x0000000000000400 rw !x
signature        0x0000000000840000 0x0000000000000400 rw !x
user_signatures  0x0000000000850000 0x0000000000000400 rw !x
*default*        0x0000000000000000 0xffffffffffffffff

Linker script and memory map

Address of section .data set to 0x800200
LOAD /usr/lib/gcc/avr/7.3.0/../../../avr/lib/avr6/crtatmega256rfr2.o
LOAD /home/yang0902/RIOT/examples/Task_2/bin/avr-rss2/application_hello-world/main.o
LOAD /home/yang0902/RIOT/examples/Task_2/bin/avr-rss2/atmega_common/atmega_cpu.o
LOAD /home/yang0902/RIOT/examples/Task_2/bin/avr-rss2/atmega_common_periph/gpio.o
LOAD /home/yang0902/RIOT/examples/Task_2/bin/avr-rss2/atmega_common_periph/pm.o
LOAD /home/yang0902/RIOT/examples/Task_2/bin/avr-rss2/atmega_common_periph/timer.o
LOAD /home/yang0902/RIOT/examples/Task_2/bin/avr-rss2/atmega_common_periph/uart.o
LOAD /home/yang0902/RIOT/examples/Task_2/bin/avr-rss2/auto_init/auto_init.o
LOAD /home/yang0902/RIOT/examples/Task_2/bin/avr-rss2/avr8_common/avr8_cpu.o
LOAD /home/yang0902/RIOT/examples/Task_2/bin/avr-rss2/avr8_common/startup.o
LOAD /home/yang0902/RIOT/examples/Task_2/bin/avr-rss2/avr8_common/thread_arch.o
LOAD /home/yang0902/RIOT/examples/Task_2/bin/avr-rss2/avr8_common/work_around_for_shitty_ubuntu_toolchain.o
LOAD /home/yang0902/RIOT/examples/Task_2/bin/avr-rss2/avr8_common_periph/pm.o
LOAD /home/yang0902/RIOT/examples/Task_2/bin/avr-rss2/avr_libc_extra/avr8_stdio.o
LOAD /home/yang0902/RIOT/examples/Task_2/bin/avr-rss2/avr_libc_extra/posix_unistd.o
LOAD /home/yang0902/RIOT/examples/Task_2/bin/avr-rss2/board/led_init.o
LOAD /home/yang0902/RIOT/examples/Task_2/bin/avr-rss2/board_common_init/board_common.o
LOAD /home/yang0902/RIOT/examples/Task_2/bin/avr-rss2/core/cond.o
LOAD /home/yang0902/RIOT/examples/Task_2/bin/avr-rss2/core/msg.o
LOAD /home/yang0902/RIOT/examples/Task_2/bin/avr-rss2/core/mutex.o
LOAD /home/yang0902/RIOT/examples/Task_2/bin/avr-rss2/core/sched.o
LOAD /home/yang0902/RIOT/examples/Task_2/bin/avr-rss2/core/thread.o
LOAD /home/yang0902/RIOT/examples/Task_2/bin/avr-rss2/core_lib/assert.o
LOAD /home/yang0902/RIOT/examples/Task_2/bin/avr-rss2/core_lib/atomic_c11.o
LOAD /home/yang0902/RIOT/examples/Task_2/bin/avr-rss2/core_lib/atomic_sync.o
LOAD /home/yang0902/RIOT/examples/Task_2/bin/avr-rss2/core_lib/bitarithm.o
LOAD /home/yang0902/RIOT/examples/Task_2/bin/avr-rss2/core_lib/clist.o
LOAD /home/yang0902/RIOT/examples/Task_2/bin/avr-rss2/core_lib/init.o
LOAD /home/yang0902/RIOT/examples/Task_2/bin/avr-rss2/core_lib/panic.o
LOAD /home/yang0902/RIOT/examples/Task_2/bin/avr-rss2/core_lib/priority_queue.o
LOAD /home/yang0902/RIOT/examples/Task_2/bin/avr-rss2/core_lib/ringbuffer.o
LOAD /home/yang0902/RIOT/examples/Task_2/bin/avr-rss2/core_lib/rmutex.o
LOAD /home/yang0902/RIOT/examples/Task_2/bin/avr-rss2/div/div.o
LOAD /home/yang0902/RIOT/examples/Task_2/bin/avr-rss2/frac/frac.o
LOAD /home/yang0902/RIOT/examples/Task_2/bin/avr-rss2/isrpipe/isrpipe.o
LOAD /home/yang0902/RIOT/examples/Task_2/bin/avr-rss2/libc/string.o
LOAD /home/yang0902/RIOT/examples/Task_2/bin/avr-rss2/malloc_thread_safe/malloc_wrappers.o
LOAD /home/yang0902/RIOT/examples/Task_2/bin/avr-rss2/periph_common/gpio.o
LOAD /home/yang0902/RIOT/examples/Task_2/bin/avr-rss2/periph_common/init.o
LOAD /home/yang0902/RIOT/examples/Task_2/bin/avr-rss2/periph_common/init_leds.o
LOAD /home/yang0902/RIOT/examples/Task_2/bin/avr-rss2/periph_common/pm.o
LOAD /home/yang0902/RIOT/examples/Task_2/bin/avr-rss2/periph_common/timer.o
LOAD /home/yang0902/RIOT/examples/Task_2/bin/avr-rss2/pm_layered/pm.o
LOAD /home/yang0902/RIOT/examples/Task_2/bin/avr-rss2/shell/shell.o
LOAD /home/yang0902/RIOT/examples/Task_2/bin/avr-rss2/stdio/stdio.o
LOAD /home/yang0902/RIOT/examples/Task_2/bin/avr-rss2/stdio_uart/stdio_uart.o
LOAD /home/yang0902/RIOT/examples/Task_2/bin/avr-rss2/tiny_strerror/tiny_strerror.o
LOAD /home/yang0902/RIOT/examples/Task_2/bin/avr-rss2/tsrb/tsrb.o
LOAD /home/yang0902/RIOT/examples/Task_2/bin/avr-rss2/ztimer_core/convert.o
LOAD /home/yang0902/RIOT/examples/Task_2/bin/avr-rss2/ztimer_core/convert_frac.o
LOAD /home/yang0902/RIOT/examples/Task_2/bin/avr-rss2/ztimer_core/convert_shift.o
LOAD /home/yang0902/RIOT/examples/Task_2/bin/avr-rss2/ztimer_core/core.o
LOAD /home/yang0902/RIOT/examples/Task_2/bin/avr-rss2/ztimer_core/init.o
LOAD /home/yang0902/RIOT/examples/Task_2/bin/avr-rss2/ztimer_core/periodic.o
LOAD /home/yang0902/RIOT/examples/Task_2/bin/avr-rss2/ztimer_core/periph_timer.o
LOAD /home/yang0902/RIOT/examples/Task_2/bin/avr-rss2/ztimer_core/util.o
LOAD /usr/lib/gcc/avr/7.3.0/../../../avr/lib/avr6/libm.a
                0x00000000000030aa                flash_printf = printf_P
                0x0000000000000000                flash_fprintf = fprintf_P
                0x0000000000000000                flash_snprintf = snprintf_P
LOAD /usr/lib/gcc/avr/7.3.0/avr6/libgcc.a
                0x000000000003f000                __TEXT_REGION_LENGTH__ = 0x3f000
                0x0000000000008000                __DATA_REGION_LENGTH__ = 0x8000
                0x0000000000040000                _slot_aux_offset = 0x40000
                0x0000000000000000                _slot_aux_len = 0x0
START GROUP
LOAD /usr/lib/gcc/avr/7.3.0/avr6/libgcc.a
LOAD /usr/lib/gcc/avr/7.3.0/../../../avr/lib/avr6/libm.a
LOAD /usr/lib/gcc/avr/7.3.0/../../../avr/lib/avr6/libc.a
LOAD /usr/lib/gcc/avr/7.3.0/../../../avr/lib/avr6/libatmega256rfr2.a
END GROUP
                [0x000000000003f000]                __TEXT_REGION_LENGTH__ = DEFINED (__TEXT_REGION_LENGTH__)?__TEXT_REGION_LENGTH__:0x100000
                [0x0000000000008000]                __DATA_REGION_LENGTH__ = DEFINED (__DATA_REGION_LENGTH__)?__DATA_REGION_LENGTH__:0xfe00
                [0x0000000000002000]                __EEPROM_REGION_LENGTH__ = DEFINED (__EEPROM_REGION_LENGTH__)?__EEPROM_REGION_LENGTH__:0x10000
                [0x0000000000000003]                __FUSE_REGION_LENGTH__ = DEFINED (__FUSE_REGION_LENGTH__)?__FUSE_REGION_LENGTH__:0x400
                0x0000000000000400                __LOCK_REGION_LENGTH__ = DEFINED (__LOCK_REGION_LENGTH__)?__LOCK_REGION_LENGTH__:0x400
                0x0000000000000400                __SIGNATURE_REGION_LENGTH__ = DEFINED (__SIGNATURE_REGION_LENGTH__)?__SIGNATURE_REGION_LENGTH__:0x400
                0x0000000000000400                __USER_SIGNATURE_REGION_LENGTH__ = DEFINED (__USER_SIGNATURE_REGION_LENGTH__)?__USER_SIGNATURE_REGION_LENGTH__:0x400

.hash
 *(.hash)

.dynsym
 *(.dynsym)

.dynstr
 *(.dynstr)

.gnu.version
 *(.gnu.version)

.gnu.version_d
 *(.gnu.version_d)

.gnu.version_r
 *(.gnu.version_r)

.rel.init
 *(.rel.init)

.rela.init
 *(.rela.init)

.rel.text
 *(.rel.text)
 *(.rel.text.*)
 *(.rel.gnu.linkonce.t*)

.rela.text
 *(.rela.text)
 *(.rela.text.*)
 *(.rela.gnu.linkonce.t*)

.rel.fini
 *(.rel.fini)

.rela.fini
 *(.rela.fini)

.rel.rodata
 *(.rel.rodata)
 *(.rel.rodata.*)
 *(.rel.gnu.linkonce.r*)

.rela.rodata
 *(.rela.rodata)
 *(.rela.rodata.*)
 *(.rela.gnu.linkonce.r*)

.rel.data
 *(.rel.data)
 *(.rel.data.*)
 *(.rel.gnu.linkonce.d*)

.rela.data
 *(.rela.data)
 *(.rela.data.*)
 *(.rela.gnu.linkonce.d*)

.rel.ctors
 *(.rel.ctors)

.rela.ctors
 *(.rela.ctors)

.rel.dtors
 *(.rel.dtors)

.rela.dtors
 *(.rela.dtors)

.rel.got
 *(.rel.got)

.rela.got
 *(.rela.got)

.rel.bss
 *(.rel.bss)

.rela.bss
 *(.rela.bss)

.rel.plt
 *(.rel.plt)

.rela.plt
 *(.rela.plt)

.text           0x0000000000000000     0x363e
 *(.vectors)
 .vectors       0x0000000000000000      0x134 /usr/lib/gcc/avr/7.3.0/../../../avr/lib/avr6/crtatmega256rfr2.o
                0x0000000000000000                __vectors
 *(.vectors)
 *(.progmem.gcc*)
                0x0000000000000134                . = ALIGN (0x2)
                0x0000000000000134                __trampolines_start = .
 *(.trampolines)
 .trampolines   0x0000000000000134       0x48 linker stubs
 *(.trampolines*)
                0x000000000000017c                __trampolines_end = .
 *libprintf_flt.a:*(.progmem.data)
 *libc.a:*(.progmem.data)
 *(.progmem.*)
 .progmem.data.__c.2748
                0x000000000000017c       0x25 /home/yang0902/RIOT/examples/Task_2/bin/avr-rss2/application_hello-world/main.o
 .progmem.data.__c.2746
                0x00000000000001a1       0x19 /home/yang0902/RIOT/examples/Task_2/bin/avr-rss2/application_hello-world/main.o
 .progmem.data.__c.2744
                0x00000000000001ba       0x17 /home/yang0902/RIOT/examples/Task_2/bin/avr-rss2/application_hello-world/main.o
 .progmem.data.__c.2760
                0x00000000000001d1       0x22 /home/yang0902/RIOT/examples/Task_2/bin/avr-rss2/application_hello-world/main.o
 .progmem.data.__c.2758
                0x00000000000001f3       0x28 /home/yang0902/RIOT/examples/Task_2/bin/avr-rss2/application_hello-world/main.o
 .progmem.data.__c.2263
                0x000000000000021b       0x18 /home/yang0902/RIOT/examples/Task_2/bin/avr-rss2/atmega_common/atmega_cpu.o
 .progmem.data.__c.2261
                0x0000000000000233       0x1b /home/yang0902/RIOT/examples/Task_2/bin/avr-rss2/atmega_common/atmega_cpu.o
 .progmem.data.__c.2259
                0x000000000000024e       0x13 /home/yang0902/RIOT/examples/Task_2/bin/avr-rss2/atmega_common/atmega_cpu.o
 .progmem.data.__c.2257
                0x0000000000000261       0x12 /home/yang0902/RIOT/examples/Task_2/bin/avr-rss2/atmega_common/atmega_cpu.o
 .progmem.data.prescalers
                0x0000000000000273        0x5 /home/yang0902/RIOT/examples/Task_2/bin/avr-rss2/atmega_common_periph/timer.o
 .progmem.data.__c.2122
                0x0000000000000278       0x2e /home/yang0902/RIOT/examples/Task_2/bin/avr-rss2/core/sched.o
 .progmem.data.__c.2068
                0x00000000000002a6        0xa /home/yang0902/RIOT/examples/Task_2/bin/avr-rss2/core_lib/assert.o
 .progmem.data.__c.2545
                0x00000000000002b0       0x3b /home/yang0902/RIOT/examples/Task_2/bin/avr-rss2/core_lib/init.o
 .progmem.data.__c.2172
                0x00000000000002eb        0xe /home/yang0902/RIOT/examples/Task_2/bin/avr-rss2/core_lib/panic.o
 .progmem.data.__c.2170
                0x00000000000002f9       0x1c /home/yang0902/RIOT/examples/Task_2/bin/avr-rss2/core_lib/panic.o
 .progmem.data.__c.2501
                0x0000000000000315       0x25 /home/yang0902/RIOT/examples/Task_2/bin/avr-rss2/shell/shell.o
 .progmem.data.__c.2411
                0x000000000000033a        0xa /home/yang0902/RIOT/examples/Task_2/bin/avr-rss2/shell/shell.o
 .progmem.data.__c.2400
                0x0000000000000344        0xa /home/yang0902/RIOT/examples/Task_2/bin/avr-rss2/shell/shell.o
 .progmem.data.__c.2419
                0x000000000000034e       0x4a /home/yang0902/RIOT/examples/Task_2/bin/avr-rss2/shell/shell.o
 .progmem.data.__c.2449
                0x0000000000000398       0x1e /home/yang0902/RIOT/examples/Task_2/bin/avr-rss2/shell/shell.o
 .progmem.data.__c.2440
                0x00000000000003b6       0x1a /home/yang0902/RIOT/examples/Task_2/bin/avr-rss2/shell/shell.o
                0x00000000000003d0                . = ALIGN (0x2)
 *(.lowtext)
 *(.lowtext*)
                0x00000000000003d0                __ctors_start = .
 *(.ctors)
                0x00000000000003d0                __ctors_end = .
                0x00000000000003d0                __dtors_start = .
 *(.dtors)
                0x00000000000003d0                __dtors_end = .
 SORT(*)(.ctors)
 SORT(*)(.dtors)
 *(.init0)
 .init0         0x00000000000003d0        0x0 /usr/lib/gcc/avr/7.3.0/../../../avr/lib/avr6/crtatmega256rfr2.o
                0x00000000000003d0                __init
 .init0         0x00000000000003d0        0xc /home/yang0902/RIOT/examples/Task_2/bin/avr-rss2/avr8_common/avr8_cpu.o
                0x00000000000003d0                get_mcusr
 *(.init0)
 *(.init1)
 *(.init1)
 *(.init2)
 .init2         0x00000000000003dc       0x10 /usr/lib/gcc/avr/7.3.0/../../../avr/lib/avr6/crtatmega256rfr2.o
 *(.init2)
 *(.init3)
 *(.init3)
 *(.init4)
 .init4         0x00000000000003ec       0x1a /usr/lib/gcc/avr/7.3.0/avr6/libgcc.a(_copy_data.o)
                0x00000000000003ec                __do_copy_data
 .init4         0x0000000000000406       0x10 /usr/lib/gcc/avr/7.3.0/avr6/libgcc.a(_clear_bss.o)
                0x0000000000000406                __do_clear_bss
 *(.init4)
 *(.init5)
 *(.init5)
 *(.init6)
 *(.init6)
 *(.init7)
 .init7         0x0000000000000416        0x4 /home/yang0902/RIOT/examples/Task_2/bin/avr-rss2/avr8_common/startup.o
                0x0000000000000416                init7_ovr
 *(.init7)
 *(.init8)
 .init8         0x000000000000041a        0x4 /home/yang0902/RIOT/examples/Task_2/bin/avr-rss2/avr8_common/startup.o
                0x000000000000041a                init8_ovr
 *(.init8)
 *(.init9)
 .init9         0x000000000000041e        0x8 /usr/lib/gcc/avr/7.3.0/../../../avr/lib/avr6/crtatmega256rfr2.o
 *(.init9)
 *(.text)
 .text          0x0000000000000426        0x4 /usr/lib/gcc/avr/7.3.0/../../../avr/lib/avr6/crtatmega256rfr2.o
                0x0000000000000426                __vector_22
                0x0000000000000426                __vector_63
                0x0000000000000426                __vector_28
                0x0000000000000426                __vector_67
                0x0000000000000426                __vector_1
                0x0000000000000426                __vector_32
                0x0000000000000426                __vector_75
                0x0000000000000426                __vector_34
                0x0000000000000426                __vector_62
                0x0000000000000426                __vector_24
                0x0000000000000426                __vector_12
                0x0000000000000426                __vector_55
                0x0000000000000426                __vector_69
                0x0000000000000426                __vector_46
                0x0000000000000426                __bad_interrupt
                0x0000000000000426                __vector_72
                0x0000000000000426                __vector_6
                0x0000000000000426                __vector_31
                0x0000000000000426                __vector_35
                0x0000000000000426                __vector_74
                0x0000000000000426                __vector_39
                0x0000000000000426                __vector_3
                0x0000000000000426                __vector_23
                0x0000000000000426                __vector_68
                0x0000000000000426                __vector_30
                0x0000000000000426                __vector_73
                0x0000000000000426                __vector_45
                0x0000000000000426                __vector_61
                0x0000000000000426                __vector_11
                0x0000000000000426                __vector_54
                0x0000000000000426                __vector_13
                0x0000000000000426                __vector_56
                0x0000000000000426                __vector_7
                0x0000000000000426                __vector_41
                0x0000000000000426                __vector_64
                0x0000000000000426                __vector_5
                0x0000000000000426                __vector_33
                0x0000000000000426                __vector_76
                0x0000000000000426                __vector_52
                0x0000000000000426                __vector_37
                0x0000000000000426                __vector_4
                0x0000000000000426                __vector_51
                0x0000000000000426                __vector_9
                0x0000000000000426                __vector_2
                0x0000000000000426                __vector_21
                0x0000000000000426                __vector_15
                0x0000000000000426                __vector_66
                0x0000000000000426                __vector_58
                0x0000000000000426                __vector_70
                0x0000000000000426                __vector_29
                0x0000000000000426                __vector_60
                0x0000000000000426                __vector_40
                0x0000000000000426                __vector_8
                0x0000000000000426                __vector_26
                0x0000000000000426                __vector_14
                0x0000000000000426                __vector_57
                0x0000000000000426                __vector_53
                0x0000000000000426                __vector_10
                0x0000000000000426                __vector_50
                0x0000000000000426                __vector_16
                0x0000000000000426                __vector_59
                0x0000000000000426                __vector_20
                0x0000000000000426                __vector_65
                0x000000000000042a                . = ALIGN (0x2)
 *(.text.*)
 .text.cmd_set_interval
                0x000000000000042a       0x52 /home/yang0902/RIOT/examples/Task_2/bin/avr-rss2/application_hello-world/main.o
 .text.timer_thread
                0x000000000000047c       0x66 /home/yang0902/RIOT/examples/Task_2/bin/avr-rss2/application_hello-world/main.o
                0x000000000000047c                timer_thread
 .text.startup.main
                0x00000000000004e2       0x86 /home/yang0902/RIOT/examples/Task_2/bin/avr-rss2/application_hello-world/main.o
                0x00000000000004e2                main
 .text.avr8_reset_cause
                0x0000000000000568        0x2 /home/yang0902/RIOT/examples/Task_2/bin/avr-rss2/atmega_common/atmega_cpu.o
                0x0000000000000568                avr8_reset_cause
 .text.avr8_clk_init
                0x000000000000056a        0xc /home/yang0902/RIOT/examples/Task_2/bin/avr-rss2/atmega_common/atmega_cpu.o
                0x000000000000056a                avr8_clk_init
 .text.__vector_default
                0x0000000000000576       0x68 /home/yang0902/RIOT/examples/Task_2/bin/avr-rss2/atmega_common/atmega_cpu.o
                0x0000000000000576                __vector_default
 .text.__vector_71
                0x00000000000005de       0x56 /home/yang0902/RIOT/examples/Task_2/bin/avr-rss2/atmega_common/atmega_cpu.o
                0x00000000000005de                __vector_71
 .text.avr8_enter_isr
                0x0000000000000634        0x8 /home/yang0902/RIOT/examples/Task_2/bin/avr-rss2/atmega_common_periph/timer.o
 .text.timer_init
                0x000000000000063c       0xb4 /home/yang0902/RIOT/examples/Task_2/bin/avr-rss2/atmega_common_periph/timer.o
                0x000000000000063c                timer_init
 .text.timer_set
                0x00000000000006f0      0x110 /home/yang0902/RIOT/examples/Task_2/bin/avr-rss2/atmega_common_periph/timer.o
                0x00000000000006f0                timer_set
 .text.timer_clear
                0x0000000000000800       0x3c /home/yang0902/RIOT/examples/Task_2/bin/avr-rss2/atmega_common_periph/timer.o
                0x0000000000000800                timer_clear
 .text._isr     0x000000000000083c       0x72 /home/yang0902/RIOT/examples/Task_2/bin/avr-rss2/atmega_common_periph/timer.o
 .text.timer_read
                0x00000000000008ae       0x22 /home/yang0902/RIOT/examples/Task_2/bin/avr-rss2/atmega_common_periph/timer.o
                0x00000000000008ae                timer_read
 .text.__vector_42
                0x00000000000008d0       0x5e /home/yang0902/RIOT/examples/Task_2/bin/avr-rss2/atmega_common_periph/timer.o
                0x00000000000008d0                __vector_42
 .text.__vector_43
                0x000000000000092e       0x5e /home/yang0902/RIOT/examples/Task_2/bin/avr-rss2/atmega_common_periph/timer.o
                0x000000000000092e                __vector_43
 .text.__vector_44
                0x000000000000098c       0x5e /home/yang0902/RIOT/examples/Task_2/bin/avr-rss2/atmega_common_periph/timer.o
                0x000000000000098c                __vector_44
 .text.__vector_47
                0x00000000000009ea       0x5e /home/yang0902/RIOT/examples/Task_2/bin/avr-rss2/atmega_common_periph/timer.o
                0x00000000000009ea                __vector_47
 .text.__vector_48
                0x0000000000000a48       0x5e /home/yang0902/RIOT/examples/Task_2/bin/avr-rss2/atmega_common_periph/timer.o
                0x0000000000000a48                __vector_48
 .text.__vector_49
                0x0000000000000aa6       0x5e /home/yang0902/RIOT/examples/Task_2/bin/avr-rss2/atmega_common_periph/timer.o
                0x0000000000000aa6                __vector_49
 .text.__vector_17
                0x0000000000000b04       0x5e /home/yang0902/RIOT/examples/Task_2/bin/avr-rss2/atmega_common_periph/timer.o
                0x0000000000000b04                __vector_17
 .text.__vector_18
                0x0000000000000b62       0x5e /home/yang0902/RIOT/examples/Task_2/bin/avr-rss2/atmega_common_periph/timer.o
                0x0000000000000b62                __vector_18
 .text.__vector_19
                0x0000000000000bc0       0x5e /home/yang0902/RIOT/examples/Task_2/bin/avr-rss2/atmega_common_periph/timer.o
                0x0000000000000bc0                __vector_19
 .text.avr8_enter_isr
                0x0000000000000c1e        0x8 /home/yang0902/RIOT/examples/Task_2/bin/avr-rss2/atmega_common_periph/uart.o
 .text._rx_isr_handler
                0x0000000000000c26       0x2e /home/yang0902/RIOT/examples/Task_2/bin/avr-rss2/atmega_common_periph/uart.o
 .text.uart_init
                0x0000000000000c54       0xb0 /home/yang0902/RIOT/examples/Task_2/bin/avr-rss2/atmega_common_periph/uart.o
                0x0000000000000c54                uart_init
 .text.uart_write
                0x0000000000000d04       0x58 /home/yang0902/RIOT/examples/Task_2/bin/avr-rss2/atmega_common_periph/uart.o
                0x0000000000000d04                uart_write
 .text.__vector_25
                0x0000000000000d5c       0x5c /home/yang0902/RIOT/examples/Task_2/bin/avr-rss2/atmega_common_periph/uart.o
                0x0000000000000d5c                __vector_25
 .text.__vector_36
                0x0000000000000db8       0x5c /home/yang0902/RIOT/examples/Task_2/bin/avr-rss2/atmega_common_periph/uart.o
                0x0000000000000db8                __vector_36
 .text.__vector_27
                0x0000000000000e14       0x56 /home/yang0902/RIOT/examples/Task_2/bin/avr-rss2/atmega_common_periph/uart.o
                0x0000000000000e14                __vector_27
 .text.__vector_38
                0x0000000000000e6a       0x56 /home/yang0902/RIOT/examples/Task_2/bin/avr-rss2/atmega_common_periph/uart.o
                0x0000000000000e6a                __vector_38
 .text.auto_init
                0x0000000000000ec0       0x40 /home/yang0902/RIOT/examples/Task_2/bin/avr-rss2/auto_init/auto_init.o
                0x0000000000000ec0                auto_init
 .text.cpu_init
                0x0000000000000f00       0x32 /home/yang0902/RIOT/examples/Task_2/bin/avr-rss2/avr8_common/avr8_cpu.o
                0x0000000000000f00                cpu_init
 .text.reset_handler
                0x0000000000000f32        0xc /home/yang0902/RIOT/examples/Task_2/bin/avr-rss2/avr8_common/startup.o
                0x0000000000000f32                reset_handler
 .text.thread_stack_init
                0x0000000000000f3e       0x6a /home/yang0902/RIOT/examples/Task_2/bin/avr-rss2/avr8_common/thread_arch.o
                0x0000000000000f3e                thread_stack_init
 .text.cpu_switch_context_exit
                0x0000000000000fa8       0x9a /home/yang0902/RIOT/examples/Task_2/bin/avr-rss2/avr8_common/thread_arch.o
                0x0000000000000fa8                cpu_switch_context_exit
 .text.thread_yield_higher
                0x0000000000001042       0xd6 /home/yang0902/RIOT/examples/Task_2/bin/avr-rss2/avr8_common/thread_arch.o
                0x0000000000001042                thread_yield_higher
 .text.avr8_exit_isr
                0x0000000000001118       0xde /home/yang0902/RIOT/examples/Task_2/bin/avr-rss2/avr8_common/thread_arch.o
                0x0000000000001118                avr8_exit_isr
 .text.pm_set   0x00000000000011f6       0x52 /home/yang0902/RIOT/examples/Task_2/bin/avr-rss2/avr8_common_periph/pm.o
                0x00000000000011f6                pm_set
 .text._uart_getchar
                0x0000000000001248       0x26 /home/yang0902/RIOT/examples/Task_2/bin/avr-rss2/avr_libc_extra/avr8_stdio.o
 .text._uart_putchar
                0x000000000000126e       0x24 /home/yang0902/RIOT/examples/Task_2/bin/avr-rss2/avr_libc_extra/avr8_stdio.o
 .text.avr8_stdio_init
                0x0000000000001292       0x20 /home/yang0902/RIOT/examples/Task_2/bin/avr-rss2/avr_libc_extra/avr8_stdio.o
                0x0000000000001292                avr8_stdio_init
 .text.led_init
                0x00000000000012b2        0xe /home/yang0902/RIOT/examples/Task_2/bin/avr-rss2/board/led_init.o
                0x00000000000012b2                led_init
 .text.board_init
                0x00000000000012c0        0x2 /home/yang0902/RIOT/examples/Task_2/bin/avr-rss2/board_common_init/board_common.o
                0x00000000000012c0                board_init
 .text.mutex_lock_internal
                0x00000000000012c2       0x90 /home/yang0902/RIOT/examples/Task_2/bin/avr-rss2/core/mutex.o
                0x00000000000012c2                mutex_lock_internal
 .text.mutex_unlock
                0x0000000000001352       0x60 /home/yang0902/RIOT/examples/Task_2/bin/avr-rss2/core/mutex.o
                0x0000000000001352                mutex_unlock
 .text.clist_remove
                0x00000000000013b2       0x74 /home/yang0902/RIOT/examples/Task_2/bin/avr-rss2/core/sched.o
 .text.sched_run
                0x0000000000001426       0xa0 /home/yang0902/RIOT/examples/Task_2/bin/avr-rss2/core/sched.o
                0x0000000000001426                sched_run
 .text.sched_set_status
                0x00000000000014c6      0x106 /home/yang0902/RIOT/examples/Task_2/bin/avr-rss2/core/sched.o
                0x00000000000014c6                sched_set_status
 .text.sched_switch
                0x00000000000015cc       0x32 /home/yang0902/RIOT/examples/Task_2/bin/avr-rss2/core/sched.o
                0x00000000000015cc                sched_switch
 .text.sched_task_exit
                0x00000000000015fe       0x44 /home/yang0902/RIOT/examples/Task_2/bin/avr-rss2/core/sched.o
                0x00000000000015fe                sched_task_exit
 .text.thread_sleep
                0x0000000000001642       0x2a /home/yang0902/RIOT/examples/Task_2/bin/avr-rss2/core/thread.o
                0x0000000000001642                thread_sleep
 .text.thread_add_to_list
                0x000000000000166c       0x3c /home/yang0902/RIOT/examples/Task_2/bin/avr-rss2/core/thread.o
                0x000000000000166c                thread_add_to_list
 .text.thread_create
                0x00000000000016a8      0x13e /home/yang0902/RIOT/examples/Task_2/bin/avr-rss2/core/thread.o
                0x00000000000016a8                thread_create
 .text._assert_common
                0x00000000000017e6       0x24 /home/yang0902/RIOT/examples/Task_2/bin/avr-rss2/core_lib/assert.o
 .text._assert_panic
                0x000000000000180a       0x34 /home/yang0902/RIOT/examples/Task_2/bin/avr-rss2/core_lib/assert.o
                0x000000000000180a                _assert_panic
 .text.main_trampoline
                0x000000000000183e       0x1e /home/yang0902/RIOT/examples/Task_2/bin/avr-rss2/core_lib/init.o
 .text.idle_thread
                0x000000000000185c        0x6 /home/yang0902/RIOT/examples/Task_2/bin/avr-rss2/core_lib/init.o
 .text.kernel_init
                0x0000000000001862       0x48 /home/yang0902/RIOT/examples/Task_2/bin/avr-rss2/core_lib/init.o
                0x0000000000001862                kernel_init
 .text.early_init
                0x00000000000018aa        0x8 /home/yang0902/RIOT/examples/Task_2/bin/avr-rss2/core_lib/init.o
                0x00000000000018aa                early_init
 .text.panic_arch
                0x00000000000018b2        0x2 /home/yang0902/RIOT/examples/Task_2/bin/avr-rss2/core_lib/panic.o
                0x00000000000018b2                panic_arch
 .text.panic_app
                0x00000000000018b4        0x2 /home/yang0902/RIOT/examples/Task_2/bin/avr-rss2/core_lib/panic.o
                0x00000000000018b4                panic_app
 .text.core_panic
                0x00000000000018b6       0x52 /home/yang0902/RIOT/examples/Task_2/bin/avr-rss2/core_lib/panic.o
                0x00000000000018b6                core_panic
 .text.gcd32    0x0000000000001908       0xac /home/yang0902/RIOT/examples/Task_2/bin/avr-rss2/frac/frac.o
                0x0000000000001908                gcd32
 .text.frac_init
                0x00000000000019b4      0x29a /home/yang0902/RIOT/examples/Task_2/bin/avr-rss2/frac/frac.o
                0x00000000000019b4                frac_init
 .text.isrpipe_write_one
                0x0000000000001c4e       0x24 /home/yang0902/RIOT/examples/Task_2/bin/avr-rss2/isrpipe/isrpipe.o
                0x0000000000001c4e                isrpipe_write_one
 .text.isrpipe_read
                0x0000000000001c72       0x48 /home/yang0902/RIOT/examples/Task_2/bin/avr-rss2/isrpipe/isrpipe.o
                0x0000000000001c72                isrpipe_read
 .text.periph_init
                0x0000000000001cba        0x2 /home/yang0902/RIOT/examples/Task_2/bin/avr-rss2/periph_common/init.o
                0x0000000000001cba                periph_init
 .text.pm_set_lowest
                0x0000000000001cbc       0x38 /home/yang0902/RIOT/examples/Task_2/bin/avr-rss2/pm_layered/pm.o
                0x0000000000001cbc                pm_set_lowest
 .text.pm_block
                0x0000000000001cf4       0x20 /home/yang0902/RIOT/examples/Task_2/bin/avr-rss2/pm_layered/pm.o
                0x0000000000001cf4                pm_block
 .text.pm_unblock
                0x0000000000001d14       0x20 /home/yang0902/RIOT/examples/Task_2/bin/avr-rss2/pm_layered/pm.o
                0x0000000000001d14                pm_unblock
 .text.pm_off   0x0000000000001d34        0xe /home/yang0902/RIOT/examples/Task_2/bin/avr-rss2/pm_layered/pm.o
                0x0000000000001d34                pm_off
 .text.print_prompt
                0x0000000000001d42       0x24 /home/yang0902/RIOT/examples/Task_2/bin/avr-rss2/shell/shell.o
 .text.shell_handle_input_line
                0x0000000000001d66      0x30c /home/yang0902/RIOT/examples/Task_2/bin/avr-rss2/shell/shell.o
                0x0000000000001d66                shell_handle_input_line
 .text.readline
                0x0000000000002072      0x142 /home/yang0902/RIOT/examples/Task_2/bin/avr-rss2/shell/shell.o
                0x0000000000002072                readline
 .text.shell_run_once
                0x00000000000021b4       0x60 /home/yang0902/RIOT/examples/Task_2/bin/avr-rss2/shell/shell.o
                0x00000000000021b4                shell_run_once
 .text.stdio_read
                0x0000000000002214        0xc /home/yang0902/RIOT/examples/Task_2/bin/avr-rss2/stdio/stdio.o
                0x0000000000002214                stdio_read
 .text._isrpipe_write_one_wrapper
                0x0000000000002220        0x4 /home/yang0902/RIOT/examples/Task_2/bin/avr-rss2/stdio_uart/stdio_uart.o
 .text.stdio_init
                0x0000000000002224       0x20 /home/yang0902/RIOT/examples/Task_2/bin/avr-rss2/stdio_uart/stdio_uart.o
                0x0000000000002224                stdio_init
 .text.stdio_write
                0x0000000000002244       0x18 /home/yang0902/RIOT/examples/Task_2/bin/avr-rss2/stdio_uart/stdio_uart.o
                0x0000000000002244                stdio_write
 .text.tsrb_empty
                0x000000000000225c       0x24 /home/yang0902/RIOT/examples/Task_2/bin/avr-rss2/tsrb/tsrb.o
 .text.tsrb_full
                0x0000000000002280       0x2c /home/yang0902/RIOT/examples/Task_2/bin/avr-rss2/tsrb/tsrb.o
 .text._pop     0x00000000000022ac       0x26 /home/yang0902/RIOT/examples/Task_2/bin/avr-rss2/tsrb/tsrb.o
 .text.tsrb_get
                0x00000000000022d2       0x5c /home/yang0902/RIOT/examples/Task_2/bin/avr-rss2/tsrb/tsrb.o
                0x00000000000022d2                tsrb_get
 .text.tsrb_add_one
                0x000000000000232e       0x54 /home/yang0902/RIOT/examples/Task_2/bin/avr-rss2/tsrb/tsrb.o
                0x000000000000232e                tsrb_add_one
 .text.ztimer_convert_cancel
                0x0000000000002382       0x10 /home/yang0902/RIOT/examples/Task_2/bin/avr-rss2/ztimer_core/convert.o
                0x0000000000002382                ztimer_convert_cancel
 .text.ztimer_convert_frac_op_now
                0x0000000000002392       0x6c /home/yang0902/RIOT/examples/Task_2/bin/avr-rss2/ztimer_core/convert_frac.o
 .text.ztimer_convert_frac_op_set
                0x00000000000023fe       0x52 /home/yang0902/RIOT/examples/Task_2/bin/avr-rss2/ztimer_core/convert_frac.o
 .text.ztimer_convert_frac_init
                0x0000000000002450      0x120 /home/yang0902/RIOT/examples/Task_2/bin/avr-rss2/ztimer_core/convert_frac.o
                0x0000000000002450                ztimer_convert_frac_init
 .text._is_set  0x0000000000002570       0x30 /home/yang0902/RIOT/examples/Task_2/bin/avr-rss2/ztimer_core/core.o
 .text._now_next
                0x00000000000025a0       0x52 /home/yang0902/RIOT/examples/Task_2/bin/avr-rss2/ztimer_core/core.o
 .text._ztimer_update
                0x00000000000025f2       0x88 /home/yang0902/RIOT/examples/Task_2/bin/avr-rss2/ztimer_core/core.o
 .text._del_entry_from_list
                0x000000000000267a       0xac /home/yang0902/RIOT/examples/Task_2/bin/avr-rss2/ztimer_core/core.o
 .text._ztimer_now_extend
                0x0000000000002726       0xc4 /home/yang0902/RIOT/examples/Task_2/bin/avr-rss2/ztimer_core/core.o
                0x0000000000002726                _ztimer_now_extend
 .text.ztimer_now
                0x00000000000027ea       0x2c /home/yang0902/RIOT/examples/Task_2/bin/avr-rss2/ztimer_core/core.o
 .text._ztimer_update_head_offset
                0x0000000000002816       0xa2 /home/yang0902/RIOT/examples/Task_2/bin/avr-rss2/ztimer_core/core.o
 .text.ztimer_remove
                0x00000000000028b8       0x48 /home/yang0902/RIOT/examples/Task_2/bin/avr-rss2/ztimer_core/core.o
                0x00000000000028b8                ztimer_remove
 .text.ztimer_set
                0x0000000000002900      0x18a /home/yang0902/RIOT/examples/Task_2/bin/avr-rss2/ztimer_core/core.o
                0x0000000000002900                ztimer_set
 .text.ztimer_handler
                0x0000000000002a8a      0x120 /home/yang0902/RIOT/examples/Task_2/bin/avr-rss2/ztimer_core/core.o
                0x0000000000002a8a                ztimer_handler
 .text.ztimer_init
                0x0000000000002baa       0x54 /home/yang0902/RIOT/examples/Task_2/bin/avr-rss2/ztimer_core/init.o
                0x0000000000002baa                ztimer_init
 .text._ztimer_periph_timer_callback
                0x0000000000002bfe        0x4 /home/yang0902/RIOT/examples/Task_2/bin/avr-rss2/ztimer_core/periph_timer.o
 .text._ztimer_periph_timer_cancel
                0x0000000000002c02        0xc /home/yang0902/RIOT/examples/Task_2/bin/avr-rss2/ztimer_core/periph_timer.o
 .text._ztimer_periph_timer_now
                0x0000000000002c0e       0x10 /home/yang0902/RIOT/examples/Task_2/bin/avr-rss2/ztimer_core/periph_timer.o
 .text._ztimer_periph_timer_set
                0x0000000000002c1e       0x3c /home/yang0902/RIOT/examples/Task_2/bin/avr-rss2/ztimer_core/periph_timer.o
 .text.ztimer_periph_timer_init
                0x0000000000002c5a       0x7c /home/yang0902/RIOT/examples/Task_2/bin/avr-rss2/ztimer_core/periph_timer.o
                0x0000000000002c5a                ztimer_periph_timer_init
 .text._callback_unlock_mutex
                0x0000000000002cd6        0x4 /home/yang0902/RIOT/examples/Task_2/bin/avr-rss2/ztimer_core/util.o
 .text.ztimer_sleep
                0x0000000000002cda       0xa6 /home/yang0902/RIOT/examples/Task_2/bin/avr-rss2/ztimer_core/util.o
                0x0000000000002cda                ztimer_sleep
 .text.libgcc.mul
                0x0000000000002d80       0x20 /usr/lib/gcc/avr/7.3.0/avr6/libgcc.a(_mulsi3.o)
                0x0000000000002d80                __mulsi3
 .text.libgcc.div
                0x0000000000002da0       0x28 /usr/lib/gcc/avr/7.3.0/avr6/libgcc.a(_udivmodhi4.o)
                0x0000000000002da0                __udivmodhi4
 .text.libgcc.div
                0x0000000000002dc8       0x44 /usr/lib/gcc/avr/7.3.0/avr6/libgcc.a(_udivmodsi4.o)
                0x0000000000002dc8                __udivmodsi4
 .text.libgcc.mul
                0x0000000000002e0c       0x1e /usr/lib/gcc/avr/7.3.0/avr6/libgcc.a(_umulhisi3.o)
                0x0000000000002e0c                __umulhisi3
 .text.libgcc.mul
                0x0000000000002e2a       0x16 /usr/lib/gcc/avr/7.3.0/avr6/libgcc.a(_muluhisi3.o)
                0x0000000000002e2a                __muluhisi3
 .text.libgcc.mul
                0x0000000000002e40       0x12 /usr/lib/gcc/avr/7.3.0/avr6/libgcc.a(_muldi3_6.o)
                0x0000000000002e40                __muldi3_6
 .text.libgcc.mul
                0x0000000000002e52       0x56 /usr/lib/gcc/avr/7.3.0/avr6/libgcc.a(_umulsidi3.o)
                0x0000000000002e52                __umulsidi3
                0x0000000000002e54                __umulsidi3_helper
 .text.libgcc.builtins
                0x0000000000002ea8       0x32 /usr/lib/gcc/avr/7.3.0/avr6/libgcc.a(_ashldi3.o)
                0x0000000000002ea8                __ashldi3
 .text.libgcc.builtins
                0x0000000000002eda       0x3a /usr/lib/gcc/avr/7.3.0/avr6/libgcc.a(_ashrdi3.o)
                0x0000000000002eda                __ashrdi3
                0x0000000000002ede                __lshrdi3
 .text.libgcc   0x0000000000002f14       0x12 /usr/lib/gcc/avr/7.3.0/avr6/libgcc.a(_subdi3.o)
                0x0000000000002f14                __subdi3
 .text.libgcc   0x0000000000002f26       0x12 /usr/lib/gcc/avr/7.3.0/avr6/libgcc.a(_cmpdi2.o)
                0x0000000000002f26                __cmpdi2
 .text.libgcc   0x0000000000002f38       0x18 /usr/lib/gcc/avr/7.3.0/avr6/libgcc.a(_cmpdi2_s8.o)
                0x0000000000002f38                __cmpdi2_s8
 .text.avr-libc
                0x0000000000002f50       0x3c /usr/lib/gcc/avr/7.3.0/../../../avr/lib/avr6/libc.a(atoi.o)
                0x0000000000002f50                atoi
 .text.avr-libc
                0x0000000000002f8c       0x12 /usr/lib/gcc/avr/7.3.0/../../../avr/lib/avr6/libc.a(strcmp_P.o)
                0x0000000000002f8c                strcmp_P
 .text.avr-libc
                0x0000000000002f9e       0x12 /usr/lib/gcc/avr/7.3.0/../../../avr/lib/avr6/libc.a(strcmp.o)
                0x0000000000002f9e                strcmp
 .text.avr-libc
                0x0000000000002fb0       0x12 /usr/lib/gcc/avr/7.3.0/../../../avr/lib/avr6/libc.a(strlen.o)
                0x0000000000002fb0                strlen
 .text.avr-libc
                0x0000000000002fc2       0x10 /usr/lib/gcc/avr/7.3.0/../../../avr/lib/avr6/libc.a(mul10.o)
                0x0000000000002fc2                __mulhi_const_10
 .text.avr-libc
                0x0000000000002fd2       0x78 /usr/lib/gcc/avr/7.3.0/../../../avr/lib/avr6/libc.a(fgetc.o)
                0x0000000000002fd2                fgetc
 .text.avr-libc
                0x000000000000304a       0x60 /usr/lib/gcc/avr/7.3.0/../../../avr/lib/avr6/libc.a(fputc.o)
                0x000000000000304a                fputc
 .text.avr-libc
                0x00000000000030aa       0x4e /usr/lib/gcc/avr/7.3.0/../../../avr/lib/avr6/libc.a(printf_p.o)
                0x00000000000030aa                printf_P
 .text.avr-libc
                0x00000000000030f8       0x56 /usr/lib/gcc/avr/7.3.0/../../../avr/lib/avr6/libc.a(puts.o)
                0x00000000000030f8                puts
 .text.avr-libc
                0x000000000000314e      0x404 /usr/lib/gcc/avr/7.3.0/../../../avr/lib/avr6/libc.a(vfprintf_std.o)
                0x000000000000314e                vfprintf
 .text.avr-libc
                0x0000000000003552       0x16 /usr/lib/gcc/avr/7.3.0/../../../avr/lib/avr6/libc.a(strnlen_P.o)
                0x0000000000003552                strnlen_P
 .text.avr-libc
                0x0000000000003568       0x16 /usr/lib/gcc/avr/7.3.0/../../../avr/lib/avr6/libc.a(strnlen.o)
                0x0000000000003568                strnlen
 .text.avr-libc
                0x000000000000357e       0xbc /usr/lib/gcc/avr/7.3.0/../../../avr/lib/avr6/libc.a(ultoa_invert.o)
                0x000000000000357e                __ultoa_invert
                0x000000000000363a                . = ALIGN (0x2)
 *(.fini9)
 .fini9         0x000000000000363a        0x0 /usr/lib/gcc/avr/7.3.0/avr6/libgcc.a(_exit.o)
                0x000000000000363a                exit
                0x000000000000363a                _exit
 *(.fini9)
 *(.fini8)
 *(.fini8)
 *(.fini7)
 *(.fini7)
 *(.fini6)
 *(.fini6)
 *(.fini5)
 *(.fini5)
 *(.fini4)
 *(.fini4)
 *(.fini3)
 *(.fini3)
 *(.fini2)
 *(.fini2)
 *(.fini1)
 *(.fini1)
 *(.fini0)
 .fini0         0x000000000000363a        0x4 /usr/lib/gcc/avr/7.3.0/avr6/libgcc.a(_exit.o)
 *(.fini0)
 *(.hightext)
 *(.hightext*)
 *(.progmemx.*)
                0x000000000000363e                . = ALIGN (0x2)
 *(.jumptables)
 *(.jumptables*)
                0x000000000000363e                _etext = .

.data           0x0000000000800200      0x126 load address 0x000000000000363e
                0x0000000000800200                PROVIDE (__data_start, .)
 *(.data)
 .data          0x0000000000800200        0x6 /usr/lib/gcc/avr/7.3.0/../../../avr/lib/avr6/libc.a(malloc.o)
                0x0000000000800200                __malloc_heap_end
                0x0000000000800202                __malloc_heap_start
                0x0000000000800204                __malloc_margin
 *(.data*)
 .data.send_interval_sec
                0x0000000000800206        0x2 /home/yang0902/RIOT/examples/Task_2/bin/avr-rss2/application_hello-world/main.o
 .data.ctx      0x0000000000800208       0x24 /home/yang0902/RIOT/examples/Task_2/bin/avr-rss2/atmega_common_periph/timer.o
 .data._uart_stdin
                0x000000000080022c        0xe /home/yang0902/RIOT/examples/Task_2/bin/avr-rss2/avr_libc_extra/avr8_stdio.o
 .data._uart_stdout
                0x000000000080023a        0xe /home/yang0902/RIOT/examples/Task_2/bin/avr-rss2/avr_libc_extra/avr8_stdio.o
 .data.pm_blocker
                0x0000000000800248        0x5 /home/yang0902/RIOT/examples/Task_2/bin/avr-rss2/pm_layered/pm.o
 .data.stdin_isrpipe
                0x000000000080024d        0xa /home/yang0902/RIOT/examples/Task_2/bin/avr-rss2/stdio/stdio.o
                0x000000000080024d                stdin_isrpipe
 .data._ztimer_periph_timer
                0x0000000000800257       0x1e /home/yang0902/RIOT/examples/Task_2/bin/avr-rss2/ztimer_core/init.o
 *(SORT(.roxfa.*))
 .roxfa.auto_init_xfa.0_
                0x0000000000800275        0x0 /home/yang0902/RIOT/examples/Task_2/bin/avr-rss2/auto_init/auto_init.o
                0x0000000000800275                auto_init_xfa
 .roxfa.auto_init_xfa.5_1010
                0x0000000000800275        0x2 /home/yang0902/RIOT/examples/Task_2/bin/avr-rss2/auto_init/auto_init.o
                0x0000000000800275                auto_init_xfa_ztimer_init
 .roxfa.auto_init_xfa.9_
                0x0000000000800277        0x0 /home/yang0902/RIOT/examples/Task_2/bin/avr-rss2/auto_init/auto_init.o
                0x0000000000800277                auto_init_xfa_end
 .roxfa.shell_commands_xfa_v2.0_
                0x0000000000800277        0x0 /home/yang0902/RIOT/examples/Task_2/bin/avr-rss2/shell/shell.o
                0x0000000000800277                shell_commands_xfa_v2
 .roxfa.shell_commands_xfa_v2.9_
                0x0000000000800277        0x0 /home/yang0902/RIOT/examples/Task_2/bin/avr-rss2/shell/shell.o
                0x0000000000800277                shell_commands_xfa_v2_end
 *(SORT(.xfa.*))
 *(.gnu.linkonce.d*)
 *(.rodata)
 *(.rodata*)
 .rodata.timer_thread.str1.1
                0x0000000000800277        0xd /home/yang0902/RIOT/examples/Task_2/bin/avr-rss2/application_hello-world/main.o
 .rodata.main.str1.1
                0x0000000000800284       0x3a /home/yang0902/RIOT/examples/Task_2/bin/avr-rss2/application_hello-world/main.o
 .rodata.str1.1
                0x00000000008002be       0x10 /home/yang0902/RIOT/examples/Task_2/bin/avr-rss2/application_hello-world/main.o
 .rodata.commands
                0x00000000008002ce        0xc /home/yang0902/RIOT/examples/Task_2/bin/avr-rss2/application_hello-world/main.o
 .rodata.__vector_default.str1.1
                0x00000000008002da        0x7 /home/yang0902/RIOT/examples/Task_2/bin/avr-rss2/atmega_common/atmega_cpu.o
 .rodata.dev    0x00000000008002e1        0x4 /home/yang0902/RIOT/examples/Task_2/bin/avr-rss2/atmega_common_periph/uart.o
 .rodata.avr8_stdio_init.str1.1
                0x00000000008002e5        0x2 /home/yang0902/RIOT/examples/Task_2/bin/avr-rss2/avr_libc_extra/avr8_stdio.o
 .rodata.sched_run.str1.1
                0x00000000008002e7        0xf /home/yang0902/RIOT/examples/Task_2/bin/avr-rss2/core/sched.o
 .rodata._assert_common.str1.1
                0x00000000008002f6       0x12 /home/yang0902/RIOT/examples/Task_2/bin/avr-rss2/core_lib/assert.o
 .rodata.kernel_init.str1.1
                0x0000000000800308        0xa /home/yang0902/RIOT/examples/Task_2/bin/avr-rss2/core_lib/init.o
 .rodata.shell_handle_input_line.str1.1
                0x0000000000800312        0x5 /home/yang0902/RIOT/examples/Task_2/bin/avr-rss2/shell/shell.o
 .rodata.ztimer_convert_frac_ops
                0x0000000000800317        0x6 /home/yang0902/RIOT/examples/Task_2/bin/avr-rss2/ztimer_core/convert_frac.o
 .rodata.ZTIMER_USEC
                0x000000000080031d        0x2 /home/yang0902/RIOT/examples/Task_2/bin/avr-rss2/ztimer_core/init.o
                0x000000000080031d                ZTIMER_USEC
 .rodata._ztimer_periph_timer_ops
                0x000000000080031f        0x6 /home/yang0902/RIOT/examples/Task_2/bin/avr-rss2/ztimer_core/periph_timer.o
 *(.gnu.linkonce.r*)
                0x0000000000800326                . = ALIGN (0x2)
 *fill*         0x0000000000800325        0x1 
                0x0000000000800326                _edata = .
                0x0000000000800326                PROVIDE (__data_end, .)

.bss            0x0000000000800326      0x6c1
                0x0000000000800326                PROVIDE (__bss_start, .)
 *(.bss)
 *(.bss*)
 .bss.timer_thread_stack
                0x0000000000800326      0x284 /home/yang0902/RIOT/examples/Task_2/bin/avr-rss2/application_hello-world/main.o
 .bss._oneshot  0x00000000008005aa        0x2 /home/yang0902/RIOT/examples/Task_2/bin/avr-rss2/atmega_common_periph/timer.o
 .bss.isr_ctx   0x00000000008005ac        0x8 /home/yang0902/RIOT/examples/Task_2/bin/avr-rss2/atmega_common_periph/uart.o
 .bss.runqueue_bitcache
                0x00000000008005b4        0x4 /home/yang0902/RIOT/examples/Task_2/bin/avr-rss2/core/sched.o
 .bss.sched_runqueues
                0x00000000008005b8       0x20 /home/yang0902/RIOT/examples/Task_2/bin/avr-rss2/core/sched.o
                0x00000000008005b8                sched_runqueues
 .bss.sched_context_switch_request
                0x00000000008005d8        0x2 /home/yang0902/RIOT/examples/Task_2/bin/avr-rss2/core/sched.o
                0x00000000008005d8                sched_context_switch_request
 .bss.sched_active_thread
                0x00000000008005da        0x2 /home/yang0902/RIOT/examples/Task_2/bin/avr-rss2/core/sched.o
                0x00000000008005da                sched_active_thread
 .bss.sched_num_threads
                0x00000000008005dc        0x2 /home/yang0902/RIOT/examples/Task_2/bin/avr-rss2/core/sched.o
                0x00000000008005dc                sched_num_threads
 .bss.sched_threads
                0x00000000008005de       0x42 /home/yang0902/RIOT/examples/Task_2/bin/avr-rss2/core/sched.o
                0x00000000008005de                sched_threads
 .bss.sched_active_pid
                0x0000000000800620        0x2 /home/yang0902/RIOT/examples/Task_2/bin/avr-rss2/core/sched.o
                0x0000000000800620                sched_active_pid
 .bss.idle_stack
                0x0000000000800622       0xc0 /home/yang0902/RIOT/examples/Task_2/bin/avr-rss2/core_lib/init.o
 .bss.main_stack
                0x00000000008006e2      0x284 /home/yang0902/RIOT/examples/Task_2/bin/avr-rss2/core_lib/init.o
 .bss.crashed   0x0000000000800966        0x2 /home/yang0902/RIOT/examples/Task_2/bin/avr-rss2/core_lib/panic.o
 .bss._rx_buf_mem
                0x0000000000800968       0x40 /home/yang0902/RIOT/examples/Task_2/bin/avr-rss2/stdio/stdio.o
 .bss._ztimer_convert_frac_usec
                0x00000000008009a8       0x35 /home/yang0902/RIOT/examples/Task_2/bin/avr-rss2/ztimer_core/init.o
 *(COMMON)
 COMMON         0x00000000008009dd        0x4 /usr/lib/gcc/avr/7.3.0/../../../avr/lib/avr6/libc.a(malloc.o)
                0x00000000008009dd                __brkval
                0x00000000008009df                __flp
 COMMON         0x00000000008009e1        0x6 /usr/lib/gcc/avr/7.3.0/../../../avr/lib/avr6/libc.a(iob.o)
                0x00000000008009e1                __iob
                0x00000000008009e7                PROVIDE (__bss_end, .)
                0x000000000000363e                __data_load_start = LOADADDR (.data)
                0x0000000000003764                __data_load_end = (__data_load_start + SIZEOF (.data))

.noinit         0x00000000008009e7        0x2
                [!provide]                        PROVIDE (__noinit_start, .)
 *(.noinit .noinit.* .gnu.linkonce.n.*)
 .noinit        0x00000000008009e7        0x2 /home/yang0902/RIOT/examples/Task_2/bin/avr-rss2/avr8_common/avr8_cpu.o
                0x00000000008009e7                soft_rst
                0x00000000008009e8                mcusr_mirror
                [!provide]                        PROVIDE (__noinit_end, .)
                0x00000000008009e9                _end = .
                0x00000000008009e9                PROVIDE (__heap_start, .)

.eeprom         0x0000000000810000        0x0
 *(.eeprom*)
                0x0000000000810000                __eeprom_end = .

.fuse
 *(.fuse)
 *(.lfuse)
 *(.hfuse)
 *(.efuse)

.lock
 *(.lock*)

.signature
 *(.signature*)

.stab
 *(.stab)

.stabstr
 *(.stabstr)

.stab.excl
 *(.stab.excl)

.stab.exclstr
 *(.stab.exclstr)

.stab.index
 *(.stab.index)

.stab.indexstr
 *(.stab.indexstr)

.comment        0x0000000000000000       0x11
 *(.comment)
 .comment       0x0000000000000000       0x11 /home/yang0902/RIOT/examples/Task_2/bin/avr-rss2/application_hello-world/main.o
                                         0x12 (size before relaxing)
 .comment       0x0000000000000011       0x12 /home/yang0902/RIOT/examples/Task_2/bin/avr-rss2/atmega_common/atmega_cpu.o
 .comment       0x0000000000000011       0x12 /home/yang0902/RIOT/examples/Task_2/bin/avr-rss2/atmega_common_periph/timer.o
 .comment       0x0000000000000011       0x12 /home/yang0902/RIOT/examples/Task_2/bin/avr-rss2/atmega_common_periph/uart.o
 .comment       0x0000000000000011       0x12 /home/yang0902/RIOT/examples/Task_2/bin/avr-rss2/auto_init/auto_init.o
 .comment       0x0000000000000011       0x12 /home/yang0902/RIOT/examples/Task_2/bin/avr-rss2/avr8_common/avr8_cpu.o
 .comment       0x0000000000000011       0x12 /home/yang0902/RIOT/examples/Task_2/bin/avr-rss2/avr8_common/startup.o
 .comment       0x0000000000000011       0x12 /home/yang0902/RIOT/examples/Task_2/bin/avr-rss2/avr8_common/thread_arch.o
 .comment       0x0000000000000011       0x12 /home/yang0902/RIOT/examples/Task_2/bin/avr-rss2/avr8_common_periph/pm.o
 .comment       0x0000000000000011       0x12 /home/yang0902/RIOT/examples/Task_2/bin/avr-rss2/avr_libc_extra/avr8_stdio.o
 .comment       0x0000000000000011       0x12 /home/yang0902/RIOT/examples/Task_2/bin/avr-rss2/board/led_init.o
 .comment       0x0000000000000011       0x12 /home/yang0902/RIOT/examples/Task_2/bin/avr-rss2/board_common_init/board_common.o
 .comment       0x0000000000000011       0x12 /home/yang0902/RIOT/examples/Task_2/bin/avr-rss2/core/mutex.o
 .comment       0x0000000000000011       0x12 /home/yang0902/RIOT/examples/Task_2/bin/avr-rss2/core/sched.o
 .comment       0x0000000000000011       0x12 /home/yang0902/RIOT/examples/Task_2/bin/avr-rss2/core/thread.o
 .comment       0x0000000000000011       0x12 /home/yang0902/RIOT/examples/Task_2/bin/avr-rss2/core_lib/assert.o
 .comment       0x0000000000000011       0x12 /home/yang0902/RIOT/examples/Task_2/bin/avr-rss2/core_lib/init.o
 .comment       0x0000000000000011       0x12 /home/yang0902/RIOT/examples/Task_2/bin/avr-rss2/core_lib/panic.o
 .comment       0x0000000000000011       0x12 /home/yang0902/RIOT/examples/Task_2/bin/avr-rss2/frac/frac.o
 .comment       0x0000000000000011       0x12 /home/yang0902/RIOT/examples/Task_2/bin/avr-rss2/isrpipe/isrpipe.o
 .comment       0x0000000000000011       0x12 /home/yang0902/RIOT/examples/Task_2/bin/avr-rss2/periph_common/init.o
 .comment       0x0000000000000011       0x12 /home/yang0902/RIOT/examples/Task_2/bin/avr-rss2/pm_layered/pm.o
 .comment       0x0000000000000011       0x12 /home/yang0902/RIOT/examples/Task_2/bin/avr-rss2/shell/shell.o
 .comment       0x0000000000000011       0x12 /home/yang0902/RIOT/examples/Task_2/bin/avr-rss2/stdio/stdio.o
 .comment       0x0000000000000011       0x12 /home/yang0902/RIOT/examples/Task_2/bin/avr-rss2/stdio_uart/stdio_uart.o
 .comment       0x0000000000000011       0x12 /home/yang0902/RIOT/examples/Task_2/bin/avr-rss2/tsrb/tsrb.o
 .comment       0x0000000000000011       0x12 /home/yang0902/RIOT/examples/Task_2/bin/avr-rss2/ztimer_core/convert.o
 .comment       0x0000000000000011       0x12 /home/yang0902/RIOT/examples/Task_2/bin/avr-rss2/ztimer_core/convert_frac.o
 .comment       0x0000000000000011       0x12 /home/yang0902/RIOT/examples/Task_2/bin/avr-rss2/ztimer_core/core.o
 .comment       0x0000000000000011       0x12 /home/yang0902/RIOT/examples/Task_2/bin/avr-rss2/ztimer_core/init.o
 .comment       0x0000000000000011       0x12 /home/yang0902/RIOT/examples/Task_2/bin/avr-rss2/ztimer_core/periph_timer.o
 .comment       0x0000000000000011       0x12 /home/yang0902/RIOT/examples/Task_2/bin/avr-rss2/ztimer_core/util.o
 .comment       0x0000000000000011       0x12 /usr/lib/gcc/avr/7.3.0/../../../avr/lib/avr6/libc.a(malloc.o)
 .comment       0x0000000000000011       0x12 /usr/lib/gcc/avr/7.3.0/../../../avr/lib/avr6/libc.a(fgetc.o)
 .comment       0x0000000000000011       0x12 /usr/lib/gcc/avr/7.3.0/../../../avr/lib/avr6/libc.a(fputc.o)
 .comment       0x0000000000000011       0x12 /usr/lib/gcc/avr/7.3.0/../../../avr/lib/avr6/libc.a(iob.o)
 .comment       0x0000000000000011       0x12 /usr/lib/gcc/avr/7.3.0/../../../avr/lib/avr6/libc.a(printf_p.o)
 .comment       0x0000000000000011       0x12 /usr/lib/gcc/avr/7.3.0/../../../avr/lib/avr6/libc.a(puts.o)
 .comment       0x0000000000000011       0x12 /usr/lib/gcc/avr/7.3.0/../../../avr/lib/avr6/libc.a(vfprintf_std.o)

.note.gnu.avr.deviceinfo
                0x0000000000000000       0x40
 .note.gnu.avr.deviceinfo
                0x0000000000000000       0x40 /usr/lib/gcc/avr/7.3.0/../../../avr/lib/avr6/crtatmega256rfr2.o

.note.gnu.build-id
 *(.note.gnu.build-id)

.debug
 *(.debug)

.line
 *(.line)

.debug_srcinfo
 *(.debug_srcinfo)

.debug_sfnames
 *(.debug_sfnames)

.debug_aranges  0x0000000000000000      0x7f0
 *(.debug_aranges)
 .debug_aranges
                0x0000000000000000       0x30 /home/yang0902/RIOT/examples/Task_2/bin/avr-rss2/application_hello-world/main.o
 .debug_aranges
                0x0000000000000030       0x38 /home/yang0902/RIOT/examples/Task_2/bin/avr-rss2/atmega_common/atmega_cpu.o
 .debug_aranges
                0x0000000000000068       0xc0 /home/yang0902/RIOT/examples/Task_2/bin/avr-rss2/atmega_common_periph/timer.o
 .debug_aranges
                0x0000000000000128       0x60 /home/yang0902/RIOT/examples/Task_2/bin/avr-rss2/atmega_common_periph/uart.o
 .debug_aranges
                0x0000000000000188       0x20 /home/yang0902/RIOT/examples/Task_2/bin/avr-rss2/auto_init/auto_init.o
 .debug_aranges
                0x00000000000001a8       0x30 /home/yang0902/RIOT/examples/Task_2/bin/avr-rss2/avr8_common/avr8_cpu.o
 .debug_aranges
                0x00000000000001d8       0x30 /home/yang0902/RIOT/examples/Task_2/bin/avr-rss2/avr8_common/startup.o
 .debug_aranges
                0x0000000000000208       0x40 /home/yang0902/RIOT/examples/Task_2/bin/avr-rss2/avr8_common/thread_arch.o
 .debug_aranges
                0x0000000000000248       0x20 /home/yang0902/RIOT/examples/Task_2/bin/avr-rss2/avr8_common_periph/pm.o
 .debug_aranges
                0x0000000000000268       0x30 /home/yang0902/RIOT/examples/Task_2/bin/avr-rss2/avr_libc_extra/avr8_stdio.o
 .debug_aranges
                0x0000000000000298       0x20 /home/yang0902/RIOT/examples/Task_2/bin/avr-rss2/board/led_init.o
 .debug_aranges
                0x00000000000002b8       0x20 /home/yang0902/RIOT/examples/Task_2/bin/avr-rss2/board_common_init/board_common.o
 .debug_aranges
                0x00000000000002d8       0x40 /home/yang0902/RIOT/examples/Task_2/bin/avr-rss2/core/mutex.o
 .debug_aranges
                0x0000000000000318       0x48 /home/yang0902/RIOT/examples/Task_2/bin/avr-rss2/core/sched.o
 .debug_aranges
                0x0000000000000360       0x70 /home/yang0902/RIOT/examples/Task_2/bin/avr-rss2/core/thread.o
 .debug_aranges
                0x00000000000003d0       0x30 /home/yang0902/RIOT/examples/Task_2/bin/avr-rss2/core_lib/assert.o
 .debug_aranges
                0x0000000000000400       0x38 /home/yang0902/RIOT/examples/Task_2/bin/avr-rss2/core_lib/init.o
 .debug_aranges
                0x0000000000000438       0x30 /home/yang0902/RIOT/examples/Task_2/bin/avr-rss2/core_lib/panic.o
 .debug_aranges
                0x0000000000000468       0x28 /home/yang0902/RIOT/examples/Task_2/bin/avr-rss2/frac/frac.o
 .debug_aranges
                0x0000000000000490       0x38 /home/yang0902/RIOT/examples/Task_2/bin/avr-rss2/isrpipe/isrpipe.o
 .debug_aranges
                0x00000000000004c8       0x20 /home/yang0902/RIOT/examples/Task_2/bin/avr-rss2/periph_common/init.o
 .debug_aranges
                0x00000000000004e8       0x40 /home/yang0902/RIOT/examples/Task_2/bin/avr-rss2/pm_layered/pm.o
 .debug_aranges
                0x0000000000000528       0x50 /home/yang0902/RIOT/examples/Task_2/bin/avr-rss2/shell/shell.o
 .debug_aranges
                0x0000000000000578       0x30 /home/yang0902/RIOT/examples/Task_2/bin/avr-rss2/stdio/stdio.o
 .debug_aranges
                0x00000000000005a8       0x38 /home/yang0902/RIOT/examples/Task_2/bin/avr-rss2/stdio_uart/stdio_uart.o
 .debug_aranges
                0x00000000000005e0       0x68 /home/yang0902/RIOT/examples/Task_2/bin/avr-rss2/tsrb/tsrb.o
 .debug_aranges
                0x0000000000000648       0x30 /home/yang0902/RIOT/examples/Task_2/bin/avr-rss2/ztimer_core/convert.o
 .debug_aranges
                0x0000000000000678       0x30 /home/yang0902/RIOT/examples/Task_2/bin/avr-rss2/ztimer_core/convert_frac.o
 .debug_aranges
                0x00000000000006a8       0x70 /home/yang0902/RIOT/examples/Task_2/bin/avr-rss2/ztimer_core/core.o
 .debug_aranges
                0x0000000000000718       0x20 /home/yang0902/RIOT/examples/Task_2/bin/avr-rss2/ztimer_core/init.o
 .debug_aranges
                0x0000000000000738       0x40 /home/yang0902/RIOT/examples/Task_2/bin/avr-rss2/ztimer_core/periph_timer.o
 .debug_aranges
                0x0000000000000778       0x78 /home/yang0902/RIOT/examples/Task_2/bin/avr-rss2/ztimer_core/util.o

.debug_pubnames
 *(.debug_pubnames)

.debug_info     0x0000000000000000    0x13d2c
 *(.debug_info .gnu.linkonce.wi.*)
 .debug_info    0x0000000000000000     0x13e6 /usr/lib/gcc/avr/7.3.0/../../../avr/lib/avr6/crtatmega256rfr2.o
 .debug_info    0x00000000000013e6      0xb87 /home/yang0902/RIOT/examples/Task_2/bin/avr-rss2/application_hello-world/main.o
 .debug_info    0x0000000000001f6d      0x789 /home/yang0902/RIOT/examples/Task_2/bin/avr-rss2/atmega_common/atmega_cpu.o
 .debug_info    0x00000000000026f6      0xec3 /home/yang0902/RIOT/examples/Task_2/bin/avr-rss2/atmega_common_periph/timer.o
 .debug_info    0x00000000000035b9      0x9fc /home/yang0902/RIOT/examples/Task_2/bin/avr-rss2/atmega_common_periph/uart.o
 .debug_info    0x0000000000003fb5      0x519 /home/yang0902/RIOT/examples/Task_2/bin/avr-rss2/auto_init/auto_init.o
 .debug_info    0x00000000000044ce      0x637 /home/yang0902/RIOT/examples/Task_2/bin/avr-rss2/avr8_common/avr8_cpu.o
 .debug_info    0x0000000000004b05      0x487 /home/yang0902/RIOT/examples/Task_2/bin/avr-rss2/avr8_common/startup.o
 .debug_info    0x0000000000004f8c      0x819 /home/yang0902/RIOT/examples/Task_2/bin/avr-rss2/avr8_common/thread_arch.o
 .debug_info    0x00000000000057a5      0x48f /home/yang0902/RIOT/examples/Task_2/bin/avr-rss2/avr8_common_periph/pm.o
 .debug_info    0x0000000000005c34      0x609 /home/yang0902/RIOT/examples/Task_2/bin/avr-rss2/avr_libc_extra/avr8_stdio.o
 .debug_info    0x000000000000623d      0x413 /home/yang0902/RIOT/examples/Task_2/bin/avr-rss2/board/led_init.o
 .debug_info    0x0000000000006650      0x413 /home/yang0902/RIOT/examples/Task_2/bin/avr-rss2/board_common_init/board_common.o
 .debug_info    0x0000000000006a63      0xe3a /home/yang0902/RIOT/examples/Task_2/bin/avr-rss2/core/mutex.o
 .debug_info    0x000000000000789d      0xe86 /home/yang0902/RIOT/examples/Task_2/bin/avr-rss2/core/sched.o
 .debug_info    0x0000000000008723     0x10d7 /home/yang0902/RIOT/examples/Task_2/bin/avr-rss2/core/thread.o
 .debug_info    0x00000000000097fa      0x66b /home/yang0902/RIOT/examples/Task_2/bin/avr-rss2/core_lib/assert.o
 .debug_info    0x0000000000009e65      0x7ac /home/yang0902/RIOT/examples/Task_2/bin/avr-rss2/core_lib/init.o
 .debug_info    0x000000000000a611      0x5dd /home/yang0902/RIOT/examples/Task_2/bin/avr-rss2/core_lib/panic.o
 .debug_info    0x000000000000abee      0x734 /home/yang0902/RIOT/examples/Task_2/bin/avr-rss2/frac/frac.o
 .debug_info    0x000000000000b322      0x7fd /home/yang0902/RIOT/examples/Task_2/bin/avr-rss2/isrpipe/isrpipe.o
 .debug_info    0x000000000000bb1f      0x420 /home/yang0902/RIOT/examples/Task_2/bin/avr-rss2/periph_common/init.o
 .debug_info    0x000000000000bf3f      0x771 /home/yang0902/RIOT/examples/Task_2/bin/avr-rss2/pm_layered/pm.o
 .debug_info    0x000000000000c6b0      0xec8 /home/yang0902/RIOT/examples/Task_2/bin/avr-rss2/shell/shell.o
 .debug_info    0x000000000000d578      0x749 /home/yang0902/RIOT/examples/Task_2/bin/avr-rss2/stdio/stdio.o
 .debug_info    0x000000000000dcc1      0x7b2 /home/yang0902/RIOT/examples/Task_2/bin/avr-rss2/stdio_uart/stdio_uart.o
 .debug_info    0x000000000000e473      0xd0c /home/yang0902/RIOT/examples/Task_2/bin/avr-rss2/tsrb/tsrb.o
 .debug_info    0x000000000000f17f      0x80d /home/yang0902/RIOT/examples/Task_2/bin/avr-rss2/ztimer_core/convert.o
 .debug_info    0x000000000000f98c      0xae3 /home/yang0902/RIOT/examples/Task_2/bin/avr-rss2/ztimer_core/convert_frac.o
 .debug_info    0x000000000001046f     0x12ed /home/yang0902/RIOT/examples/Task_2/bin/avr-rss2/ztimer_core/core.o
 .debug_info    0x000000000001175c      0x92b /home/yang0902/RIOT/examples/Task_2/bin/avr-rss2/ztimer_core/init.o
 .debug_info    0x0000000000012087      0x94f /home/yang0902/RIOT/examples/Task_2/bin/avr-rss2/ztimer_core/periph_timer.o
 .debug_info    0x00000000000129d6     0x1356 /home/yang0902/RIOT/examples/Task_2/bin/avr-rss2/ztimer_core/util.o

.debug_abbrev   0x0000000000000000     0x6a09
 *(.debug_abbrev)
 .debug_abbrev  0x0000000000000000     0x12d6 /usr/lib/gcc/avr/7.3.0/../../../avr/lib/avr6/crtatmega256rfr2.o
 .debug_abbrev  0x00000000000012d6      0x349 /home/yang0902/RIOT/examples/Task_2/bin/avr-rss2/application_hello-world/main.o
 .debug_abbrev  0x000000000000161f      0x24c /home/yang0902/RIOT/examples/Task_2/bin/avr-rss2/atmega_common/atmega_cpu.o
 .debug_abbrev  0x000000000000186b      0x3ad /home/yang0902/RIOT/examples/Task_2/bin/avr-rss2/atmega_common_periph/timer.o
 .debug_abbrev  0x0000000000001c18      0x352 /home/yang0902/RIOT/examples/Task_2/bin/avr-rss2/atmega_common_periph/uart.o
 .debug_abbrev  0x0000000000001f6a      0x1c6 /home/yang0902/RIOT/examples/Task_2/bin/avr-rss2/auto_init/auto_init.o
 .debug_abbrev  0x0000000000002130      0x25b /home/yang0902/RIOT/examples/Task_2/bin/avr-rss2/avr8_common/avr8_cpu.o
 .debug_abbrev  0x000000000000238b      0x19b /home/yang0902/RIOT/examples/Task_2/bin/avr-rss2/avr8_common/startup.o
 .debug_abbrev  0x0000000000002526      0x2d0 /home/yang0902/RIOT/examples/Task_2/bin/avr-rss2/avr8_common/thread_arch.o
 .debug_abbrev  0x00000000000027f6      0x19b /home/yang0902/RIOT/examples/Task_2/bin/avr-rss2/avr8_common_periph/pm.o
 .debug_abbrev  0x0000000000002991      0x20f /home/yang0902/RIOT/examples/Task_2/bin/avr-rss2/avr_libc_extra/avr8_stdio.o
 .debug_abbrev  0x0000000000002ba0      0x156 /home/yang0902/RIOT/examples/Task_2/bin/avr-rss2/board/led_init.o
 .debug_abbrev  0x0000000000002cf6      0x156 /home/yang0902/RIOT/examples/Task_2/bin/avr-rss2/board_common_init/board_common.o
 .debug_abbrev  0x0000000000002e4c      0x387 /home/yang0902/RIOT/examples/Task_2/bin/avr-rss2/core/mutex.o
 .debug_abbrev  0x00000000000031d3      0x412 /home/yang0902/RIOT/examples/Task_2/bin/avr-rss2/core/sched.o
 .debug_abbrev  0x00000000000035e5      0x3e2 /home/yang0902/RIOT/examples/Task_2/bin/avr-rss2/core/thread.o
 .debug_abbrev  0x00000000000039c7      0x238 /home/yang0902/RIOT/examples/Task_2/bin/avr-rss2/core_lib/assert.o
 .debug_abbrev  0x0000000000003bff      0x2a9 /home/yang0902/RIOT/examples/Task_2/bin/avr-rss2/core_lib/init.o
 .debug_abbrev  0x0000000000003ea8      0x247 /home/yang0902/RIOT/examples/Task_2/bin/avr-rss2/core_lib/panic.o
 .debug_abbrev  0x00000000000040ef      0x265 /home/yang0902/RIOT/examples/Task_2/bin/avr-rss2/frac/frac.o
 .debug_abbrev  0x0000000000004354      0x26f /home/yang0902/RIOT/examples/Task_2/bin/avr-rss2/isrpipe/isrpipe.o
 .debug_abbrev  0x00000000000045c3      0x16c /home/yang0902/RIOT/examples/Task_2/bin/avr-rss2/periph_common/init.o
 .debug_abbrev  0x000000000000472f      0x293 /home/yang0902/RIOT/examples/Task_2/bin/avr-rss2/pm_layered/pm.o
 .debug_abbrev  0x00000000000049c2      0x4ba /home/yang0902/RIOT/examples/Task_2/bin/avr-rss2/shell/shell.o
 .debug_abbrev  0x0000000000004e7c      0x26e /home/yang0902/RIOT/examples/Task_2/bin/avr-rss2/stdio/stdio.o
 .debug_abbrev  0x00000000000050ea      0x2c8 /home/yang0902/RIOT/examples/Task_2/bin/avr-rss2/stdio_uart/stdio_uart.o
 .debug_abbrev  0x00000000000053b2      0x288 /home/yang0902/RIOT/examples/Task_2/bin/avr-rss2/tsrb/tsrb.o
 .debug_abbrev  0x000000000000563a      0x2a0 /home/yang0902/RIOT/examples/Task_2/bin/avr-rss2/ztimer_core/convert.o
 .debug_abbrev  0x00000000000058da      0x34c /home/yang0902/RIOT/examples/Task_2/bin/avr-rss2/ztimer_core/convert_frac.o
 .debug_abbrev  0x0000000000005c26      0x4c6 /home/yang0902/RIOT/examples/Task_2/bin/avr-rss2/ztimer_core/core.o
 .debug_abbrev  0x00000000000060ec      0x1f0 /home/yang0902/RIOT/examples/Task_2/bin/avr-rss2/ztimer_core/init.o
 .debug_abbrev  0x00000000000062dc      0x341 /home/yang0902/RIOT/examples/Task_2/bin/avr-rss2/ztimer_core/periph_timer.o
 .debug_abbrev  0x000000000000661d      0x3ec /home/yang0902/RIOT/examples/Task_2/bin/avr-rss2/ztimer_core/util.o

.debug_line     0x0000000000000000     0xe11d
 *(.debug_line .debug_line.* .debug_line_end)
 .debug_line    0x0000000000000000       0x1a /usr/lib/gcc/avr/7.3.0/../../../avr/lib/avr6/crtatmega256rfr2.o
 .debug_line    0x000000000000001a      0x74d /home/yang0902/RIOT/examples/Task_2/bin/avr-rss2/application_hello-world/main.o
 .debug_line    0x0000000000000767      0x6bd /home/yang0902/RIOT/examples/Task_2/bin/avr-rss2/atmega_common/atmega_cpu.o
 .debug_line    0x0000000000000e24      0xa04 /home/yang0902/RIOT/examples/Task_2/bin/avr-rss2/atmega_common_periph/timer.o
 .debug_line    0x0000000000001828      0x7bc /home/yang0902/RIOT/examples/Task_2/bin/avr-rss2/atmega_common_periph/uart.o
 .debug_line    0x0000000000001fe4      0x59b /home/yang0902/RIOT/examples/Task_2/bin/avr-rss2/auto_init/auto_init.o
 .debug_line    0x000000000000257f      0x6d3 /home/yang0902/RIOT/examples/Task_2/bin/avr-rss2/avr8_common/avr8_cpu.o
 .debug_line    0x0000000000002c52      0x623 /home/yang0902/RIOT/examples/Task_2/bin/avr-rss2/avr8_common/startup.o
 .debug_line    0x0000000000003275      0x7fe /home/yang0902/RIOT/examples/Task_2/bin/avr-rss2/avr8_common/thread_arch.o
 .debug_line    0x0000000000003a73      0x626 /home/yang0902/RIOT/examples/Task_2/bin/avr-rss2/avr8_common_periph/pm.o
 .debug_line    0x0000000000004099      0x708 /home/yang0902/RIOT/examples/Task_2/bin/avr-rss2/avr_libc_extra/avr8_stdio.o
 .debug_line    0x00000000000047a1      0x5ea /home/yang0902/RIOT/examples/Task_2/bin/avr-rss2/board/led_init.o
 .debug_line    0x0000000000004d8b      0x5e5 /home/yang0902/RIOT/examples/Task_2/bin/avr-rss2/board_common_init/board_common.o
 .debug_line    0x0000000000005370      0x77b /home/yang0902/RIOT/examples/Task_2/bin/avr-rss2/core/mutex.o
 .debug_line    0x0000000000005aeb      0x7cb /home/yang0902/RIOT/examples/Task_2/bin/avr-rss2/core/sched.o
 .debug_line    0x00000000000062b6      0x8ff /home/yang0902/RIOT/examples/Task_2/bin/avr-rss2/core/thread.o
 .debug_line    0x0000000000006bb5      0x54a /home/yang0902/RIOT/examples/Task_2/bin/avr-rss2/core_lib/assert.o
 .debug_line    0x00000000000070ff      0x737 /home/yang0902/RIOT/examples/Task_2/bin/avr-rss2/core_lib/init.o
 .debug_line    0x0000000000007836      0x653 /home/yang0902/RIOT/examples/Task_2/bin/avr-rss2/core_lib/panic.o
 .debug_line    0x0000000000007e89      0x5d0 /home/yang0902/RIOT/examples/Task_2/bin/avr-rss2/frac/frac.o
 .debug_line    0x0000000000008459      0x571 /home/yang0902/RIOT/examples/Task_2/bin/avr-rss2/isrpipe/isrpipe.o
 .debug_line    0x00000000000089ca      0x5a2 /home/yang0902/RIOT/examples/Task_2/bin/avr-rss2/periph_common/init.o
 .debug_line    0x0000000000008f6c      0x726 /home/yang0902/RIOT/examples/Task_2/bin/avr-rss2/pm_layered/pm.o
 .debug_line    0x0000000000009692      0x99b /home/yang0902/RIOT/examples/Task_2/bin/avr-rss2/shell/shell.o
 .debug_line    0x000000000000a02d      0x5e6 /home/yang0902/RIOT/examples/Task_2/bin/avr-rss2/stdio/stdio.o
 .debug_line    0x000000000000a613      0x708 /home/yang0902/RIOT/examples/Task_2/bin/avr-rss2/stdio_uart/stdio_uart.o
 .debug_line    0x000000000000ad1b      0x740 /home/yang0902/RIOT/examples/Task_2/bin/avr-rss2/tsrb/tsrb.o
 .debug_line    0x000000000000b45b      0x50a /home/yang0902/RIOT/examples/Task_2/bin/avr-rss2/ztimer_core/convert.o
 .debug_line    0x000000000000b965      0x612 /home/yang0902/RIOT/examples/Task_2/bin/avr-rss2/ztimer_core/convert_frac.o
 .debug_line    0x000000000000bf77      0xa54 /home/yang0902/RIOT/examples/Task_2/bin/avr-rss2/ztimer_core/core.o
 .debug_line    0x000000000000c9cb      0x6ef /home/yang0902/RIOT/examples/Task_2/bin/avr-rss2/ztimer_core/init.o
 .debug_line    0x000000000000d0ba      0x71f /home/yang0902/RIOT/examples/Task_2/bin/avr-rss2/ztimer_core/periph_timer.o
 .debug_line    0x000000000000d7d9      0x944 /home/yang0902/RIOT/examples/Task_2/bin/avr-rss2/ztimer_core/util.o

.debug_frame    0x0000000000000000     0x19f8
 *(.debug_frame)
 .debug_frame   0x0000000000000000       0x70 /home/yang0902/RIOT/examples/Task_2/bin/avr-rss2/application_hello-world/main.o
 .debug_frame   0x0000000000000070       0xd8 /home/yang0902/RIOT/examples/Task_2/bin/avr-rss2/atmega_common/atmega_cpu.o
 .debug_frame   0x0000000000000148      0x4ac /home/yang0902/RIOT/examples/Task_2/bin/avr-rss2/atmega_common_periph/timer.o
 .debug_frame   0x00000000000005f4      0x200 /home/yang0902/RIOT/examples/Task_2/bin/avr-rss2/atmega_common_periph/uart.o
 .debug_frame   0x00000000000007f4       0x38 /home/yang0902/RIOT/examples/Task_2/bin/avr-rss2/auto_init/auto_init.o
 .debug_frame   0x000000000000082c       0x60 /home/yang0902/RIOT/examples/Task_2/bin/avr-rss2/avr8_common/avr8_cpu.o
 .debug_frame   0x000000000000088c       0x44 /home/yang0902/RIOT/examples/Task_2/bin/avr-rss2/avr8_common/startup.o
 .debug_frame   0x00000000000008d0       0xbc /home/yang0902/RIOT/examples/Task_2/bin/avr-rss2/avr8_common/thread_arch.o
 .debug_frame   0x000000000000098c       0x24 /home/yang0902/RIOT/examples/Task_2/bin/avr-rss2/avr8_common_periph/pm.o
 .debug_frame   0x00000000000009b0       0x64 /home/yang0902/RIOT/examples/Task_2/bin/avr-rss2/avr_libc_extra/avr8_stdio.o
 .debug_frame   0x0000000000000a14       0x24 /home/yang0902/RIOT/examples/Task_2/bin/avr-rss2/board/led_init.o
 .debug_frame   0x0000000000000a38       0x24 /home/yang0902/RIOT/examples/Task_2/bin/avr-rss2/board_common_init/board_common.o
 .debug_frame   0x0000000000000a5c       0xd8 /home/yang0902/RIOT/examples/Task_2/bin/avr-rss2/core/mutex.o
 .debug_frame   0x0000000000000b34       0xc0 /home/yang0902/RIOT/examples/Task_2/bin/avr-rss2/core/sched.o
 .debug_frame   0x0000000000000bf4      0x130 /home/yang0902/RIOT/examples/Task_2/bin/avr-rss2/core/thread.o
 .debug_frame   0x0000000000000d24       0x6c /home/yang0902/RIOT/examples/Task_2/bin/avr-rss2/core_lib/assert.o
 .debug_frame   0x0000000000000d90       0x60 /home/yang0902/RIOT/examples/Task_2/bin/avr-rss2/core_lib/init.o
 .debug_frame   0x0000000000000df0       0x5c /home/yang0902/RIOT/examples/Task_2/bin/avr-rss2/core_lib/panic.o
 .debug_frame   0x0000000000000e4c       0xb4 /home/yang0902/RIOT/examples/Task_2/bin/avr-rss2/frac/frac.o
 .debug_frame   0x0000000000000f00       0xa4 /home/yang0902/RIOT/examples/Task_2/bin/avr-rss2/isrpipe/isrpipe.o
 .debug_frame   0x0000000000000fa4       0x24 /home/yang0902/RIOT/examples/Task_2/bin/avr-rss2/periph_common/init.o
 .debug_frame   0x0000000000000fc8       0x7c /home/yang0902/RIOT/examples/Task_2/bin/avr-rss2/pm_layered/pm.o
 .debug_frame   0x0000000000001044      0x15c /home/yang0902/RIOT/examples/Task_2/bin/avr-rss2/shell/shell.o
 .debug_frame   0x00000000000011a0       0x44 /home/yang0902/RIOT/examples/Task_2/bin/avr-rss2/stdio/stdio.o
 .debug_frame   0x00000000000011e4       0x6c /home/yang0902/RIOT/examples/Task_2/bin/avr-rss2/stdio_uart/stdio_uart.o
 .debug_frame   0x0000000000001250      0x188 /home/yang0902/RIOT/examples/Task_2/bin/avr-rss2/tsrb/tsrb.o
 .debug_frame   0x00000000000013d8       0x70 /home/yang0902/RIOT/examples/Task_2/bin/avr-rss2/ztimer_core/convert.o
 .debug_frame   0x0000000000001448       0xa4 /home/yang0902/RIOT/examples/Task_2/bin/avr-rss2/ztimer_core/convert_frac.o
 .debug_frame   0x00000000000014ec      0x1e4 /home/yang0902/RIOT/examples/Task_2/bin/avr-rss2/ztimer_core/core.o
 .debug_frame   0x00000000000016d0       0x38 /home/yang0902/RIOT/examples/Task_2/bin/avr-rss2/ztimer_core/init.o
 .debug_frame   0x0000000000001708       0x94 /home/yang0902/RIOT/examples/Task_2/bin/avr-rss2/ztimer_core/periph_timer.o
 .debug_frame   0x000000000000179c      0x25c /home/yang0902/RIOT/examples/Task_2/bin/avr-rss2/ztimer_core/util.o

.debug_str      0x0000000000000000    0x5ca61
 *(.debug_str)
 .debug_str     0x0000000000000000      0x7f7 /usr/lib/gcc/avr/7.3.0/../../../avr/lib/avr6/crtatmega256rfr2.o
 .debug_str     0x00000000000007f7    0x1365c /home/yang0902/RIOT/examples/Task_2/bin/avr-rss2/application_hello-world/main.o
                                      0x139a0 (size before relaxing)
 .debug_str     0x0000000000013e53      0x5ce /home/yang0902/RIOT/examples/Task_2/bin/avr-rss2/atmega_common/atmega_cpu.o
                                      0x130ac (size before relaxing)
 .debug_str     0x0000000000014421      0x33d /home/yang0902/RIOT/examples/Task_2/bin/avr-rss2/atmega_common_periph/timer.o
                                      0x130cb (size before relaxing)
 .debug_str     0x000000000001475e      0x6da /home/yang0902/RIOT/examples/Task_2/bin/avr-rss2/atmega_common_periph/uart.o
                                      0x12fdf (size before relaxing)
 .debug_str     0x0000000000014e38    0x4485e /home/yang0902/RIOT/examples/Task_2/bin/avr-rss2/auto_init/auto_init.o
                                      0x5693f (size before relaxing)
 .debug_str     0x0000000000059696      0x219 /home/yang0902/RIOT/examples/Task_2/bin/avr-rss2/avr8_common/avr8_cpu.o
                                      0x13006 (size before relaxing)
 .debug_str     0x00000000000598af       0xb3 /home/yang0902/RIOT/examples/Task_2/bin/avr-rss2/avr8_common/startup.o
                                      0x12b77 (size before relaxing)
 .debug_str     0x0000000000059962      0x1df /home/yang0902/RIOT/examples/Task_2/bin/avr-rss2/avr8_common/thread_arch.o
                                      0x12e0c (size before relaxing)
 .debug_str     0x0000000000059b41      0x2a9 /home/yang0902/RIOT/examples/Task_2/bin/avr-rss2/avr8_common_periph/pm.o
                                      0x12d1b (size before relaxing)
 .debug_str     0x0000000000059dea      0x3ce /home/yang0902/RIOT/examples/Task_2/bin/avr-rss2/avr_libc_extra/avr8_stdio.o
                                      0x134a3 (size before relaxing)
 .debug_str     0x000000000005a1b8       0xaa /home/yang0902/RIOT/examples/Task_2/bin/avr-rss2/board/led_init.o
                                      0x12b41 (size before relaxing)
 .debug_str     0x000000000005a262       0xb6 /home/yang0902/RIOT/examples/Task_2/bin/avr-rss2/board_common_init/board_common.o
                                      0x12b58 (size before relaxing)
 .debug_str     0x000000000005a318      0x159 /home/yang0902/RIOT/examples/Task_2/bin/avr-rss2/core/mutex.o
                                      0x128c7 (size before relaxing)
 .debug_str     0x000000000005a471      0x635 /home/yang0902/RIOT/examples/Task_2/bin/avr-rss2/core/sched.o
                                      0x12a03 (size before relaxing)
 .debug_str     0x000000000005aaa6      0x28c /home/yang0902/RIOT/examples/Task_2/bin/avr-rss2/core/thread.o
                                      0x12c9d (size before relaxing)
 .debug_str     0x000000000005ad32       0xcb /home/yang0902/RIOT/examples/Task_2/bin/avr-rss2/core_lib/assert.o
                                      0x1238f (size before relaxing)
 .debug_str     0x000000000005adfd      0x106 /home/yang0902/RIOT/examples/Task_2/bin/avr-rss2/core_lib/init.o
                                      0x139ff (size before relaxing)
 .debug_str     0x000000000005af03       0xaa /home/yang0902/RIOT/examples/Task_2/bin/avr-rss2/core_lib/panic.o
                                      0x12a50 (size before relaxing)
 .debug_str     0x000000000005afad       0xc9 /home/yang0902/RIOT/examples/Task_2/bin/avr-rss2/frac/frac.o
                                      0x11fbe (size before relaxing)
 .debug_str     0x000000000005b076      0x11a /home/yang0902/RIOT/examples/Task_2/bin/avr-rss2/isrpipe/isrpipe.o
                                      0x12257 (size before relaxing)
 .debug_str     0x000000000005b190       0xb6 /home/yang0902/RIOT/examples/Task_2/bin/avr-rss2/periph_common/init.o
                                      0x12878 (size before relaxing)
 .debug_str     0x000000000005b246       0xdd /home/yang0902/RIOT/examples/Task_2/bin/avr-rss2/pm_layered/pm.o
                                      0x12eee (size before relaxing)
 .debug_str     0x000000000005b323      0x3eb /home/yang0902/RIOT/examples/Task_2/bin/avr-rss2/shell/shell.o
                                      0x13960 (size before relaxing)
 .debug_str     0x000000000005b70e      0x1fe /home/yang0902/RIOT/examples/Task_2/bin/avr-rss2/stdio/stdio.o
                                      0x12e1b (size before relaxing)
 .debug_str     0x000000000005b90c       0xe2 /home/yang0902/RIOT/examples/Task_2/bin/avr-rss2/stdio_uart/stdio_uart.o
                                      0x13b89 (size before relaxing)
 .debug_str     0x000000000005b9ee       0xc4 /home/yang0902/RIOT/examples/Task_2/bin/avr-rss2/tsrb/tsrb.o
                                      0x12131 (size before relaxing)
 .debug_str     0x000000000005bab2      0x167 /home/yang0902/RIOT/examples/Task_2/bin/avr-rss2/ztimer_core/convert.o
                                      0x11ff1 (size before relaxing)
 .debug_str     0x000000000005bc19      0x1c9 /home/yang0902/RIOT/examples/Task_2/bin/avr-rss2/ztimer_core/convert_frac.o
                                      0x12689 (size before relaxing)
 .debug_str     0x000000000005bde2      0x13b /home/yang0902/RIOT/examples/Task_2/bin/avr-rss2/ztimer_core/core.o
                                      0x13098 (size before relaxing)
 .debug_str     0x000000000005bf1d      0x542 /home/yang0902/RIOT/examples/Task_2/bin/avr-rss2/ztimer_core/init.o
                                      0x13594 (size before relaxing)
 .debug_str     0x000000000005c45f      0x139 /home/yang0902/RIOT/examples/Task_2/bin/avr-rss2/ztimer_core/periph_timer.o
                                      0x12d9a (size before relaxing)
 .debug_str     0x000000000005c598      0x4c9 /home/yang0902/RIOT/examples/Task_2/bin/avr-rss2/ztimer_core/util.o
                                      0x138df (size before relaxing)

.debug_loc      0x0000000000000000     0x88f8
 *(.debug_loc)
 .debug_loc     0x0000000000000000      0x269 /home/yang0902/RIOT/examples/Task_2/bin/avr-rss2/application_hello-world/main.o
 .debug_loc     0x0000000000000269      0x1f8 /home/yang0902/RIOT/examples/Task_2/bin/avr-rss2/atmega_common/atmega_cpu.o
 .debug_loc     0x0000000000000461      0xf27 /home/yang0902/RIOT/examples/Task_2/bin/avr-rss2/atmega_common_periph/timer.o
 .debug_loc     0x0000000000001388      0x6c8 /home/yang0902/RIOT/examples/Task_2/bin/avr-rss2/atmega_common_periph/uart.o
 .debug_loc     0x0000000000001a50       0xbf /home/yang0902/RIOT/examples/Task_2/bin/avr-rss2/auto_init/auto_init.o
 .debug_loc     0x0000000000001b0f      0x102 /home/yang0902/RIOT/examples/Task_2/bin/avr-rss2/avr8_common/avr8_cpu.o
 .debug_loc     0x0000000000001c11      0x3f2 /home/yang0902/RIOT/examples/Task_2/bin/avr-rss2/avr8_common/thread_arch.o
 .debug_loc     0x0000000000002003       0x9e /home/yang0902/RIOT/examples/Task_2/bin/avr-rss2/avr8_common_periph/pm.o
 .debug_loc     0x00000000000020a1       0xfb /home/yang0902/RIOT/examples/Task_2/bin/avr-rss2/avr_libc_extra/avr8_stdio.o
 .debug_loc     0x000000000000219c      0x776 /home/yang0902/RIOT/examples/Task_2/bin/avr-rss2/core/mutex.o
 .debug_loc     0x0000000000002912      0x6ba /home/yang0902/RIOT/examples/Task_2/bin/avr-rss2/core/sched.o
 .debug_loc     0x0000000000002fcc      0x9fe /home/yang0902/RIOT/examples/Task_2/bin/avr-rss2/core/thread.o
 .debug_loc     0x00000000000039ca      0x149 /home/yang0902/RIOT/examples/Task_2/bin/avr-rss2/core_lib/assert.o
 .debug_loc     0x0000000000003b13       0x62 /home/yang0902/RIOT/examples/Task_2/bin/avr-rss2/core_lib/init.o
 .debug_loc     0x0000000000003b75       0xb9 /home/yang0902/RIOT/examples/Task_2/bin/avr-rss2/core_lib/panic.o
 .debug_loc     0x0000000000003c2e      0x82a /home/yang0902/RIOT/examples/Task_2/bin/avr-rss2/frac/frac.o
 .debug_loc     0x0000000000004458      0x4a8 /home/yang0902/RIOT/examples/Task_2/bin/avr-rss2/isrpipe/isrpipe.o
 .debug_loc     0x0000000000004900      0x1c4 /home/yang0902/RIOT/examples/Task_2/bin/avr-rss2/pm_layered/pm.o
 .debug_loc     0x0000000000004ac4      0xb5d /home/yang0902/RIOT/examples/Task_2/bin/avr-rss2/shell/shell.o
 .debug_loc     0x0000000000005621       0x92 /home/yang0902/RIOT/examples/Task_2/bin/avr-rss2/stdio/stdio.o
 .debug_loc     0x00000000000056b3      0x191 /home/yang0902/RIOT/examples/Task_2/bin/avr-rss2/stdio_uart/stdio_uart.o
 .debug_loc     0x0000000000005844      0xa98 /home/yang0902/RIOT/examples/Task_2/bin/avr-rss2/tsrb/tsrb.o
 .debug_loc     0x00000000000062dc      0x130 /home/yang0902/RIOT/examples/Task_2/bin/avr-rss2/ztimer_core/convert.o
 .debug_loc     0x000000000000640c      0x459 /home/yang0902/RIOT/examples/Task_2/bin/avr-rss2/ztimer_core/convert_frac.o
 .debug_loc     0x0000000000006865      0xd9c /home/yang0902/RIOT/examples/Task_2/bin/avr-rss2/ztimer_core/core.o
 .debug_loc     0x0000000000007601       0x49 /home/yang0902/RIOT/examples/Task_2/bin/avr-rss2/ztimer_core/init.o
 .debug_loc     0x000000000000764a      0x418 /home/yang0902/RIOT/examples/Task_2/bin/avr-rss2/ztimer_core/periph_timer.o
 .debug_loc     0x0000000000007a62      0xe96 /home/yang0902/RIOT/examples/Task_2/bin/avr-rss2/ztimer_core/util.o

.debug_macinfo
 *(.debug_macinfo)

.debug_weaknames
 *(.debug_weaknames)

.debug_funcnames
 *(.debug_funcnames)

.debug_typenames
 *(.debug_typenames)

.debug_varnames
 *(.debug_varnames)

.debug_pubtypes
 *(.debug_pubtypes)

.debug_ranges   0x0000000000000000      0xa38
 *(.debug_ranges)
 .debug_ranges  0x0000000000000000       0x88 /home/yang0902/RIOT/examples/Task_2/bin/avr-rss2/application_hello-world/main.o
 .debug_ranges  0x0000000000000088       0x28 /home/yang0902/RIOT/examples/Task_2/bin/avr-rss2/atmega_common/atmega_cpu.o
 .debug_ranges  0x00000000000000b0       0xb0 /home/yang0902/RIOT/examples/Task_2/bin/avr-rss2/atmega_common_periph/timer.o
 .debug_ranges  0x0000000000000160       0x98 /home/yang0902/RIOT/examples/Task_2/bin/avr-rss2/atmega_common_periph/uart.o
 .debug_ranges  0x00000000000001f8       0x28 /home/yang0902/RIOT/examples/Task_2/bin/avr-rss2/auto_init/auto_init.o
 .debug_ranges  0x0000000000000220       0x20 /home/yang0902/RIOT/examples/Task_2/bin/avr-rss2/avr8_common/avr8_cpu.o
 .debug_ranges  0x0000000000000240       0x20 /home/yang0902/RIOT/examples/Task_2/bin/avr-rss2/avr8_common/startup.o
 .debug_ranges  0x0000000000000260       0x30 /home/yang0902/RIOT/examples/Task_2/bin/avr-rss2/avr8_common/thread_arch.o
 .debug_ranges  0x0000000000000290       0x10 /home/yang0902/RIOT/examples/Task_2/bin/avr-rss2/avr8_common_periph/pm.o
 .debug_ranges  0x00000000000002a0       0x20 /home/yang0902/RIOT/examples/Task_2/bin/avr-rss2/avr_libc_extra/avr8_stdio.o
 .debug_ranges  0x00000000000002c0       0x10 /home/yang0902/RIOT/examples/Task_2/bin/avr-rss2/board/led_init.o
 .debug_ranges  0x00000000000002d0       0x10 /home/yang0902/RIOT/examples/Task_2/bin/avr-rss2/board_common_init/board_common.o
 .debug_ranges  0x00000000000002e0       0x60 /home/yang0902/RIOT/examples/Task_2/bin/avr-rss2/core/mutex.o
 .debug_ranges  0x0000000000000340      0x128 /home/yang0902/RIOT/examples/Task_2/bin/avr-rss2/core/sched.o
 .debug_ranges  0x0000000000000468       0x60 /home/yang0902/RIOT/examples/Task_2/bin/avr-rss2/core/thread.o
 .debug_ranges  0x00000000000004c8       0x20 /home/yang0902/RIOT/examples/Task_2/bin/avr-rss2/core_lib/assert.o
 .debug_ranges  0x00000000000004e8       0x28 /home/yang0902/RIOT/examples/Task_2/bin/avr-rss2/core_lib/init.o
 .debug_ranges  0x0000000000000510       0x20 /home/yang0902/RIOT/examples/Task_2/bin/avr-rss2/core_lib/panic.o
 .debug_ranges  0x0000000000000530       0x80 /home/yang0902/RIOT/examples/Task_2/bin/avr-rss2/frac/frac.o
 .debug_ranges  0x00000000000005b0       0x28 /home/yang0902/RIOT/examples/Task_2/bin/avr-rss2/isrpipe/isrpipe.o
 .debug_ranges  0x00000000000005d8       0x10 /home/yang0902/RIOT/examples/Task_2/bin/avr-rss2/periph_common/init.o
 .debug_ranges  0x00000000000005e8       0x30 /home/yang0902/RIOT/examples/Task_2/bin/avr-rss2/pm_layered/pm.o
 .debug_ranges  0x0000000000000618      0x158 /home/yang0902/RIOT/examples/Task_2/bin/avr-rss2/shell/shell.o
 .debug_ranges  0x0000000000000770       0x20 /home/yang0902/RIOT/examples/Task_2/bin/avr-rss2/stdio/stdio.o
 .debug_ranges  0x0000000000000790       0x28 /home/yang0902/RIOT/examples/Task_2/bin/avr-rss2/stdio_uart/stdio_uart.o
 .debug_ranges  0x00000000000007b8       0x58 /home/yang0902/RIOT/examples/Task_2/bin/avr-rss2/tsrb/tsrb.o
 .debug_ranges  0x0000000000000810       0x20 /home/yang0902/RIOT/examples/Task_2/bin/avr-rss2/ztimer_core/convert.o
 .debug_ranges  0x0000000000000830       0x38 /home/yang0902/RIOT/examples/Task_2/bin/avr-rss2/ztimer_core/convert_frac.o
 .debug_ranges  0x0000000000000868       0xe0 /home/yang0902/RIOT/examples/Task_2/bin/avr-rss2/ztimer_core/core.o
 .debug_ranges  0x0000000000000948       0x10 /home/yang0902/RIOT/examples/Task_2/bin/avr-rss2/ztimer_core/init.o
 .debug_ranges  0x0000000000000958       0x48 /home/yang0902/RIOT/examples/Task_2/bin/avr-rss2/ztimer_core/periph_timer.o
 .debug_ranges  0x00000000000009a0       0x98 /home/yang0902/RIOT/examples/Task_2/bin/avr-rss2/ztimer_core/util.o

.debug_addr
 *(.debug_addr)

.debug_line_str
 *(.debug_line_str)

.debug_loclists
 *(.debug_loclists)

.debug_macro    0x0000000000000000    0x3434e
 *(.debug_macro)
 .debug_macro   0x0000000000000000      0x3a1 /home/yang0902/RIOT/examples/Task_2/bin/avr-rss2/application_hello-world/main.o
 .debug_macro   0x00000000000003a1      0xb80 /home/yang0902/RIOT/examples/Task_2/bin/avr-rss2/application_hello-world/main.o
 .debug_macro   0x0000000000000f21      0x1f6 /home/yang0902/RIOT/examples/Task_2/bin/avr-rss2/application_hello-world/main.o
 .debug_macro   0x0000000000001117      0x1c9 /home/yang0902/RIOT/examples/Task_2/bin/avr-rss2/application_hello-world/main.o
 .debug_macro   0x00000000000012e0      0x2fc /home/yang0902/RIOT/examples/Task_2/bin/avr-rss2/application_hello-world/main.o
 .debug_macro   0x00000000000015dc       0x1c /home/yang0902/RIOT/examples/Task_2/bin/avr-rss2/application_hello-world/main.o
 .debug_macro   0x00000000000015f8       0x58 /home/yang0902/RIOT/examples/Task_2/bin/avr-rss2/application_hello-world/main.o
 .debug_macro   0x0000000000001650       0x10 /home/yang0902/RIOT/examples/Task_2/bin/avr-rss2/application_hello-world/main.o
 .debug_macro   0x0000000000001660       0x97 /home/yang0902/RIOT/examples/Task_2/bin/avr-rss2/application_hello-world/main.o
 .debug_macro   0x00000000000016f7       0xf2 /home/yang0902/RIOT/examples/Task_2/bin/avr-rss2/application_hello-world/main.o
 .debug_macro   0x00000000000017e9       0x16 /home/yang0902/RIOT/examples/Task_2/bin/avr-rss2/application_hello-world/main.o
 .debug_macro   0x00000000000017ff       0x20 /home/yang0902/RIOT/examples/Task_2/bin/avr-rss2/application_hello-world/main.o
 .debug_macro   0x000000000000181f       0x16 /home/yang0902/RIOT/examples/Task_2/bin/avr-rss2/application_hello-world/main.o
 .debug_macro   0x0000000000001835       0xaa /home/yang0902/RIOT/examples/Task_2/bin/avr-rss2/application_hello-world/main.o
 .debug_macro   0x00000000000018df     0x37da /home/yang0902/RIOT/examples/Task_2/bin/avr-rss2/application_hello-world/main.o
 .debug_macro   0x00000000000050b9      0x219 /home/yang0902/RIOT/examples/Task_2/bin/avr-rss2/application_hello-world/main.o
 .debug_macro   0x00000000000052d2       0xd9 /home/yang0902/RIOT/examples/Task_2/bin/avr-rss2/application_hello-world/main.o
 .debug_macro   0x00000000000053ab       0x34 /home/yang0902/RIOT/examples/Task_2/bin/avr-rss2/application_hello-world/main.o
 .debug_macro   0x00000000000053df       0x18 /home/yang0902/RIOT/examples/Task_2/bin/avr-rss2/application_hello-world/main.o
 .debug_macro   0x00000000000053f7       0x6c /home/yang0902/RIOT/examples/Task_2/bin/avr-rss2/application_hello-world/main.o
 .debug_macro   0x0000000000005463      0x10d /home/yang0902/RIOT/examples/Task_2/bin/avr-rss2/application_hello-world/main.o
 .debug_macro   0x0000000000005570       0x7c /home/yang0902/RIOT/examples/Task_2/bin/avr-rss2/application_hello-world/main.o
 .debug_macro   0x00000000000055ec       0x2e /home/yang0902/RIOT/examples/Task_2/bin/avr-rss2/application_hello-world/main.o
 .debug_macro   0x000000000000561a       0x2e /home/yang0902/RIOT/examples/Task_2/bin/avr-rss2/application_hello-world/main.o
 .debug_macro   0x0000000000005648       0x10 /home/yang0902/RIOT/examples/Task_2/bin/avr-rss2/application_hello-world/main.o
 .debug_macro   0x0000000000005658       0x2b /home/yang0902/RIOT/examples/Task_2/bin/avr-rss2/application_hello-world/main.o
 .debug_macro   0x0000000000005683       0x4a /home/yang0902/RIOT/examples/Task_2/bin/avr-rss2/application_hello-world/main.o
 .debug_macro   0x00000000000056cd       0xfd /home/yang0902/RIOT/examples/Task_2/bin/avr-rss2/application_hello-world/main.o
 .debug_macro   0x00000000000057ca       0x16 /home/yang0902/RIOT/examples/Task_2/bin/avr-rss2/application_hello-world/main.o
 .debug_macro   0x00000000000057e0       0x10 /home/yang0902/RIOT/examples/Task_2/bin/avr-rss2/application_hello-world/main.o
 .debug_macro   0x00000000000057f0       0x35 /home/yang0902/RIOT/examples/Task_2/bin/avr-rss2/application_hello-world/main.o
 .debug_macro   0x0000000000005825      0x175 /home/yang0902/RIOT/examples/Task_2/bin/avr-rss2/application_hello-world/main.o
 .debug_macro   0x000000000000599a       0x16 /home/yang0902/RIOT/examples/Task_2/bin/avr-rss2/application_hello-world/main.o
 .debug_macro   0x00000000000059b0       0x75 /home/yang0902/RIOT/examples/Task_2/bin/avr-rss2/application_hello-world/main.o
 .debug_macro   0x0000000000005a25       0x22 /home/yang0902/RIOT/examples/Task_2/bin/avr-rss2/application_hello-world/main.o
 .debug_macro   0x0000000000005a47       0x3e /home/yang0902/RIOT/examples/Task_2/bin/avr-rss2/application_hello-world/main.o
 .debug_macro   0x0000000000005a85       0x12 /home/yang0902/RIOT/examples/Task_2/bin/avr-rss2/application_hello-world/main.o
 .debug_macro   0x0000000000005a97       0x3c /home/yang0902/RIOT/examples/Task_2/bin/avr-rss2/application_hello-world/main.o
 .debug_macro   0x0000000000005ad3       0x35 /home/yang0902/RIOT/examples/Task_2/bin/avr-rss2/application_hello-world/main.o
 .debug_macro   0x0000000000005b08       0x70 /home/yang0902/RIOT/examples/Task_2/bin/avr-rss2/application_hello-world/main.o
 .debug_macro   0x0000000000005b78      0x10c /home/yang0902/RIOT/examples/Task_2/bin/avr-rss2/application_hello-world/main.o
 .debug_macro   0x0000000000005c84       0x1c /home/yang0902/RIOT/examples/Task_2/bin/avr-rss2/application_hello-world/main.o
 .debug_macro   0x0000000000005ca0       0x6f /home/yang0902/RIOT/examples/Task_2/bin/avr-rss2/application_hello-world/main.o